Archive member included to satisfy reference by file (symbol)

C:/devkitPro/libogc/lib/wii\libwiiuse.a(wpad.o)
                              automated-snake.o (WPAD_SetDataFormat)
C:/devkitPro/libogc/lib/wii\libwiiuse.a(motion_plus.o)
                              C:/devkitPro/libogc/lib/wii\libwiiuse.a(wpad.o) (wiiuse_set_motion_plus)
C:/devkitPro/libogc/lib/wii\libwiiuse.a(dynamics.o)
                              C:/devkitPro/libogc/lib/wii\libwiiuse.a(wpad.o) (calculate_gforce)
C:/devkitPro/libogc/lib/wii\libwiiuse.a(io.o)
                              C:/devkitPro/libogc/lib/wii\libwiiuse.a(motion_plus.o) (wiiuse_disable_expansion)
C:/devkitPro/libogc/lib/wii\libwiiuse.a(io_wii.o)
                              C:/devkitPro/libogc/lib/wii\libwiiuse.a(wpad.o) (__wiiuse_sensorbar_enable)
C:/devkitPro/libogc/lib/wii\libwiiuse.a(ir.o)
                              C:/devkitPro/libogc/lib/wii\libwiiuse.a(motion_plus.o) (wiiuse_set_ir_mode)
C:/devkitPro/libogc/lib/wii\libwiiuse.a(nunchuk.o)
                              C:/devkitPro/libogc/lib/wii\libwiiuse.a(io.o) (nunchuk_handshake)
C:/devkitPro/libogc/lib/wii\libwiiuse.a(wiiboard.o)
                              C:/devkitPro/libogc/lib/wii\libwiiuse.a(io.o) (wii_board_handshake)
C:/devkitPro/libogc/lib/wii\libwiiuse.a(wiiuse.o)
                              C:/devkitPro/libogc/lib/wii\libwiiuse.a(wpad.o) (wiiuse_init)
C:/devkitPro/libogc/lib/wii\libwiiuse.a(speaker.o)
                              C:/devkitPro/libogc/lib/wii\libwiiuse.a(wpad.o) (wencdata)
C:/devkitPro/libogc/lib/wii\libwiiuse.a(classic.o)
                              C:/devkitPro/libogc/lib/wii\libwiiuse.a(io.o) (classic_ctrl_handshake)
C:/devkitPro/libogc/lib/wii\libwiiuse.a(events.o)
                              C:/devkitPro/libogc/lib/wii\libwiiuse.a(io_wii.o) (parse_event)
C:/devkitPro/libogc/lib/wii\libwiiuse.a(guitar_hero_3.o)
                              C:/devkitPro/libogc/lib/wii\libwiiuse.a(io.o) (guitar_hero_3_handshake)
C:/devkitPro/libogc/lib/wii\libbte.a(bte.o)
                              C:/devkitPro/libogc/lib/wii\libwiiuse.a(wpad.o) (BTE_Init)
C:/devkitPro/libogc/lib/wii\libbte.a(hci.o)
                              C:/devkitPro/libogc/lib/wii\libbte.a(bte.o) (hci_init)
C:/devkitPro/libogc/lib/wii\libbte.a(l2cap.o)
                              C:/devkitPro/libogc/lib/wii\libbte.a(bte.o) (l2cap_init)
C:/devkitPro/libogc/lib/wii\libbte.a(btmemb.o)
                              C:/devkitPro/libogc/lib/wii\libbte.a(bte.o) (btmemb_init)
C:/devkitPro/libogc/lib/wii\libbte.a(btmemr.o)
                              C:/devkitPro/libogc/lib/wii\libbte.a(hci.o) (btmemr_init)
C:/devkitPro/libogc/lib/wii\libbte.a(btpbuf.o)
                              C:/devkitPro/libogc/lib/wii\libbte.a(hci.o) (btpbuf_init)
C:/devkitPro/libogc/lib/wii\libbte.a(physbusif.o)
                              C:/devkitPro/libogc/lib/wii\libbte.a(bte.o) (physbusif_init)
C:/devkitPro/libogc/lib/wii\libogc.a(console.o)
                              automated-snake.o (CON_Init)
C:/devkitPro/libogc/lib/wii\libogc.a(lwp_queue.o)
                              C:/devkitPro/libogc/lib/wii\libwiiuse.a(io_wii.o) (__lwp_queue_initialize)
C:/devkitPro/libogc/lib/wii\libogc.a(lwp_threads.o)
                              C:/devkitPro/libogc/lib/wii\libwiiuse.a(wpad.o) (_thread_dispatch_disable_level)
C:/devkitPro/libogc/lib/wii\libogc.a(lwp.o)
                              C:/devkitPro/libogc/lib/wii\libbte.a(bte.o) (LWP_InitQueue)
C:/devkitPro/libogc/lib/wii\libogc.a(lwp_handler.o)
                              C:/devkitPro/libogc/lib/wii\libogc.a(lwp_threads.o) (_cpu_context_save_fp)
C:/devkitPro/libogc/lib/wii\libogc.a(lwp_stack.o)
                              C:/devkitPro/libogc/lib/wii\libogc.a(lwp_threads.o) (__lwp_stack_allocate)
C:/devkitPro/libogc/lib/wii\libogc.a(lwp_watchdog.o)
                              C:/devkitPro/libogc/lib/wii\libogc.a(lwp_threads.o) (_wd_ticks_queue)
C:/devkitPro/libogc/lib/wii\libogc.a(lwp_wkspace.o)
                              C:/devkitPro/libogc/lib/wii\libwiiuse.a(motion_plus.o) (__wkspace_heap)
C:/devkitPro/libogc/lib/wii\libogc.a(lwp_objmgr.o)
                              C:/devkitPro/libogc/lib/wii\libogc.a(lwp.o) (__lwp_objmgr_initinfo)
C:/devkitPro/libogc/lib/wii\libogc.a(lwp_heap.o)
                              C:/devkitPro/libogc/lib/wii\libogc.a(lwp_wkspace.o) (__lwp_heap_init)
C:/devkitPro/libogc/lib/wii\libogc.a(sys_state.o)
                              C:/devkitPro/libogc/lib/wii\libogc.a(lwp_threads.o) (_sys_state_curr)
C:/devkitPro/libogc/lib/wii\libogc.a(irq.o)
                              C:/devkitPro/libogc/lib/wii\libwiiuse.a(io_wii.o) (IRQ_Disable)
C:/devkitPro/libogc/lib/wii\libogc.a(video.o)
                              C:/devkitPro/libogc/lib/wii\libogc.a(console.o) (VIDEO_GetCurrentFramebuffer)
C:/devkitPro/libogc/lib/wii\libogc.a(system.o)
                              C:/devkitPro/libogc/lib/wii\libwiiuse.a(wpad.o) (__SYS_DoPowerCB)
[...]
Memory Configuration

Name             Origin             Length             Attributes
*default*        0x0000000000000000 0xffffffffffffffff

Linker script and memory map

                0x0000000000003400                . = 0x3400

.stub
 *(.stub)
                0x0000000080004000                . = 0x80004000

.init           0x0000000080004000      0x194
 *crt0.o(*.init)
 .init          0x0000000080004000      0x170 C:/devkitPro/libogc/lib/wii\libogc.a(ogc_crt0.o)
                0x0000000080004000                _start
                0x0000000080004140                _memset
 *(.init)
 .init          0x0000000080004170        0xc c:/devkitpro/devkitppc/bin/../lib/gcc/powerpc-eabi/8.3.0/ecrti.o
                0x0000000080004170                __init
 .init          0x000000008000417c        0x4 c:/devkitpro/devkitppc/bin/../lib/gcc/powerpc-eabi/8.3.0/crtbegin.o
 .init          0x0000000080004180        0x4 c:/devkitpro/devkitppc/bin/../lib/gcc/powerpc-eabi/8.3.0/crtend.o
 .init          0x0000000080004184       0x10 c:/devkitpro/devkitppc/bin/../lib/gcc/powerpc-eabi/8.3.0/ecrtn.o

.rela.dyn       0x0000000080004194        0x0
 .rela.iplt     0x0000000080004194        0x0 C:/devkitPro/libogc/lib/wii\libbte.a(l2cap.o)

.plt
 *(.plt)

.interp
 *(.interp)

.hash
 *(.hash)

.dynsym
 *(.dynsym)

.dynstr
 *(.dynstr)

.gnu.version
 *(.gnu.version)

.gnu.version_d
 *(.gnu.version_d)

.gnu.version_r
 *(.gnu.version_r)

.rel.init
 *(.rel.init)

.rela.init      0x0000000080004194        0x0
 *(.rela.init)
 .rela.init     0x0000000080004194        0x0 C:/devkitPro/libogc/lib/wii\libbte.a(l2cap.o)

.rel.text
 *(.rel.text .rel.text.* .rel.gnu.linkonce.t.*)

.rela.text      0x0000000080004194        0x0
 *(.rela.text .rela.text.* .rela.gnu.linkonce.t.*)
 .rela.text.deregister_tm_clones
                0x0000000080004194        0x0 C:/devkitPro/libogc/lib/wii\libbte.a(l2cap.o)
 .rela.text.register_tm_clones
                0x0000000080004194        0x0 C:/devkitPro/libogc/lib/wii\libbte.a(l2cap.o)
 .rela.text.__do_global_dtors_aux
                0x0000000080004194        0x0 C:/devkitPro/libogc/lib/wii\libbte.a(l2cap.o)
 .rela.text.frame_dummy
                0x0000000080004194        0x0 C:/devkitPro/libogc/lib/wii\libbte.a(l2cap.o)
 .rela.text.startup.main
                0x0000000080004194        0x0 C:/devkitPro/libogc/lib/wii\libbte.a(l2cap.o)
 .rela.text.wiiuse_handshake
                0x0000000080004194        0x0 C:/devkitPro/libogc/lib/wii\libbte.a(l2cap.o)
 .rela.text.wiiuse_handshake_expansion
                0x0000000080004194        0x0 C:/devkitPro/libogc/lib/wii\libbte.a(l2cap.o)
 .rela.text.wiiuse_init_cmd_queue
                0x0000000080004194        0x0 C:/devkitPro/libogc/lib/wii\libbte.a(l2cap.o)
 .rela.text.wiiuse_init
                0x0000000080004194        0x0 C:/devkitPro/libogc/lib/wii\libbte.a(l2cap.o)
 .rela.text.__lwp_thread_tickle_timeslice
                0x0000000080004194        0x0 C:/devkitPro/libogc/lib/wii\libbte.a(l2cap.o)
 .rela.text.__lwp_thread_setstate
                0x0000000080004194        0x0 C:/devkitPro/libogc/lib/wii\libbte.a(l2cap.o)
 .rela.text.__lwp_thread_changepriority
                0x0000000080004194        0x0 C:/devkitPro/libogc/lib/wii\libbte.a(l2cap.o)
 .rela.text.__lwp_thread_ready
                0x0000000080004194        0x0 C:/devkitPro/libogc/lib/wii\libbte.a(l2cap.o)
 .rela.text.__lwp_thread_init
                0x0000000080004194        0x0 C:/devkitPro/libogc/lib/wii\libbte.a(l2cap.o)
 .rela.text.__lwp_thread_close
                0x0000000080004194        0x0 C:/devkitPro/libogc/lib/wii\libbte.a(l2cap.o)
 .rela.text.__lwp_thread_closeall
                0x0000000080004194        0x0 C:/devkitPro/libogc/lib/wii\libbte.a(l2cap.o)
 .rela.text.__lwp_thread_startmultitasking
                0x0000000080004194        0x0 C:/devkitPro/libogc/lib/wii\libbte.a(l2cap.o)
 .rela.text.__lwp_thread_stopmultitasking
                0x0000000080004194        0x0 C:/devkitPro/libogc/lib/wii\libbte.a(l2cap.o)
 .rela.text.__lwp_thread_coreinit
                0x0000000080004194        0x0 C:/devkitPro/libogc/lib/wii\libbte.a(l2cap.o)
 .rela.text.__lwp_sysinit
                0x0000000080004194        0x0 C:/devkitPro/libogc/lib/wii\libbte.a(l2cap.o)
 .rela.text.LWP_InitQueue
                0x0000000080004194        0x0 C:/devkitPro/libogc/lib/wii\libbte.a(l2cap.o)
 .rela.text.LWP_CloseQueue
                0x0000000080004194        0x0 C:/devkitPro/libogc/lib/wii\libbte.a(l2cap.o)
 .rela.text.LWP_ThreadSleep
                0x0000000080004194        0x0 C:/devkitPro/libogc/lib/wii\libbte.a(l2cap.o)
 .rela.text.LWP_ThreadBroadcast
                0x0000000080004194        0x0 C:/devkitPro/libogc/lib/wii\libbte.a(l2cap.o)
 .rela.text.LWP_ThreadSignal
                0x0000000080004194        0x0 C:/devkitPro/libogc/lib/wii\libbte.a(l2cap.o)
 .rela.text.__lwp_stack_allocate
                0x0000000080004194        0x0 C:/devkitPro/libogc/lib/wii\libbte.a(l2cap.o)
 .rela.text.__lwp_stack_free
                0x0000000080004194        0x0 C:/devkitPro/libogc/lib/wii\libbte.a(l2cap.o)
 .rela.text.__lwp_watchdog_init
                0x0000000080004194        0x0 C:/devkitPro/libogc/lib/wii\libbte.a(l2cap.o)
 .rela.text.__lwp_wd_tickle
                0x0000000080004194        0x0 C:/devkitPro/libogc/lib/wii\libbte.a(l2cap.o)
 .rela.text.__lwp_wkspace_init
                0x0000000080004194        0x0 C:/devkitPro/libogc/lib/wii\libbte.a(l2cap.o)
 .rela.text.__lwp_objmgr_initinfo
                0x0000000080004194        0x0 C:/devkitPro/libogc/lib/wii\libbte.a(l2cap.o)
 .rela.text.__irq_init
                0x0000000080004194        0x0 C:/devkitPro/libogc/lib/wii\libbte.a(l2cap.o)
 .rela.text.__call_resetfuncs
                0x0000000080004194        0x0 C:/devkitPro/libogc/lib/wii\libbte.a(l2cap.o)
 .rela.text.__unlocksram
                0x0000000080004194        0x0 C:/devkitPro/libogc/lib/wii\libbte.a(l2cap.o)
 .rela.text.__sram_writecallback
                0x0000000080004194        0x0 C:/devkitPro/libogc/lib/wii\libbte.a(l2cap.o)
 .rela.text.__sys_alarmhandler
                0x0000000080004194        0x0 C:/devkitPro/libogc/lib/wii\libbte.a(l2cap.o)
 .rela.text.__sram_read.constprop.11
                0x0000000080004194        0x0 C:/devkitPro/libogc/lib/wii\libbte.a(l2cap.o)
 .rela.text.SYS_Init
                0x0000000080004194        0x0 C:/devkitPro/libogc/lib/wii\libbte.a(l2cap.o)
 .rela.text.SYS_SetAlarm
                0x0000000080004194        0x0 C:/devkitPro/libogc/lib/wii\libbte.a(l2cap.o)
 .rela.text.SYS_SetPeriodicAlarm
                0x0000000080004194        0x0 C:/devkitPro/libogc/lib/wii\libbte.a(l2cap.o)
 .rela.text.SYS_RemoveAlarm
                0x0000000080004194        0x0 C:/devkitPro/libogc/lib/wii\libbte.a(l2cap.o)
 .rela.text.SYS_CancelAlarm
                0x0000000080004194        0x0 C:/devkitPro/libogc/lib/wii\libbte.a(l2cap.o)
 .rela.text.SYS_SetWirelessID
                0x0000000080004194        0x0 C:/devkitPro/libogc/lib/wii\libbte.a(l2cap.o)
 .rela.text.SYS_GetWirelessID
                0x0000000080004194        0x0 C:/devkitPro/libogc/lib/wii\libbte.a(l2cap.o)
 .rela.text.__lwp_cond_init
                0x0000000080004194        0x0 C:/devkitPro/libogc/lib/wii\libbte.a(l2cap.o)
 .rela.text.c_decrementer_handler
                0x0000000080004194        0x0 C:/devkitPro/libogc/lib/wii\libbte.a(l2cap.o)
 .rela.text.__lwp_mqbox_init
                0x0000000080004194        0x0 C:/devkitPro/libogc/lib/wii\libbte.a(l2cap.o)
 .rela.text.__ios_ioctlvformat_parse
                0x0000000080004194        0x0 C:/devkitPro/libogc/lib/wii\libbte.a(l2cap.o)
 .rela.text.__ioctlvfmtCB
                0x0000000080004194        0x0 C:/devkitPro/libogc/lib/wii\libbte.a(l2cap.o)
 .rela.text.IOS_IoctlvFormat
                0x0000000080004194        0x0 C:/devkitPro/libogc/lib/wii\libbte.a(l2cap.o)
 .rela.text.__libogc_nanosleep
                0x0000000080004194        0x0 C:/devkitPro/libogc/lib/wii\libbte.a(l2cap.o)
 .rela.text.__libc_delete_hook
                0x0000000080004194        0x0 C:/devkitPro/libogc/lib/wii\libbte.a(l2cap.o)
 .rela.text.__libc_init
                0x0000000080004194        0x0 C:/devkitPro/libogc/lib/wii\libbte.a(l2cap.o)
 .rela.text.__CheckARGV
                0x0000000080004194        0x0 C:/devkitPro/libogc/lib/wii\libbte.a(l2cap.o)
 .rela.text.__lwp_priority_init
                0x0000000080004194        0x0 C:/devkitPro/libogc/lib/wii\libbte.a(l2cap.o)
 .rela.text.__lwp_threadqueue_enqueuefifo
                0x0000000080004194        0x0 C:/devkitPro/libogc/lib/wii\libbte.a(l2cap.o)
 .rela.text.__lwp_threadqueue_dequeuefifo
                0x0000000080004194        0x0 C:/devkitPro/libogc/lib/wii\libbte.a(l2cap.o)
 .rela.text.__lwp_threadqueue_enqueuepriority
                0x0000000080004194        0x0 C:/devkitPro/libogc/lib/wii\libbte.a(l2cap.o)
 .rela.text.__lwp_threadqueue_dequeuepriority
                0x0000000080004194        0x0 C:/devkitPro/libogc/lib/wii\libbte.a(l2cap.o)
 .rela.text.__lwp_threadqueue_enqueue
                0x0000000080004194        0x0 C:/devkitPro/libogc/lib/wii\libbte.a(l2cap.o)
 .rela.text.__lwp_threadqueue_extractfifo
                0x0000000080004194        0x0 C:/devkitPro/libogc/lib/wii\libbte.a(l2cap.o)
 .rela.text.__lwp_threadqueue_extractpriority
                0x0000000080004194        0x0 C:/devkitPro/libogc/lib/wii\libbte.a(l2cap.o)
 .rela.text.__exception_init
                0x0000000080004194        0x0 C:/devkitPro/libogc/lib/wii\libbte.a(l2cap.o)
 .rela.text.__exception_close
                0x0000000080004194        0x0 C:/devkitPro/libogc/lib/wii\libbte.a(l2cap.o)
 .rela.text     0x0000000080004194        0x0 C:/devkitPro/libogc/lib/wii\libbte.a(l2cap.o)
 .rela.text.__lwp_sema_init
                0x0000000080004194        0x0 C:/devkitPro/libogc/lib/wii\libbte.a(l2cap.o)
 .rela.text.__lwp_mutex_locksupp.constprop.8
                0x0000000080004194        0x0 C:/devkitPro/libogc/lib/wii\libbte.a(l2cap.o)
 .rela.text.__lwp_mutex_init
                0x0000000080004194        0x0 C:/devkitPro/libogc/lib/wii\libbte.a(l2cap.o)
 .rela.text.LWP_MutexInit
                0x0000000080004194        0x0 C:/devkitPro/libogc/lib/wii\libbte.a(l2cap.o)
 .rela.text.LWP_MutexDestroy
                0x0000000080004194        0x0 C:/devkitPro/libogc/lib/wii\libbte.a(l2cap.o)
 .rela.text.LWP_MutexUnlock
                0x0000000080004194        0x0 C:/devkitPro/libogc/lib/wii\libbte.a(l2cap.o)
 .rela.text.__GX_InitRevBits
                0x0000000080004194        0x0 C:/devkitPro/libogc/lib/wii\libbte.a(l2cap.o)
 .rela.text.__GX_CleanGPFifo
                0x0000000080004194        0x0 C:/devkitPro/libogc/lib/wii\libbte.a(l2cap.o)
 .rela.text.__SetSURegs
                0x0000000080004194        0x0 C:/devkitPro/libogc/lib/wii\libbte.a(l2cap.o)
 .rela.text.__GX_Abort
                0x0000000080004194        0x0 C:/devkitPro/libogc/lib/wii\libbte.a(l2cap.o)
 .rela.text.__GX_SetDirtyState
                0x0000000080004194        0x0 C:/devkitPro/libogc/lib/wii\libbte.a(l2cap.o)
 .rela.text.GX_Flush
                0x0000000080004194        0x0 C:/devkitPro/libogc/lib/wii\libbte.a(l2cap.o)
 .rela.text.GX_AbortFrame
                0x0000000080004194        0x0 C:/devkitPro/libogc/lib/wii\libbte.a(l2cap.o)
 .rela.text.kprintf
                0x0000000080004194        0x0 C:/devkitPro/libogc/lib/wii\libbte.a(l2cap.o)

.rel.fini
 *(.rel.fini)

.rela.fini
 *(.rela.fini)

.rel.rodata
 *(.rel.rodata .rel.rodata.* .rel.gnu.linkonce.r.*)

.rela.rodata
 *(.rela.rodata .rela.rodata.* .rela.gnu.linkonce.r.*)

.rel.data
 *(.rel.data .rel.data.* .rel.gnu.linkonce.d.*)

.rela.data
 *(.rela.data .rela.data.* .rela.gnu.linkonce.d.*)

.rel.tdata
 *(.rel.tdata .rel.tdata.* .rel.gnu.linkonce.td.*)

.rela.tdata
 *(.rela.tdata .rela.tdata.* .rela.gnu.linkonce.td.*)

.rel.tbss
 *(.rel.tbss .rel.tbss.* .rel.gnu.linkonce.tb.*)

.rela.tbss
 *(.rela.tbss .rela.tbss.* .rela.gnu.linkonce.tb.*)

.rel.ctors
 *(.rel.ctors)

.rela.ctors
 *(.rela.ctors)

.rel.dtors
 *(.rel.dtors)

.rela.dtors
 *(.rela.dtors)

.rel.got
 *(.rel.got)

.rela.got
 *(.rela.got)

.rela.got1
 *(.rela.got1)

.rela.got2
 *(.rela.got2)

.rel.sdata
 *(.rel.sdata .rel.sdata.* .rel.gnu.linkonce.s.*)

.rela.sdata
 *(.rela.sdata .rela.sdata.* .rela.gnu.linkonce.s.*)

.rel.sbss
 *(.rel.sbss .rel.sbss.* .rel.gnu.linkonce.sb.*)

.rela.sbss
 *(.rela.sbss .rela.sbss.* .rel.gnu.linkonce.sb.*)

.rel.sdata2
 *(.rel.sdata2 .rel.sdata2.* .rel.gnu.linkonce.s2.*)

.rela.sdata2    0x0000000080004194        0x0
 *(.rela.sdata2 .rela.sdata2.* .rela.gnu.linkonce.s2.*)
 .rela.sdata2.__sys_inIPL
                0x0000000080004194        0x0 C:/devkitPro/libogc/lib/wii\libbte.a(l2cap.o)

.rel.sbss2
 *(.rel.sbss2 .rel.sbss2.* .rel.gnu.linkonce.sb2.*)

.rela.sbss2
 *(.rela.sbss2 .rela.sbss2.* .rela.gnu.linkonce.sb2.*)

.rel.bss
 *(.rel.bss .rel.bss.* .rel.gnu.linkonce.b.*)

.rela.bss
 *(.rela.bss .rela.bss.* .rela.gnu.linkonce.b.*)

.rel.plt
 *(.rel.plt)

.rela.plt
 *(.rela.plt)

.text           0x00000000800041a0    0x382a0
 *(.text)
 .text          0x00000000800041a0      0x44c C:/devkitPro/libogc/lib/wii\libogc.a(lwp_handler.o)
                0x00000000800041a0                _cpu_context_save_fp
                0x00000000800042e0                _cpu_context_restore_fp
                0x0000000080004420                _cpu_context_switch
                0x0000000080004500                _cpu_context_save
                0x0000000080004580                _cpu_context_restore
 .text          0x00000000800045ec      0x4a0 C:/devkitPro/libogc/lib/wii\libogc.a(system_asm.o)
                0x00000000800045ec                __realmode
                0x0000000080004604                __configBATS
                0x0000000080004734                __InitFPRS
                0x0000000080004860                __InitPS
                0x00000000800048bc                __InitCache
                0x0000000080004914                __InitSystem
                0x000000008000499c                __flush_cache
                0x00000000800049d0                __reset
                0x0000000080004a40                __InitBATS
                0x0000000080004a5c                SYS_SwitchFiber
 .text          0x0000000080004a8c      0x1ac C:/devkitPro/libogc/lib/wii\libogc.a(irq_handler.o)
                0x0000000080004a8c                irq_exceptionhandler
 .text          0x0000000080004c38      0x118 C:/devkitPro/libogc/lib/wii\libogc.a(video_asm.o)
                0x0000000080004c38                __VIClearFramebuffer
 .text          0x0000000080004d50      0x4f4 C:/devkitPro/libogc/lib/wii\libogc.a(cache_asm.o)
                0x0000000080004d50                DCFlashInvalidate
                0x0000000080004d64                DCEnable
                0x0000000080004d78                DCDisable
                0x0000000080004d8c                DCFreeze
                0x0000000080004da0                DCUnfreeze
                0x0000000080004db4                DCTouchLoad
                0x0000000080004dbc                DCBlockZero
                0x0000000080004dc4                DCBlockStore
                0x0000000080004dcc                DCBlockFlush
                0x0000000080004dd4                DCBlockInvalidate
                0x0000000080004ddc                DCInvalidateRange
                0x0000000080004e0c                DCFlushRange
                0x0000000080004e40                DCStoreRange
                0x0000000080004e74                DCFlushRangeNoSync
                0x0000000080004ea4                DCStoreRangeNoSync
                0x0000000080004ed4                DCZeroRange
                0x0000000080004f04                DCTouchRange
                0x0000000080004f34                ICInvalidateRange
                0x0000000080004f6c                ICFlashInvalidate
                0x0000000080004f80                ICEnable
                0x0000000080004f94                ICDisable
                0x0000000080004fa8                ICFreeze
                0x0000000080004fbc                ICUnfreeze
                0x0000000080004fd0                ICBlockInvalidate
                0x0000000080004fd8                ICSync
                0x0000000080004fe0                L2Init
                0x0000000080005028                L2Enable
                0x0000000080005044                L2Disable
                0x000000008000505c                L2GlobalInvalidate
                0x00000000800050b4                __LCEnable
                0x0000000080005180                LCDisable
                0x00000000800051a8                LCAllocOneTag
                0x00000000800051bc                LCAllocTags
                0x00000000800051fc                LCLoadBlocks
                0x0000000080005220                LCStoreBlocks
 .text          0x0000000080005244      0x1ac C:/devkitPro/libogc/lib/wii\libogc.a(decrementer_handler.o)
                0x0000000080005244                dec_exceptionhandler
 .text          0x00000000800053f0      0x35c C:/devkitPro/libogc/lib/wii\libogc.a(exception_handler.o)
                0x00000000800053f0                exceptionhandler_start
                0x000000008000546c                exceptionhandler_patch
                0x00000000800054a0                exceptionhandler_end
                0x00000000800054a4                default_exceptionhandler
                0x00000000800055d4                fpu_exceptionhandler
                0x000000008000571c                systemcallhandler_start
                0x0000000080005748                systemcallhandler_end
 .text          0x000000008000574c       0x48 c:/devkitpro/devkitppc/bin/../lib/gcc/powerpc-eabi/8.3.0\libgcc.a(eabi.o)
                0x000000008000574c                __eabi
 *(.text.*)
 .text.deregister_tm_clones
                0x0000000080005794       0x30 c:/devkitpro/devkitppc/bin/../lib/gcc/powerpc-eabi/8.3.0/crtbegin.o
 .text.register_tm_clones
                0x00000000800057c4       0x3c c:/devkitpro/devkitppc/bin/../lib/gcc/powerpc-eabi/8.3.0/crtbegin.o
 .text.__do_global_dtors_aux
                0x0000000080005800       0xd0 c:/devkitpro/devkitppc/bin/../lib/gcc/powerpc-eabi/8.3.0/crtbegin.o
 .text.frame_dummy
                0x00000000800058d0       0x44 c:/devkitpro/devkitppc/bin/../lib/gcc/powerpc-eabi/8.3.0/crtbegin.o
 .text.__crtmain
                0x0000000080005914       0x44 c:/devkitpro/devkitppc/bin/../lib/gcc/powerpc-eabi/8.3.0/../../../../powerpc-eabi/lib/crtmain.o
                0x0000000080005918                __crtmain
 .text.drawBox  0x0000000080005958      0x104 automated-snake.o
                0x0000000080005958                drawBox
 .text.startup.main
                0x0000000080005a5c      0x844 automated-snake.o
                0x0000000080005a5c                main
 .text.__wpad_assign_slot
                0x00000000800062a0      0x210 C:/devkitPro/libogc/lib/wii\libwiiuse.a(wpad.o)
                0x00000000800062a0                __wpad_assign_slot
 .text.__wpad_def_powcb
                0x00000000800064b0        0x4 C:/devkitPro/libogc/lib/wii\libwiiuse.a(wpad.o)
 .text.__wpad_disconnect
                0x00000000800064b4       0x44 C:/devkitPro/libogc/lib/wii\libwiiuse.a(wpad.o)
 .text.__readlinkkey_finished
                0x00000000800064f8       0x34 C:/devkitPro/libogc/lib/wii\libwiiuse.a(wpad.o)
 .text.__wpad_patch_finished
                0x000000008000652c       0x2c C:/devkitPro/libogc/lib/wii\libwiiuse.a(wpad.o)
 .text.__wpad_setfmt
                0x0000000080006558      0x158 C:/devkitPro/libogc/lib/wii\libwiiuse.a(wpad.o)
 .text.__wpad_eventCB
                0x00000000800066b0      0xa1c C:/devkitPro/libogc/lib/wii\libwiiuse.a(wpad.o)
 .text.__wpad_disconnectCB
                0x00000000800070cc       0xcc C:/devkitPro/libogc/lib/wii\libwiiuse.a(wpad.o)
                0x00000000800070cc                __wpad_disconnectCB
 .text.__wpad_timeouthandler
                0x0000000080007198       0xb0 C:/devkitPro/libogc/lib/wii\libwiiuse.a(wpad.o)
 .text.__initcore_finished
                0x0000000080007248       0x48 C:/devkitPro/libogc/lib/wii\libwiiuse.a(wpad.o)
 .text.__wpad_init_finished
                0x0000000080007290      0x1ac C:/devkitPro/libogc/lib/wii\libwiiuse.a(wpad.o)
 .text.WPAD_ReadEvent
                0x000000008000743c      0x690 C:/devkitPro/libogc/lib/wii\libwiiuse.a(wpad.o)
                0x000000008000743c                WPAD_ReadEvent
 .text.WPAD_ReadPending
                0x0000000080007acc      0x148 C:/devkitPro/libogc/lib/wii\libwiiuse.a(wpad.o)
                0x0000000080007acc                WPAD_ReadPending
 .text.WPAD_ReadPending.part.5
                0x0000000080007c14       0x68 C:/devkitPro/libogc/lib/wii\libwiiuse.a(wpad.o)
 .text.WPAD_SetDataFormat
                0x0000000080007c7c      0x164 C:/devkitPro/libogc/lib/wii\libwiiuse.a(wpad.o)
                0x0000000080007c7c                WPAD_SetDataFormat
 .text.WPAD_SetVRes
                0x0000000080007de0      0x118 C:/devkitPro/libogc/lib/wii\libwiiuse.a(wpad.o)
                0x0000000080007de0                WPAD_SetVRes
 .text.WPAD_Shutdown
                0x0000000080007ef8       0xc8 C:/devkitPro/libogc/lib/wii\libwiiuse.a(wpad.o)
                0x0000000080007ef8                WPAD_Shutdown
 .text.WPAD_Init
                0x0000000080007fc0      0x2c4 C:/devkitPro/libogc/lib/wii\libwiiuse.a(wpad.o)
                0x0000000080007fc0                WPAD_Init
 .text.__wpad_onreset
                0x0000000080008284       0x34 C:/devkitPro/libogc/lib/wii\libwiiuse.a(wpad.o)
 .text.WPAD_ScanPads
                0x00000000800082b8        0x8 C:/devkitPro/libogc/lib/wii\libwiiuse.a(wpad.o)
                0x00000000800082b8                WPAD_ScanPads
 .text.WPAD_ButtonsDown
                0x00000000800082c0       0x28 C:/devkitPro/libogc/lib/wii\libwiiuse.a(wpad.o)
                0x00000000800082c0                WPAD_ButtonsDown
 .text.WPAD_IR  0x00000000800082e8       0x4c C:/devkitPro/libogc/lib/wii\libwiiuse.a(wpad.o)
                0x00000000800082e8                WPAD_IR
 .text.motion_plus_disconnected
                0x0000000080008334       0x10 C:/devkitPro/libogc/lib/wii\libwiiuse.a(motion_plus.o)
                0x0000000080008334                motion_plus_disconnected
 .text.motion_plus_event
                0x0000000080008344       0x64 C:/devkitPro/libogc/lib/wii\libwiiuse.a(motion_plus.o)
                0x0000000080008344                motion_plus_event
 .text.apply_smoothing.part.0
                0x00000000800083a8       0xa0 C:/devkitPro/libogc/lib/wii\libwiiuse.a(dynamics.o)
 .text.calculate_gforce
                0x0000000080008448      0x114 C:/devkitPro/libogc/lib/wii\libwiiuse.a(dynamics.o)
                0x0000000080008448                calculate_gforce
 .text.calc_joystick_state
                0x000000008000855c      0x20c C:/devkitPro/libogc/lib/wii\libwiiuse.a(dynamics.o)
                0x000000008000855c                calc_joystick_state
 .text.apply_smoothing
                0x0000000080008768       0xa4 C:/devkitPro/libogc/lib/wii\libwiiuse.a(dynamics.o)
                0x0000000080008768                apply_smoothing
 .text.calculate_orientation
                0x000000008000880c      0x31c C:/devkitPro/libogc/lib/wii\libwiiuse.a(dynamics.o)
                0x000000008000880c                calculate_orientation
 .text.calc_balanceboard_state
                0x0000000080008b28      0x394 C:/devkitPro/libogc/lib/wii\libwiiuse.a(dynamics.o)
                0x0000000080008b28                calc_balanceboard_state
 .text.wiiuse_handshake
                0x0000000080008ebc      0x278 C:/devkitPro/libogc/lib/wii\libwiiuse.a(io.o)
                0x0000000080008ebc                wiiuse_handshake
 .text.wiiuse_handshake_expansion
                0x0000000080009134      0x21c C:/devkitPro/libogc/lib/wii\libwiiuse.a(io.o)
                0x0000000080009134                wiiuse_handshake_expansion
 .text.wiiuse_handshake_expansion_start
                0x0000000080009350       0x24 C:/devkitPro/libogc/lib/wii\libwiiuse.a(io.o)
                0x0000000080009350                wiiuse_handshake_expansion_start
 .text.wiiuse_disable_expansion
                0x0000000080009374      0x1b0 C:/devkitPro/libogc/lib/wii\libwiiuse.a(io.o)
                0x0000000080009374                wiiuse_disable_expansion
 .text.__wiiuse_connected
                0x0000000080009524       0x9c C:/devkitPro/libogc/lib/wii\libwiiuse.a(io_wii.o)
 .text.__wiiuse_disconnected
                0x00000000800095c0       0xb4 C:/devkitPro/libogc/lib/wii\libwiiuse.a(io_wii.o)
 .text.__wiiuse_receive
                0x0000000080009674       0xd0 C:/devkitPro/libogc/lib/wii\libwiiuse.a(io_wii.o)
 .text.__wiiuse_sensorbar_enable
                0x0000000080009744       0x54 C:/devkitPro/libogc/lib/wii\libwiiuse.a(io_wii.o)
                0x0000000080009744                __wiiuse_sensorbar_enable
 .text.wiiuse_register
                0x0000000080009798       0xe4 C:/devkitPro/libogc/lib/wii\libwiiuse.a(io_wii.o)
                0x0000000080009798                wiiuse_register
 .text.wiiuse_disconnect
                0x000000008000987c       0x24 C:/devkitPro/libogc/lib/wii\libwiiuse.a(io_wii.o)
                0x000000008000987c                wiiuse_disconnect
 .text.wiiuse_init_cmd_queue
                0x00000000800098a0       0x9c C:/devkitPro/libogc/lib/wii\libwiiuse.a(io_wii.o)
                0x00000000800098a0                wiiuse_init_cmd_queue
 .text.wiiuse_io_write
                0x000000008000993c       0x1c C:/devkitPro/libogc/lib/wii\libwiiuse.a(io_wii.o)
                0x000000008000993c                wiiuse_io_write
 .text.get_ir_sens.isra.0
                0x0000000080009958       0xe4 C:/devkitPro/libogc/lib/wii\libwiiuse.a(ir.o)
 .text.rotate_dots
                0x0000000080009a3c      0x114 C:/devkitPro/libogc/lib/wii\libwiiuse.a(ir.o)
 .text.wiiuse_set_ir_mode
                0x0000000080009b50       0x88 C:/devkitPro/libogc/lib/wii\libwiiuse.a(ir.o)
                0x0000000080009b50                wiiuse_set_ir_mode
 .text.wiiuse_set_ir
                0x0000000080009bd8      0x1f0 C:/devkitPro/libogc/lib/wii\libwiiuse.a(ir.o)
                0x0000000080009bd8                wiiuse_set_ir
 .text.wiiuse_set_ir_vres
                0x0000000080009dc8       0x1c C:/devkitPro/libogc/lib/wii\libwiiuse.a(ir.o)
                0x0000000080009dc8                wiiuse_set_ir_vres
 .text.wiiuse_set_ir_position
                0x0000000080009de4       0x80 C:/devkitPro/libogc/lib/wii\libwiiuse.a(ir.o)
                0x0000000080009de4                wiiuse_set_ir_position
 .text.wiiuse_set_aspect_ratio
                0x0000000080009e64       0x44 C:/devkitPro/libogc/lib/wii\libwiiuse.a(ir.o)
                0x0000000080009e64                wiiuse_set_aspect_ratio
 .text.wiiuse_set_ir_sensitivity
                0x0000000080009ea8       0xf4 C:/devkitPro/libogc/lib/wii\libwiiuse.a(ir.o)
                0x0000000080009ea8                wiiuse_set_ir_sensitivity
 .text.calculate_basic_ir
                0x0000000080009f9c       0xf8 C:/devkitPro/libogc/lib/wii\libwiiuse.a(ir.o)
                0x0000000080009f9c                calculate_basic_ir
 .text.calculate_extended_ir
                0x000000008000a094       0x64 C:/devkitPro/libogc/lib/wii\libwiiuse.a(ir.o)
                0x000000008000a094                calculate_extended_ir
 .text.find_sensorbar
                0x000000008000a0f8      0x9e0 C:/devkitPro/libogc/lib/wii\libwiiuse.a(ir.o)
                0x000000008000a0f8                find_sensorbar
 .text.apply_ir_smoothing
                0x000000008000aad8      0x100 C:/devkitPro/libogc/lib/wii\libwiiuse.a(ir.o)
                0x000000008000aad8                apply_ir_smoothing
 .text.interpret_ir_data
                0x000000008000abd8      0x3b0 C:/devkitPro/libogc/lib/wii\libwiiuse.a(ir.o)
                0x000000008000abd8                interpret_ir_data
 .text.nunchuk_handshake
                0x000000008000af88      0x2d0 C:/devkitPro/libogc/lib/wii\libwiiuse.a(nunchuk.o)
                0x000000008000af88                nunchuk_handshake
 .text.nunchuk_disconnected
                0x000000008000b258        0xc C:/devkitPro/libogc/lib/wii\libwiiuse.a(nunchuk.o)
                0x000000008000b258                nunchuk_disconnected
 .text.nunchuk_event
                0x000000008000b264       0xe4 C:/devkitPro/libogc/lib/wii\libwiiuse.a(nunchuk.o)
                0x000000008000b264                nunchuk_event
 .text.wii_board_handshake
                0x000000008000b348      0x2c0 C:/devkitPro/libogc/lib/wii\libwiiuse.a(wiiboard.o)
                0x000000008000b348                wii_board_handshake
 .text.wii_board_disconnected
                0x000000008000b608        0xc C:/devkitPro/libogc/lib/wii\libwiiuse.a(wiiboard.o)
                0x000000008000b608                wii_board_disconnected
 .text.wii_board_event
                0x000000008000b614       0x54 C:/devkitPro/libogc/lib/wii\libwiiuse.a(wiiboard.o)
                0x000000008000b614                wii_board_event
 .text.wiiuse_send_next_command.part.0
                0x000000008000b668       0x44 C:/devkitPro/libogc/lib/wii\libwiiuse.a(wiiuse.o)
 .text.wiiuse_send_next_command
                0x000000008000b6ac       0x18 C:/devkitPro/libogc/lib/wii\libwiiuse.a(wiiuse.o)
                0x000000008000b6ac                wiiuse_send_next_command
 .text.wiiuse_init
                0x000000008000b6c4      0x208 C:/devkitPro/libogc/lib/wii\libwiiuse.a(wiiuse.o)
                0x000000008000b6c4                wiiuse_init
 .text.wiiuse_set_flags
                0x000000008000b8cc       0x2c C:/devkitPro/libogc/lib/wii\libwiiuse.a(wiiuse.o)
                0x000000008000b8cc                wiiuse_set_flags
 .text.wiiuse_read_data
                0x000000008000b8f8      0x14c C:/devkitPro/libogc/lib/wii\libwiiuse.a(wiiuse.o)
                0x000000008000b8f8                wiiuse_read_data
 .text.wiiuse_write_data
                0x000000008000ba44      0x180 C:/devkitPro/libogc/lib/wii\libwiiuse.a(wiiuse.o)
                0x000000008000ba44                wiiuse_write_data
 .text.wiiuse_sendcmd
                0x000000008000bbc4      0x17c C:/devkitPro/libogc/lib/wii\libwiiuse.a(wiiuse.o)
                0x000000008000bbc4                wiiuse_sendcmd
 .text.wiiuse_set_report_type
                0x000000008000bd40      0x144 C:/devkitPro/libogc/lib/wii\libwiiuse.a(wiiuse.o)
                0x000000008000bd40                wiiuse_set_report_type
 .text.wiiuse_motion_sensing
                0x000000008000be84       0x84 C:/devkitPro/libogc/lib/wii\libwiiuse.a(wiiuse.o)
                0x000000008000be84                wiiuse_motion_sensing
 .text.wiiuse_status
                0x000000008000bf08       0x4c C:/devkitPro/libogc/lib/wii\libwiiuse.a(wiiuse.o)
                0x000000008000bf08                wiiuse_status
 .text.wiiuse_set_leds
                0x000000008000bf54       0x50 C:/devkitPro/libogc/lib/wii\libwiiuse.a(wiiuse.o)
                0x000000008000bf54                wiiuse_set_leds
 .text.wiiuse_set_speaker
                0x000000008000bfa4      0x230 C:/devkitPro/libogc/lib/wii\libwiiuse.a(speaker.o)
                0x000000008000bfa4                wiiuse_set_speaker
 .text.classic_ctrl_handshake
                0x000000008000c1d4      0x304 C:/devkitPro/libogc/lib/wii\libwiiuse.a(classic.o)
                0x000000008000c1d4                classic_ctrl_handshake
 .text.classic_ctrl_disconnected
                0x000000008000c4d8        0xc C:/devkitPro/libogc/lib/wii\libwiiuse.a(classic.o)
                0x000000008000c4d8                classic_ctrl_disconnected
 .text.classic_ctrl_event
                0x000000008000c4e4      0x16c C:/devkitPro/libogc/lib/wii\libwiiuse.a(classic.o)
                0x000000008000c4e4                classic_ctrl_event
 .text.handle_expansion
                0x000000008000c650       0x54 C:/devkitPro/libogc/lib/wii\libwiiuse.a(events.o)
 .text.parse_event
                0x000000008000c6a4      0x748 C:/devkitPro/libogc/lib/wii\libwiiuse.a(events.o)
                0x000000008000c6a4                parse_event
 .text.guitar_hero_3_handshake
                0x000000008000cdec       0x5c C:/devkitPro/libogc/lib/wii\libwiiuse.a(guitar_hero_3.o)
                0x000000008000cdec                guitar_hero_3_handshake
 .text.guitar_hero_3_disconnected
                0x000000008000ce48        0xc C:/devkitPro/libogc/lib/wii\libwiiuse.a(guitar_hero_3.o)
                0x000000008000ce48                guitar_hero_3_disconnected
 .text.guitar_hero_3_event
                0x000000008000ce54       0x6c C:/devkitPro/libogc/lib/wii\libwiiuse.a(guitar_hero_3.o)
                0x000000008000ce54                guitar_hero_3_event
 .text.acl_wlp_completed
                0x000000008000cec0        0x8 C:/devkitPro/libogc/lib/wii\libbte.a(bte.o)
                0x000000008000cec0                acl_wlp_completed
 .text.bt_alarmhandler
                0x000000008000cec8       0x60 C:/devkitPro/libogc/lib/wii\libbte.a(bte.o)
 .text.__bte_send_pending_request
                0x000000008000cf28      0x104 C:/devkitPro/libogc/lib/wii\libbte.a(bte.o)
 .text.acl_conn_complete
                0x000000008000d02c       0x2c C:/devkitPro/libogc/lib/wii\libbte.a(bte.o)
                0x000000008000d02c                acl_conn_complete
 .text.bte_process_input
                0x000000008000d058      0x148 C:/devkitPro/libogc/lib/wii\libbte.a(bte.o)
 .text.l2cap_disconnect_cfm
                0x000000008000d1a0      0x19c C:/devkitPro/libogc/lib/wii\libbte.a(bte.o)
                0x000000008000d1a0                l2cap_disconnect_cfm
 .text.l2cap_accepted
                0x000000008000d33c      0x128 C:/devkitPro/libogc/lib/wii\libbte.a(bte.o)
                0x000000008000d33c                l2cap_accepted
 .text.l2cap_disconnected_ind
                0x000000008000d464      0x1a4 C:/devkitPro/libogc/lib/wii\libbte.a(bte.o)
                0x000000008000d464                l2cap_disconnected_ind
 .text.__bte_shutdown_finished
                0x000000008000d608       0xd0 C:/devkitPro/libogc/lib/wii\libbte.a(bte.o)
 .text.bte_hci_apply_patch_complete
                0x000000008000d6d8      0x160 C:/devkitPro/libogc/lib/wii\libbte.a(bte.o)
                0x000000008000d6d8                bte_hci_apply_patch_complete
 .text.bte_hci_patch_complete
                0x000000008000d838      0x378 C:/devkitPro/libogc/lib/wii\libbte.a(bte.o)
                0x000000008000d838                bte_hci_patch_complete
 .text.bte_hci_initcore_complete
                0x000000008000dbb0      0x28c C:/devkitPro/libogc/lib/wii\libbte.a(bte.o)
                0x000000008000dbb0                bte_hci_initcore_complete
 .text.bte_read_stored_link_key_complete
                0x000000008000de3c      0x26c C:/devkitPro/libogc/lib/wii\libbte.a(bte.o)
                0x000000008000de3c                bte_read_stored_link_key_complete
 .text.bte_hci_initcore_complete2
                0x000000008000e0a8      0x244 C:/devkitPro/libogc/lib/wii\libbte.a(bte.o)
 .text.bte_hci_initsub_complete
                0x000000008000e2ec      0x2b8 C:/devkitPro/libogc/lib/wii\libbte.a(bte.o)
                0x000000008000e2ec                bte_hci_initsub_complete
 .text.BTE_Init
                0x000000008000e5a4      0x138 C:/devkitPro/libogc/lib/wii\libbte.a(bte.o)
                0x000000008000e5a4                BTE_Init
 .text.BTE_Shutdown
                0x000000008000e6dc      0x100 C:/devkitPro/libogc/lib/wii\libbte.a(bte.o)
                0x000000008000e6dc                BTE_Shutdown
 .text.BTE_InitCore
                0x000000008000e7dc       0x90 C:/devkitPro/libogc/lib/wii\libbte.a(bte.o)
                0x000000008000e7dc                BTE_InitCore
 .text.BTE_ApplyPatch
                0x000000008000e86c       0xa8 C:/devkitPro/libogc/lib/wii\libbte.a(bte.o)
                0x000000008000e86c                BTE_ApplyPatch
 .text.BTE_InitSub
                0x000000008000e914       0x94 C:/devkitPro/libogc/lib/wii\libbte.a(bte.o)
                0x000000008000e914                BTE_InitSub
 .text.BTE_ReadStoredLinkKey
                0x000000008000e9a8       0x94 C:/devkitPro/libogc/lib/wii\libbte.a(bte.o)
                0x000000008000e9a8                BTE_ReadStoredLinkKey
 .text.BTE_SetDisconnectCallback
                0x000000008000ea3c        0x4 C:/devkitPro/libogc/lib/wii\libbte.a(bte.o)
                0x000000008000ea3c                BTE_SetDisconnectCallback
 .text.bte_new  0x000000008000ea40       0x54 C:/devkitPro/libogc/lib/wii\libbte.a(bte.o)
                0x000000008000ea40                bte_new
 .text.bte_registerdeviceasync
                0x000000008000ea94      0x15c C:/devkitPro/libogc/lib/wii\libbte.a(bte.o)
                0x000000008000ea94                bte_registerdeviceasync
 .text.bte_disconnect
                0x000000008000ebf0       0xd8 C:/devkitPro/libogc/lib/wii\libbte.a(bte.o)
                0x000000008000ebf0                bte_disconnect
 .text.bte_senddata
                0x000000008000ecc8       0xdc C:/devkitPro/libogc/lib/wii\libbte.a(bte.o)
                0x000000008000ecc8                bte_senddata
 .text.bte_arg  0x000000008000eda4       0x38 C:/devkitPro/libogc/lib/wii\libbte.a(bte.o)
                0x000000008000eda4                bte_arg
 .text.bte_received
                0x000000008000eddc       0x38 C:/devkitPro/libogc/lib/wii\libbte.a(bte.o)
                0x000000008000eddc                bte_received
 .text.bte_disconnected
                0x000000008000ee14       0x38 C:/devkitPro/libogc/lib/wii\libbte.a(bte.o)
                0x000000008000ee14                bte_disconnected
 .text.hci_get_link
                0x000000008000ee4c       0x84 C:/devkitPro/libogc/lib/wii\libbte.a(hci.o)
 .text.hci_init
                0x000000008000eed0       0x7c C:/devkitPro/libogc/lib/wii\libbte.a(hci.o)
                0x000000008000eed0                hci_init
 .text.hci_new  0x000000008000ef4c       0x48 C:/devkitPro/libogc/lib/wii\libbte.a(hci.o)
                0x000000008000ef4c                hci_new
 .text.hci_close
                0x000000008000ef94       0xd0 C:/devkitPro/libogc/lib/wii\libbte.a(hci.o)
                0x000000008000ef94                hci_close
 .text.hci_reset_all
                0x000000008000f064       0xbc C:/devkitPro/libogc/lib/wii\libbte.a(hci.o)
                0x000000008000f064                hci_reset_all
 .text.hci_arg  0x000000008000f120        0xc C:/devkitPro/libogc/lib/wii\libbte.a(hci.o)
                0x000000008000f120                hci_arg
 .text.hci_cmd_complete
                0x000000008000f12c        0xc C:/devkitPro/libogc/lib/wii\libbte.a(hci.o)
                0x000000008000f12c                hci_cmd_complete
 .text.hci_connection_complete
                0x000000008000f138        0xc C:/devkitPro/libogc/lib/wii\libbte.a(hci.o)
                0x000000008000f138                hci_connection_complete
 .text.hci_wlp_complete
                0x000000008000f144        0xc C:/devkitPro/libogc/lib/wii\libbte.a(hci.o)
                0x000000008000f144                hci_wlp_complete
 .text.hci_reset
                0x000000008000f150       0xa8 C:/devkitPro/libogc/lib/wii\libbte.a(hci.o)
                0x000000008000f150                hci_reset
 .text.hci_read_buffer_size
                0x000000008000f1f8       0xa8 C:/devkitPro/libogc/lib/wii\libbte.a(hci.o)
                0x000000008000f1f8                hci_read_buffer_size
 .text.hci_read_bd_addr
                0x000000008000f2a0       0xa8 C:/devkitPro/libogc/lib/wii\libbte.a(hci.o)
                0x000000008000f2a0                hci_read_bd_addr
 .text.hci_read_local_version
                0x000000008000f348       0xa4 C:/devkitPro/libogc/lib/wii\libbte.a(hci.o)
                0x000000008000f348                hci_read_local_version
 .text.hci_read_local_features
                0x000000008000f3ec       0xa8 C:/devkitPro/libogc/lib/wii\libbte.a(hci.o)
                0x000000008000f3ec                hci_read_local_features
 .text.hci_read_stored_link_key
                0x000000008000f494       0xfc C:/devkitPro/libogc/lib/wii\libbte.a(hci.o)
                0x000000008000f494                hci_read_stored_link_key
 .text.hci_write_page_timeout
                0x000000008000f590       0xcc C:/devkitPro/libogc/lib/wii\libbte.a(hci.o)
                0x000000008000f590                hci_write_page_timeout
 .text.hci_write_scan_enable
                0x000000008000f65c       0xb8 C:/devkitPro/libogc/lib/wii\libbte.a(hci.o)
                0x000000008000f65c                hci_write_scan_enable
 .text.hci_accecpt_conn_request
                0x000000008000f714       0xdc C:/devkitPro/libogc/lib/wii\libbte.a(hci.o)
                0x000000008000f714                hci_accecpt_conn_request
 .text.hci_write_local_name
                0x000000008000f7f0       0xd4 C:/devkitPro/libogc/lib/wii\libbte.a(hci.o)
                0x000000008000f7f0                hci_write_local_name
 .text.hci_write_pin_type
                0x000000008000f8c4       0xb8 C:/devkitPro/libogc/lib/wii\libbte.a(hci.o)
                0x000000008000f8c4                hci_write_pin_type
 .text.hci_write_inquiry_mode
                0x000000008000f97c       0xb8 C:/devkitPro/libogc/lib/wii\libbte.a(hci.o)
                0x000000008000f97c                hci_write_inquiry_mode
 .text.hci_write_page_scan_type
                0x000000008000fa34       0xb8 C:/devkitPro/libogc/lib/wii\libbte.a(hci.o)
                0x000000008000fa34                hci_write_page_scan_type
 .text.hci_write_inquiry_scan_type
                0x000000008000faec       0xb8 C:/devkitPro/libogc/lib/wii\libbte.a(hci.o)
                0x000000008000faec                hci_write_inquiry_scan_type
 .text.hci_vendor_specific_command
                0x000000008000fba4       0xe4 C:/devkitPro/libogc/lib/wii\libbte.a(hci.o)
                0x000000008000fba4                hci_vendor_specific_command
 .text.hci_write_link_policy_settings
                0x000000008000fc88      0x100 C:/devkitPro/libogc/lib/wii\libbte.a(hci.o)
                0x000000008000fc88                hci_write_link_policy_settings
 .text.hci_pin_code_request_neg_reply
                0x000000008000fd88       0xc8 C:/devkitPro/libogc/lib/wii\libbte.a(hci.o)
                0x000000008000fd88                hci_pin_code_request_neg_reply
 .text.hci_link_key_req_neg_reply
                0x000000008000fe50       0xc8 C:/devkitPro/libogc/lib/wii\libbte.a(hci.o)
                0x000000008000fe50                hci_link_key_req_neg_reply
 .text.hci_disconnect
                0x000000008000ff18       0xf8 C:/devkitPro/libogc/lib/wii\libbte.a(hci.o)
                0x000000008000ff18                hci_disconnect
 .text.hci_write_cod
                0x0000000080010010       0xc8 C:/devkitPro/libogc/lib/wii\libbte.a(hci.o)
                0x0000000080010010                hci_write_cod
 .text.hci_host_buffer_size
                0x00000000800100d8      0x108 C:/devkitPro/libogc/lib/wii\libbte.a(hci.o)
                0x00000000800100d8                hci_host_buffer_size
 .text.hci_host_num_comp_packets
                0x00000000800101e0      0x104 C:/devkitPro/libogc/lib/wii\libbte.a(hci.o)
                0x00000000800101e0                hci_host_num_comp_packets
 .text.lp_pdu_maxsize
                0x00000000800102e4        0xc C:/devkitPro/libogc/lib/wii\libbte.a(hci.o)
                0x00000000800102e4                lp_pdu_maxsize
 .text.lp_acl_write
                0x00000000800102f0      0x154 C:/devkitPro/libogc/lib/wii\libbte.a(hci.o)
                0x00000000800102f0                lp_acl_write
 .text.lp_write_flush_timeout
                0x0000000080010444      0x100 C:/devkitPro/libogc/lib/wii\libbte.a(hci.o)
                0x0000000080010444                lp_write_flush_timeout
 .text.hci_event_handler
                0x0000000080010544      0xbf4 C:/devkitPro/libogc/lib/wii\libbte.a(hci.o)
                0x0000000080010544                hci_event_handler
 .text.hci_acldata_handler
                0x0000000080011138      0x12c C:/devkitPro/libogc/lib/wii\libbte.a(hci.o)
                0x0000000080011138                hci_acldata_handler
 .text.l2cap_init
                0x0000000080011264       0x60 C:/devkitPro/libogc/lib/wii\libbte.a(l2cap.o)
                0x0000000080011264                l2cap_init
 .text.l2cap_write
                0x00000000800112c4      0x1a8 C:/devkitPro/libogc/lib/wii\libbte.a(l2cap.o)
                0x00000000800112c4                l2cap_write
 .text.l2cap_new
                0x000000008001146c       0x6c C:/devkitPro/libogc/lib/wii\libbte.a(l2cap.o)
                0x000000008001146c                l2cap_new
 .text.l2cap_close
                0x00000000800114d8      0x1d4 C:/devkitPro/libogc/lib/wii\libbte.a(l2cap.o)
                0x00000000800114d8                l2cap_close
 .text.l2cap_reset_all
                0x00000000800116ac      0x154 C:/devkitPro/libogc/lib/wii\libbte.a(l2cap.o)
                0x00000000800116ac                l2cap_reset_all
 .text.l2cap_signal
                0x0000000080011800      0x210 C:/devkitPro/libogc/lib/wii\libbte.a(l2cap.o)
                0x0000000080011800                l2cap_signal
 .text.l2ca_config_req
                0x0000000080011a10      0x160 C:/devkitPro/libogc/lib/wii\libbte.a(l2cap.o)
                0x0000000080011a10                l2ca_config_req
 .text.l2ca_disconnect_req
                0x0000000080011b70       0xc4 C:/devkitPro/libogc/lib/wii\libbte.a(l2cap.o)
                0x0000000080011b70                l2ca_disconnect_req
 .text.l2cap_tmr
                0x0000000080011c34      0x284 C:/devkitPro/libogc/lib/wii\libbte.a(l2cap.o)
                0x0000000080011c34                l2cap_tmr
 .text.l2cap_process_sig
                0x0000000080011eb8     0x11d4 C:/devkitPro/libogc/lib/wii\libbte.a(l2cap.o)
                0x0000000080011eb8                l2cap_process_sig
 .text.l2cap_input
                0x000000008001308c      0x5ac C:/devkitPro/libogc/lib/wii\libbte.a(l2cap.o)
                0x000000008001308c                l2cap_input
 .text.l2ca_datawrite
                0x0000000080013638      0x118 C:/devkitPro/libogc/lib/wii\libbte.a(l2cap.o)
                0x0000000080013638                l2ca_datawrite
 .text.lp_connect_cfm
                0x0000000080013750      0x184 C:/devkitPro/libogc/lib/wii\libbte.a(l2cap.o)
                0x0000000080013750                lp_connect_cfm
 .text.lp_connect_ind
                0x00000000800138d4        0x4 C:/devkitPro/libogc/lib/wii\libbte.a(l2cap.o)
                0x00000000800138d4                lp_connect_ind
 .text.lp_disconnect_ind
                0x00000000800138d8      0x12c C:/devkitPro/libogc/lib/wii\libbte.a(l2cap.o)
                0x00000000800138d8                lp_disconnect_ind
 .text.l2cap_disconnect_bb
                0x0000000080013a04       0x10 C:/devkitPro/libogc/lib/wii\libbte.a(l2cap.o)
                0x0000000080013a04                l2cap_disconnect_bb
 .text.l2cap_arg
                0x0000000080013a14        0x8 C:/devkitPro/libogc/lib/wii\libbte.a(l2cap.o)
                0x0000000080013a14                l2cap_arg
 .text.l2cap_connect_ind
                0x0000000080013a1c      0x100 C:/devkitPro/libogc/lib/wii\libbte.a(l2cap.o)
                0x0000000080013a1c                l2cap_connect_ind
 .text.l2cap_disconnect_ind
                0x0000000080013b1c        0x8 C:/devkitPro/libogc/lib/wii\libbte.a(l2cap.o)
                0x0000000080013b1c                l2cap_disconnect_ind
 .text.l2cap_recv
                0x0000000080013b24        0x8 C:/devkitPro/libogc/lib/wii\libbte.a(l2cap.o)
                0x0000000080013b24                l2cap_recv
 .text.btmemb_init
                0x0000000080013b2c       0x24 C:/devkitPro/libogc/lib/wii\libbte.a(btmemb.o)
                0x0000000080013b2c                btmemb_init
 .text.btmemb_alloc
                0x0000000080013b50       0xa8 C:/devkitPro/libogc/lib/wii\libbte.a(btmemb.o)
                0x0000000080013b50                btmemb_alloc
 .text.btmemb_free
                0x0000000080013bf8       0xa8 C:/devkitPro/libogc/lib/wii\libbte.a(btmemb.o)
                0x0000000080013bf8                btmemb_free
 .text.plug_holes
                0x0000000080013ca0       0xb8 C:/devkitPro/libogc/lib/wii\libbte.a(btmemr.o)
 .text.btmemr_free.part.0
                0x0000000080013d58       0x78 C:/devkitPro/libogc/lib/wii\libbte.a(btmemr.o)
 .text.btmemr_init
                0x0000000080013dd0       0x98 C:/devkitPro/libogc/lib/wii\libbte.a(btmemr.o)
                0x0000000080013dd0                btmemr_init
 .text.btmemr_malloc
                0x0000000080013e68      0x178 C:/devkitPro/libogc/lib/wii\libbte.a(btmemr.o)
                0x0000000080013e68                btmemr_malloc
 .text.btmemr_free
                0x0000000080013fe0       0x28 C:/devkitPro/libogc/lib/wii\libbte.a(btmemr.o)
                0x0000000080013fe0                btmemr_free
 .text.btmemr_realloc
                0x0000000080014008      0x10c C:/devkitPro/libogc/lib/wii\libbte.a(btmemr.o)
                0x0000000080014008                btmemr_realloc
 .text.btpbuf_cat.part.0
                0x0000000080014114       0x68 C:/devkitPro/libogc/lib/wii\libbte.a(btpbuf.o)
 .text.btpbuf_init
                0x000000008001417c       0x28 C:/devkitPro/libogc/lib/wii\libbte.a(btpbuf.o)
                0x000000008001417c                btpbuf_init
 .text.btpbuf_free
                0x00000000800141a4      0x124 C:/devkitPro/libogc/lib/wii\libbte.a(btpbuf.o)
                0x00000000800141a4                btpbuf_free
 .text.btpbuf_alloc
                0x00000000800142c8      0x25c C:/devkitPro/libogc/lib/wii\libbte.a(btpbuf.o)
                0x00000000800142c8                btpbuf_alloc
 .text.btpbuf_realloc
                0x0000000080014524       0xec C:/devkitPro/libogc/lib/wii\libbte.a(btpbuf.o)
                0x0000000080014524                btpbuf_realloc
 .text.btpbuf_header
                0x0000000080014610       0x90 C:/devkitPro/libogc/lib/wii\libbte.a(btpbuf.o)
                0x0000000080014610                btpbuf_header
 .text.btpbuf_ref
                0x00000000800146a0       0x48 C:/devkitPro/libogc/lib/wii\libbte.a(btpbuf.o)
                0x00000000800146a0                btpbuf_ref
 .text.btpbuf_chain
                0x00000000800146e8       0x8c C:/devkitPro/libogc/lib/wii\libbte.a(btpbuf.o)
                0x00000000800146e8                btpbuf_chain
 .text.btpbuf_dechain
                0x0000000080014774       0x7c C:/devkitPro/libogc/lib/wii\libbte.a(btpbuf.o)
                0x0000000080014774                btpbuf_dechain
 .text.btpbuf_take
                0x00000000800147f0      0x13c C:/devkitPro/libogc/lib/wii\libbte.a(btpbuf.o)
                0x00000000800147f0                btpbuf_take
 .text.__usb_closeCB
                0x000000008001492c       0x10 C:/devkitPro/libogc/lib/wii\libbte.a(physbusif.o)
 .text.__writebulkmsgCB
                0x000000008001493c       0x3c C:/devkitPro/libogc/lib/wii\libbte.a(physbusif.o)
 .text.__writectrlmsgCB
                0x0000000080014978       0x3c C:/devkitPro/libogc/lib/wii\libbte.a(physbusif.o)
 .text.__issue_intrread.part.0
                0x00000000800149b4       0x80 C:/devkitPro/libogc/lib/wii\libbte.a(physbusif.o)
 .text.__readintrdataCB
                0x0000000080014a34      0x150 C:/devkitPro/libogc/lib/wii\libbte.a(physbusif.o)
 .text.__issue_bulkread.part.2
                0x0000000080014b84       0x80 C:/devkitPro/libogc/lib/wii\libbte.a(physbusif.o)
 .text.__readbulkdataCB
                0x0000000080014c04      0x150 C:/devkitPro/libogc/lib/wii\libbte.a(physbusif.o)
 .text.physbusif_init
                0x0000000080014d54      0x1dc C:/devkitPro/libogc/lib/wii\libbte.a(physbusif.o)
                0x0000000080014d54                physbusif_init
 .text.physbusif_close
                0x0000000080014f30       0x20 C:/devkitPro/libogc/lib/wii\libbte.a(physbusif.o)
                0x0000000080014f30                physbusif_close
 .text.physbusif_shutdown
                0x0000000080014f50       0x24 C:/devkitPro/libogc/lib/wii\libbte.a(physbusif.o)
                0x0000000080014f50                physbusif_shutdown
 .text.physbusif_reset_all
                0x0000000080014f74        0x4 C:/devkitPro/libogc/lib/wii\libbte.a(physbusif.o)
                0x0000000080014f74                physbusif_reset_all
 .text.physbusif_output
                0x0000000080014f78      0x1b4 C:/devkitPro/libogc/lib/wii\libbte.a(physbusif.o)
                0x0000000080014f78                physbusif_output
 .text.__console_clear_line
                0x000000008001512c       0x84 C:/devkitPro/libogc/lib/wii\libogc.a(console.o)
 .text.__console_clear
                0x00000000800151b0       0x54 C:/devkitPro/libogc/lib/wii\libogc.a(console.o)
 .text.__console_write
                0x0000000080015204      0x708 C:/devkitPro/libogc/lib/wii\libogc.a(console.o)
                0x0000000080015204                __console_write
 .text.__console_init
                0x000000008001590c      0x108 C:/devkitPro/libogc/lib/wii\libogc.a(console.o)
                0x000000008001590c                __console_init
 .text.CON_Init
                0x0000000080015a14        0x4 C:/devkitPro/libogc/lib/wii\libogc.a(console.o)
                0x0000000080015a14                CON_Init
 .text.CON_EnableGecko
                0x0000000080015a18      0x100 C:/devkitPro/libogc/lib/wii\libogc.a(console.o)
                0x0000000080015a18                CON_EnableGecko
 .text.__lwp_queue_initialize
                0x0000000080015b18       0x60 C:/devkitPro/libogc/lib/wii\libogc.a(lwp_queue.o)
                0x0000000080015b18                __lwp_queue_initialize
 .text.__lwp_queue_get
                0x0000000080015b78       0x74 C:/devkitPro/libogc/lib/wii\libogc.a(lwp_queue.o)
                0x0000000080015b78                __lwp_queue_get
 .text.__lwp_queue_append
                0x0000000080015bec       0x4c C:/devkitPro/libogc/lib/wii\libogc.a(lwp_queue.o)
                0x0000000080015bec                __lwp_queue_append
 .text.__lwp_isr_in_progress
                0x0000000080015c38        0x8 C:/devkitPro/libogc/lib/wii\libogc.a(lwp_threads.o)
                0x0000000080015c38                __lwp_isr_in_progress
 .text.__thread_dispatch_fp
                0x0000000080015c40       0x88 C:/devkitPro/libogc/lib/wii\libogc.a(lwp_threads.o)
                0x0000000080015c40                __thread_dispatch_fp
 .text.__thread_dispatch
                0x0000000080015cc8      0x110 C:/devkitPro/libogc/lib/wii\libogc.a(lwp_threads.o)
                0x0000000080015cc8                __thread_dispatch
 .text.__lwp_thread_resettimeslice
                0x0000000080015dd8       0xec C:/devkitPro/libogc/lib/wii\libogc.a(lwp_threads.o)
                0x0000000080015dd8                __lwp_thread_resettimeslice
 .text.__lwp_thread_tickle_timeslice
                0x0000000080015ec4       0xcc C:/devkitPro/libogc/lib/wii\libogc.a(lwp_threads.o)
                0x0000000080015ec4                __lwp_thread_tickle_timeslice
 .text.__lwp_thread_setstate
                0x0000000080015f90      0x178 C:/devkitPro/libogc/lib/wii\libogc.a(lwp_threads.o)
                0x0000000080015f90                __lwp_thread_setstate
 .text.__lwp_thread_clearstate
                0x0000000080016108       0xe4 C:/devkitPro/libogc/lib/wii\libogc.a(lwp_threads.o)
                0x0000000080016108                __lwp_thread_clearstate
 .text.__lwp_thread_delayended
                0x00000000800161ec       0x48 C:/devkitPro/libogc/lib/wii\libogc.a(lwp_threads.o)
                0x00000000800161ec                __lwp_thread_delayended
 .text.__lwp_thread_settransient
                0x0000000080016234       0xb4 C:/devkitPro/libogc/lib/wii\libogc.a(lwp_threads.o)
                0x0000000080016234                __lwp_thread_settransient
 .text.__lwp_thread_changepriority
                0x00000000800162e8      0x1f8 C:/devkitPro/libogc/lib/wii\libogc.a(lwp_threads.o)
                0x00000000800162e8                __lwp_thread_changepriority
 .text.__lwp_thread_ready
                0x00000000800164e0       0xf4 C:/devkitPro/libogc/lib/wii\libogc.a(lwp_threads.o)
                0x00000000800164e0                __lwp_thread_ready
 .text.__lwp_thread_init
                0x00000000800165d4      0x180 C:/devkitPro/libogc/lib/wii\libogc.a(lwp_threads.o)
                0x00000000800165d4                __lwp_thread_init
 .text.__lwp_thread_close
                0x0000000080016754      0x130 C:/devkitPro/libogc/lib/wii\libogc.a(lwp_threads.o)
                0x0000000080016754                __lwp_thread_close
 .text.__lwp_thread_closeall
                0x0000000080016884       0xb8 C:/devkitPro/libogc/lib/wii\libogc.a(lwp_threads.o)
                0x0000000080016884                __lwp_thread_closeall
 .text.__lwp_thread_exit
                0x000000008001693c       0x5c C:/devkitPro/libogc/lib/wii\libogc.a(lwp_threads.o)
                0x000000008001693c                __lwp_thread_exit
 .text.__lwp_thread_handler
                0x0000000080016998       0xb4 C:/devkitPro/libogc/lib/wii\libogc.a(lwp_threads.o)
 .text.__lwp_thread_start
                0x0000000080016a4c       0xec C:/devkitPro/libogc/lib/wii\libogc.a(lwp_threads.o)
                0x0000000080016a4c                __lwp_thread_start
 .text.__lwp_thread_startmultitasking
                0x0000000080016b38       0xb0 C:/devkitPro/libogc/lib/wii\libogc.a(lwp_threads.o)
                0x0000000080016b38                __lwp_thread_startmultitasking
 .text.__lwp_thread_stopmultitasking
                0x0000000080016be8       0x58 C:/devkitPro/libogc/lib/wii\libogc.a(lwp_threads.o)
                0x0000000080016be8                __lwp_thread_stopmultitasking
 .text.__lwp_thread_coreinit
                0x0000000080016c40       0xb0 C:/devkitPro/libogc/lib/wii\libogc.a(lwp_threads.o)
                0x0000000080016c40                __lwp_thread_coreinit
 .text.idle_func
                0x0000000080016cf0        0x4 C:/devkitPro/libogc/lib/wii\libogc.a(lwp.o)
 .text.__lwp_sysinit
                0x0000000080016cf4      0x118 C:/devkitPro/libogc/lib/wii\libogc.a(lwp.o)
                0x0000000080016cf4                __lwp_sysinit
 .text.LWP_InitQueue
                0x0000000080016e0c      0x150 C:/devkitPro/libogc/lib/wii\libogc.a(lwp.o)
                0x0000000080016e0c                LWP_InitQueue
 .text.LWP_CloseQueue
                0x0000000080016f5c       0xd4 C:/devkitPro/libogc/lib/wii\libogc.a(lwp.o)
                0x0000000080016f5c                LWP_CloseQueue
 .text.LWP_ThreadSleep
                0x0000000080017030      0x110 C:/devkitPro/libogc/lib/wii\libogc.a(lwp.o)
                0x0000000080017030                LWP_ThreadSleep
 .text.LWP_ThreadBroadcast
                0x0000000080017140       0x88 C:/devkitPro/libogc/lib/wii\libogc.a(lwp.o)
                0x0000000080017140                LWP_ThreadBroadcast
 .text.LWP_ThreadSignal
                0x00000000800171c8       0x74 C:/devkitPro/libogc/lib/wii\libogc.a(lwp.o)
                0x00000000800171c8                LWP_ThreadSignal
 .text.__lwp_stack_allocate
                0x000000008001723c       0x60 C:/devkitPro/libogc/lib/wii\libogc.a(lwp_stack.o)
                0x000000008001723c                __lwp_stack_allocate
 .text.__lwp_stack_free
                0x000000008001729c       0x1c C:/devkitPro/libogc/lib/wii\libogc.a(lwp_stack.o)
                0x000000008001729c                __lwp_stack_free
 .text.__lwp_wd_settimer.isra.4
                0x00000000800172b8       0xd8 C:/devkitPro/libogc/lib/wii\libogc.a(lwp_watchdog.o)
 .text.__lwp_watchdog_init
                0x0000000080017390       0x2c C:/devkitPro/libogc/lib/wii\libogc.a(lwp_watchdog.o)
                0x0000000080017390                __lwp_watchdog_init
 .text.__lwp_wd_insert
                0x00000000800173bc      0x1e4 C:/devkitPro/libogc/lib/wii\libogc.a(lwp_watchdog.o)
                0x00000000800173bc                __lwp_wd_insert
 .text.__lwp_wd_remove
                0x00000000800175a0      0x144 C:/devkitPro/libogc/lib/wii\libogc.a(lwp_watchdog.o)
                0x00000000800175a0                __lwp_wd_remove
 .text.__lwp_wd_tickle
                0x00000000800176e4      0x120 C:/devkitPro/libogc/lib/wii\libogc.a(lwp_watchdog.o)
                0x00000000800176e4                __lwp_wd_tickle
 .text.__lwp_wkspace_init
                0x0000000080017804       0xc4 C:/devkitPro/libogc/lib/wii\libogc.a(lwp_wkspace.o)
                0x0000000080017804                __lwp_wkspace_init
 .text.__lwp_objmgr_initinfo
                0x00000000800178c8      0x1a4 C:/devkitPro/libogc/lib/wii\libogc.a(lwp_objmgr.o)
                0x00000000800178c8                __lwp_objmgr_initinfo
 .text.__lwp_objmgr_getisrdisable
                0x0000000080017a6c       0x60 C:/devkitPro/libogc/lib/wii\libogc.a(lwp_objmgr.o)
                0x0000000080017a6c                __lwp_objmgr_getisrdisable
 .text.__lwp_objmgr_getnoprotection
                0x0000000080017acc       0x24 C:/devkitPro/libogc/lib/wii\libogc.a(lwp_objmgr.o)
                0x0000000080017acc                __lwp_objmgr_getnoprotection
 .text.__lwp_objmgr_get
                0x0000000080017af0       0x70 C:/devkitPro/libogc/lib/wii\libogc.a(lwp_objmgr.o)
                0x0000000080017af0                __lwp_objmgr_get
 .text.__lwp_objmgr_allocate
                0x0000000080017b60       0x88 C:/devkitPro/libogc/lib/wii\libogc.a(lwp_objmgr.o)
                0x0000000080017b60                __lwp_objmgr_allocate
 .text.__lwp_objmgr_free
                0x0000000080017be8       0x60 C:/devkitPro/libogc/lib/wii\libogc.a(lwp_objmgr.o)
                0x0000000080017be8                __lwp_objmgr_free
 .text.__lwp_heap_init
                0x0000000080017c48       0xa4 C:/devkitPro/libogc/lib/wii\libogc.a(lwp_heap.o)
                0x0000000080017c48                __lwp_heap_init
 .text.__lwp_heap_allocate
                0x0000000080017cec      0x16c C:/devkitPro/libogc/lib/wii\libogc.a(lwp_heap.o)
                0x0000000080017cec                __lwp_heap_allocate
 .text.__lwp_heap_free
                0x0000000080017e58      0x1c0 C:/devkitPro/libogc/lib/wii\libogc.a(lwp_heap.o)
                0x0000000080017e58                __lwp_heap_free
 .text.__SetInterrupts
                0x0000000080018018      0x298 C:/devkitPro/libogc/lib/wii\libogc.a(irq.o)
 .text.c_irqdispatcher
                0x00000000800182b0      0x27c C:/devkitPro/libogc/lib/wii\libogc.a(irq.o)
                0x00000000800182b0                c_irqdispatcher
 .text.__UnmaskIrq
                0x000000008001852c       0x84 C:/devkitPro/libogc/lib/wii\libogc.a(irq.o)
                0x000000008001852c                __UnmaskIrq
 .text.__MaskIrq
                0x00000000800185b0       0x84 C:/devkitPro/libogc/lib/wii\libogc.a(irq.o)
                0x00000000800185b0                __MaskIrq
 .text.__irq_init
                0x0000000080018634       0x9c C:/devkitPro/libogc/lib/wii\libogc.a(irq.o)
                0x0000000080018634                __irq_init
 .text.IRQ_Request
                0x00000000800186d0       0x50 C:/devkitPro/libogc/lib/wii\libogc.a(irq.o)
                0x00000000800186d0                IRQ_Request
 .text.IRQ_GetHandler
                0x0000000080018720       0x44 C:/devkitPro/libogc/lib/wii\libogc.a(irq.o)
                0x0000000080018720                IRQ_GetHandler
 .text.IRQ_Disable
                0x0000000080018764       0x1c C:/devkitPro/libogc/lib/wii\libogc.a(irq.o)
                0x0000000080018764                IRQ_Disable
 .text.IRQ_Restore
                0x0000000080018780       0x1c C:/devkitPro/libogc/lib/wii\libogc.a(irq.o)
                0x0000000080018780                IRQ_Restore
 .text.__VISendI2CData.constprop.2
                0x000000008001879c      0x42c C:/devkitPro/libogc/lib/wii\libogc.a(video.o)
 .text.__VIWriteI2CRegister16
                0x0000000080018bc8       0x38 C:/devkitPro/libogc/lib/wii\libogc.a(video.o)
 .text.__VIWriteI2CRegister8
                0x0000000080018c00       0x38 C:/devkitPro/libogc/lib/wii\libogc.a(video.o)
 .text.__VISetYUVSEL
                0x0000000080018c38       0x68 C:/devkitPro/libogc/lib/wii\libogc.a(video.o)
 .text.VIDEO_Configure
                0x0000000080018ca0      0x7c8 C:/devkitPro/libogc/lib/wii\libogc.a(video.o)
                0x0000000080018ca0                VIDEO_Configure
 .text.VIDEO_WaitVSync
                0x0000000080019468       0x74 C:/devkitPro/libogc/lib/wii\libogc.a(video.o)
                0x0000000080019468                VIDEO_WaitVSync
 .text.VIDEO_SetFramebuffer
                0x00000000800194dc      0x23c C:/devkitPro/libogc/lib/wii\libogc.a(video.o)
                0x00000000800194dc                VIDEO_SetFramebuffer
 .text.VIDEO_SetNextFramebuffer
                0x0000000080019718      0x1b4 C:/devkitPro/libogc/lib/wii\libogc.a(video.o)
                0x0000000080019718                VIDEO_SetNextFramebuffer
 .text.VIDEO_Flush
                0x00000000800198cc      0x134 C:/devkitPro/libogc/lib/wii\libogc.a(video.o)
                0x00000000800198cc                VIDEO_Flush
 .text.VIDEO_SetBlack
                0x0000000080019a00      0x144 C:/devkitPro/libogc/lib/wii\libogc.a(video.o)
                0x0000000080019a00                VIDEO_SetBlack
 .text.VIDEO_GetCurrentTvMode
                0x0000000080019b44       0x78 C:/devkitPro/libogc/lib/wii\libogc.a(video.o)
                0x0000000080019b44                VIDEO_GetCurrentTvMode
 .text.__VIRetraceHandler
                0x0000000080019bbc      0x294 C:/devkitPro/libogc/lib/wii\libogc.a(video.o)
 .text.__VISetupEncoder
                0x0000000080019e50      0x1fc C:/devkitPro/libogc/lib/wii\libogc.a(video.o)
 .text.VIDEO_Init
                0x000000008001a04c      0x4e0 C:/devkitPro/libogc/lib/wii\libogc.a(video.o)
                0x000000008001a04c                VIDEO_Init
 .text.VIDEO_GetPreferredMode
                0x000000008001a52c      0x100 C:/devkitPro/libogc/lib/wii\libogc.a(video.o)
                0x000000008001a52c                VIDEO_GetPreferredMode
 .text.VIDEO_GetCurrentLine
                0x000000008001a62c       0x9c C:/devkitPro/libogc/lib/wii\libogc.a(video.o)
                0x000000008001a62c                VIDEO_GetCurrentLine
 .text.VIDEO_GetFrameBufferSize
                0x000000008001a6c8       0x30 C:/devkitPro/libogc/lib/wii\libogc.a(video.o)
                0x000000008001a6c8                VIDEO_GetFrameBufferSize
 .text.VIDEO_ClearFrameBuffer
                0x000000008001a6f8       0x34 C:/devkitPro/libogc/lib/wii\libogc.a(video.o)
                0x000000008001a6f8                VIDEO_ClearFrameBuffer
 .text.__call_resetfuncs
                0x000000008001a72c       0xbc C:/devkitPro/libogc/lib/wii\libogc.a(system.o)
 .text.__MEMInterruptHandler
                0x000000008001a7e8       0x14 C:/devkitPro/libogc/lib/wii\libogc.a(system.o)
 .text.__RSWDefaultHandler
                0x000000008001a7fc        0x4 C:/devkitPro/libogc/lib/wii\libogc.a(system.o)
 .text.__POWDefaultHandler
                0x000000008001a800        0x4 C:/devkitPro/libogc/lib/wii\libogc.a(system.o)
 .text.__getrtc
                0x000000008001a804      0x164 C:/devkitPro/libogc/lib/wii\libogc.a(system.o)
 .text.__sram_write
                0x000000008001a968      0x128 C:/devkitPro/libogc/lib/wii\libogc.a(system.o)
 .text.__unlocksram
                0x000000008001aa90      0x17c C:/devkitPro/libogc/lib/wii\libogc.a(system.o)
 .text.__sram_writecallback
                0x000000008001ac0c       0x54 C:/devkitPro/libogc/lib/wii\libogc.a(system.o)
 .text.__mem_onreset
                0x000000008001ac60       0x48 C:/devkitPro/libogc/lib/wii\libogc.a(system.o)
 .text.__sys_alarmhandler
                0x000000008001aca8       0xf0 C:/devkitPro/libogc/lib/wii\libogc.a(system.o)
 .text.__STMEventHandler
                0x000000008001ad98      0x104 C:/devkitPro/libogc/lib/wii\libogc.a(system.o)
 .text.__sram_read.constprop.11
                0x000000008001ae9c      0x140 C:/devkitPro/libogc/lib/wii\libogc.a(system.o)
 .text.__SYS_GetRTC
                0x000000008001afdc       0xd0 C:/devkitPro/libogc/lib/wii\libogc.a(system.o)
                0x000000008001afdc                __SYS_GetRTC
 .text.__SYS_GetIPCBufferLo
                0x000000008001b0ac        0x8 C:/devkitPro/libogc/lib/wii\libogc.a(system.o)
                0x000000008001b0ac                __SYS_GetIPCBufferLo
 .text.__SYS_GetIPCBufferHi
                0x000000008001b0b4        0x8 C:/devkitPro/libogc/lib/wii\libogc.a(system.o)
                0x000000008001b0b4                __SYS_GetIPCBufferHi
 .text.__SYS_DoPowerCB
                0x000000008001b0bc       0x74 C:/devkitPro/libogc/lib/wii\libogc.a(system.o)
                0x000000008001b0bc                __SYS_DoPowerCB
 .text.__SYS_PreInit
                0x000000008001b130        0x4 C:/devkitPro/libogc/lib/wii\libogc.a(system.o)
                0x000000008001b130                __SYS_PreInit
 .text.SYS_ResetButtonDown
                0x000000008001b134       0x18 C:/devkitPro/libogc/lib/wii\libogc.a(system.o)
                0x000000008001b134                SYS_ResetButtonDown
 .text.SYS_ResetSystem
                0x000000008001b14c      0x214 C:/devkitPro/libogc/lib/wii\libogc.a(system.o)
                0x000000008001b14c                SYS_ResetSystem
 .text.__reload
                0x000000008001b360       0x80 C:/devkitPro/libogc/lib/wii\libogc.a(system.o)
                0x000000008001b360                __reload
 .text.__libogc_exit
                0x000000008001b3e0       0x88 C:/devkitPro/libogc/lib/wii\libogc.a(system.o)
                0x000000008001b3e0                __libogc_exit
 .text.SYS_RegisterResetFunc
                0x000000008001b468       0x78 C:/devkitPro/libogc/lib/wii\libogc.a(system.o)
                0x000000008001b468                SYS_RegisterResetFunc
 .text.SYS_Init
                0x000000008001b4e0      0x69c C:/devkitPro/libogc/lib/wii\libogc.a(system.o)
                0x000000008001b4e0                SYS_Init
 .text.SYS_SetArena1Lo
                0x000000008001bb7c       0x38 C:/devkitPro/libogc/lib/wii\libogc.a(system.o)
                0x000000008001bb7c                SYS_SetArena1Lo
 .text.SYS_GetArena1Lo
                0x000000008001bbb4       0x38 C:/devkitPro/libogc/lib/wii\libogc.a(system.o)
                0x000000008001bbb4                SYS_GetArena1Lo
 .text.SYS_GetArena1Hi
                0x000000008001bbec       0x38 C:/devkitPro/libogc/lib/wii\libogc.a(system.o)
                0x000000008001bbec                SYS_GetArena1Hi
 .text.SYS_SetArena2Lo
                0x000000008001bc24       0x38 C:/devkitPro/libogc/lib/wii\libogc.a(system.o)
                0x000000008001bc24                SYS_SetArena2Lo
 .text.SYS_GetArena2Lo
                0x000000008001bc5c       0x38 C:/devkitPro/libogc/lib/wii\libogc.a(system.o)
                0x000000008001bc5c                SYS_GetArena2Lo
 .text.SYS_SetArena2Hi
                0x000000008001bc94       0x38 C:/devkitPro/libogc/lib/wii\libogc.a(system.o)
                0x000000008001bc94                SYS_SetArena2Hi
 .text.SYS_GetArena2Hi
                0x000000008001bccc       0x38 C:/devkitPro/libogc/lib/wii\libogc.a(system.o)
                0x000000008001bccc                SYS_GetArena2Hi
 .text.SYS_AllocateFramebuffer
                0x000000008001bd04       0x28 C:/devkitPro/libogc/lib/wii\libogc.a(system.o)
                0x000000008001bd04                SYS_AllocateFramebuffer
 .text.SYS_CreateAlarm
                0x000000008001bd2c      0x120 C:/devkitPro/libogc/lib/wii\libogc.a(system.o)
                0x000000008001bd2c                SYS_CreateAlarm
 .text.SYS_SetAlarm
                0x000000008001be4c      0x1d0 C:/devkitPro/libogc/lib/wii\libogc.a(system.o)
                0x000000008001be4c                SYS_SetAlarm
 .text.SYS_SetPeriodicAlarm
                0x000000008001c01c      0x214 C:/devkitPro/libogc/lib/wii\libogc.a(system.o)
                0x000000008001c01c                SYS_SetPeriodicAlarm
 .text.SYS_RemoveAlarm
                0x000000008001c230      0x128 C:/devkitPro/libogc/lib/wii\libogc.a(system.o)
                0x000000008001c230                SYS_RemoveAlarm
 .text.SYS_CancelAlarm
                0x000000008001c358       0xd0 C:/devkitPro/libogc/lib/wii\libogc.a(system.o)
                0x000000008001c358                SYS_CancelAlarm
 .text.SYS_SetWirelessID
                0x000000008001c428       0x94 C:/devkitPro/libogc/lib/wii\libogc.a(system.o)
                0x000000008001c428                SYS_SetWirelessID
 .text.SYS_GetWirelessID
                0x000000008001c4bc       0xa0 C:/devkitPro/libogc/lib/wii\libogc.a(system.o)
                0x000000008001c4bc                SYS_GetWirelessID
 .text.SYS_GetHollywoodRevision
                0x000000008001c55c       0x3c C:/devkitPro/libogc/lib/wii\libogc.a(system.o)
                0x000000008001c55c                SYS_GetHollywoodRevision
 .text.SYS_Time
                0x000000008001c598       0x78 C:/devkitPro/libogc/lib/wii\libogc.a(system.o)
                0x000000008001c598                SYS_Time
 .text.__SYS_SetBootTime
                0x000000008001c610       0x20 C:/devkitPro/libogc/lib/wii\libogc.a(system.o)
                0x000000008001c610                __SYS_SetBootTime
 .text.SYS_PreMain
                0x000000008001c630       0x58 C:/devkitPro/libogc/lib/wii\libogc.a(system.o)
                0x000000008001c630                SYS_PreMain
 .text.__lwp_cond_init
                0x000000008001c688       0x14 C:/devkitPro/libogc/lib/wii\libogc.a(cond.o)
                0x000000008001c688                __lwp_cond_init
 .text.__decrementer_init
                0x000000008001c69c        0x4 C:/devkitPro/libogc/lib/wii\libogc.a(decrementer.o)
                0x000000008001c69c                __decrementer_init
 .text.c_decrementer_handler
                0x000000008001c6a0        0xc C:/devkitPro/libogc/lib/wii\libogc.a(decrementer.o)
                0x000000008001c6a0                c_decrementer_handler
 .text.__lwp_mqbox_init
                0x000000008001c6ac       0x14 C:/devkitPro/libogc/lib/wii\libogc.a(message.o)
                0x000000008001c6ac                __lwp_mqbox_init
 .text.__si_transfer
                0x000000008001c6c0      0x160 C:/devkitPro/libogc/lib/wii\libogc.a(si.o)
 .text.__si_alarmhandler
                0x000000008001c820       0xe0 C:/devkitPro/libogc/lib/wii\libogc.a(si.o)
 .text.__si_completetransfer
                0x000000008001c900      0x1d4 C:/devkitPro/libogc/lib/wii\libogc.a(si.o)
 .text.__si_transfernext
                0x000000008001cad4       0xe8 C:/devkitPro/libogc/lib/wii\libogc.a(si.o)
 .text.SI_Busy  0x000000008001cbbc       0x18 C:/devkitPro/libogc/lib/wii\libogc.a(si.o)
                0x000000008001cbbc                SI_Busy
 .text.SI_IsChanBusy
                0x000000008001cbd4       0x38 C:/devkitPro/libogc/lib/wii\libogc.a(si.o)
                0x000000008001cbd4                SI_IsChanBusy
 .text.SI_SetXY
                0x000000008001cc0c       0x64 C:/devkitPro/libogc/lib/wii\libogc.a(si.o)
                0x000000008001cc0c                SI_SetXY
 .text.SI_EnablePolling
                0x000000008001cc70       0x84 C:/devkitPro/libogc/lib/wii\libogc.a(si.o)
                0x000000008001cc70                SI_EnablePolling
 .text.SI_DisablePolling
                0x000000008001ccf4       0x58 C:/devkitPro/libogc/lib/wii\libogc.a(si.o)
                0x000000008001ccf4                SI_DisablePolling
 .text.SI_SetSamplingRate
                0x000000008001cd4c       0xe4 C:/devkitPro/libogc/lib/wii\libogc.a(si.o)
                0x000000008001cd4c                SI_SetSamplingRate
 .text.SI_RefreshSamplingRate
                0x000000008001ce30        0x8 C:/devkitPro/libogc/lib/wii\libogc.a(si.o)
                0x000000008001ce30                SI_RefreshSamplingRate
 .text.SI_GetStatus
                0x000000008001ce38       0x78 C:/devkitPro/libogc/lib/wii\libogc.a(si.o)
                0x000000008001ce38                SI_GetStatus
 .text.SI_GetResponseRaw
                0x000000008001ceb0       0x80 C:/devkitPro/libogc/lib/wii\libogc.a(si.o)
                0x000000008001ceb0                SI_GetResponseRaw
 .text.SI_GetResponse
                0x000000008001cf30       0xb8 C:/devkitPro/libogc/lib/wii\libogc.a(si.o)
                0x000000008001cf30                SI_GetResponse
 .text.SI_SetCommand
                0x000000008001cfe8       0x10 C:/devkitPro/libogc/lib/wii\libogc.a(si.o)
                0x000000008001cfe8                SI_SetCommand
 .text.SI_Transfer
                0x000000008001cff8      0x270 C:/devkitPro/libogc/lib/wii\libogc.a(si.o)
                0x000000008001cff8                SI_Transfer
 .text.__si_gettypecallback
                0x000000008001d268      0x2d4 C:/devkitPro/libogc/lib/wii\libogc.a(si.o)
 .text.__si_interrupthandler
                0x000000008001d53c      0x270 C:/devkitPro/libogc/lib/wii\libogc.a(si.o)
 .text.SI_GetType
                0x000000008001d7ac      0x1d8 C:/devkitPro/libogc/lib/wii\libogc.a(si.o)
                0x000000008001d7ac                SI_GetType
 .text.SI_GetTypeAsync
                0x000000008001d984      0x138 C:/devkitPro/libogc/lib/wii\libogc.a(si.o)
                0x000000008001d984                SI_GetTypeAsync
 .text.SI_EnablePollingInterrupt
                0x000000008001dabc       0xac C:/devkitPro/libogc/lib/wii\libogc.a(si.o)
                0x000000008001dabc                SI_EnablePollingInterrupt
 .text.SI_UnregisterPollingHandler
                0x000000008001db68       0xdc C:/devkitPro/libogc/lib/wii\libogc.a(si.o)
                0x000000008001db68                SI_UnregisterPollingHandler
 .text.__si_init
                0x000000008001dc44       0xf8 C:/devkitPro/libogc/lib/wii\libogc.a(si.o)
                0x000000008001dc44                __si_init
 .text.__ios_ioctlvformat_parse
                0x000000008001dd3c      0x820 C:/devkitPro/libogc/lib/wii\libogc.a(ipc.o)
 .text.__ioctlvfmtCB
                0x000000008001e55c      0x15c C:/devkitPro/libogc/lib/wii\libogc.a(ipc.o)
 .text.__ipc_sendrequest.part.0
                0x000000008001e6b8       0xe4 C:/devkitPro/libogc/lib/wii\libogc.a(ipc.o)
 .text.__ipc_interrupthandler
                0x000000008001e79c      0x354 C:/devkitPro/libogc/lib/wii\libogc.a(ipc.o)
 .text.__ipc_syncrequest
                0x000000008001eaf0       0xe8 C:/devkitPro/libogc/lib/wii\libogc.a(ipc.o)
 .text.__ipc_asyncrequest
                0x000000008001ebd8      0x14c C:/devkitPro/libogc/lib/wii\libogc.a(ipc.o)
 .text.__IPC_Init.part.2
                0x000000008001ed24       0x3c C:/devkitPro/libogc/lib/wii\libogc.a(ipc.o)
 .text.iosCreateHeap
                0x000000008001ed60      0x130 C:/devkitPro/libogc/lib/wii\libogc.a(ipc.o)
                0x000000008001ed60                iosCreateHeap
 .text.iosAlloc
                0x000000008001ee90       0x30 C:/devkitPro/libogc/lib/wii\libogc.a(ipc.o)
                0x000000008001ee90                iosAlloc
 .text.iosFree  0x000000008001eec0       0x28 C:/devkitPro/libogc/lib/wii\libogc.a(ipc.o)
                0x000000008001eec0                iosFree
 .text.__IPC_ClntInit
                0x000000008001eee8       0xa4 C:/devkitPro/libogc/lib/wii\libogc.a(ipc.o)
                0x000000008001eee8                __IPC_ClntInit
 .text.IOS_Open
                0x000000008001ef8c      0x110 C:/devkitPro/libogc/lib/wii\libogc.a(ipc.o)
                0x000000008001ef8c                IOS_Open
 .text.IOS_Close
                0x000000008001f09c       0xf0 C:/devkitPro/libogc/lib/wii\libogc.a(ipc.o)
                0x000000008001f09c                IOS_Close
 .text.IOS_CloseAsync
                0x000000008001f18c       0xb4 C:/devkitPro/libogc/lib/wii\libogc.a(ipc.o)
                0x000000008001f18c                IOS_CloseAsync
 .text.IOS_Read
                0x000000008001f240      0x10c C:/devkitPro/libogc/lib/wii\libogc.a(ipc.o)
                0x000000008001f240                IOS_Read
 .text.IOS_Write
                0x000000008001f34c      0x10c C:/devkitPro/libogc/lib/wii\libogc.a(ipc.o)
                0x000000008001f34c                IOS_Write
 .text.IOS_Ioctl
                0x000000008001f458      0x158 C:/devkitPro/libogc/lib/wii\libogc.a(ipc.o)
                0x000000008001f458                IOS_Ioctl
 .text.IOS_IoctlAsync
                0x000000008001f5b0      0x148 C:/devkitPro/libogc/lib/wii\libogc.a(ipc.o)
                0x000000008001f5b0                IOS_IoctlAsync
 .text.IOS_Ioctlv
                0x000000008001f6f8      0x1ec C:/devkitPro/libogc/lib/wii\libogc.a(ipc.o)
                0x000000008001f6f8                IOS_Ioctlv
 .text.IOS_IoctlvAsync
                0x000000008001f8e4      0x1dc C:/devkitPro/libogc/lib/wii\libogc.a(ipc.o)
                0x000000008001f8e4                IOS_IoctlvAsync
 .text.IOS_IoctlvFormat
                0x000000008001fac0      0x170 C:/devkitPro/libogc/lib/wii\libogc.a(ipc.o)
                0x000000008001fac0                IOS_IoctlvFormat
 .text.IOS_IoctlvReboot
                0x000000008001fc30      0x1f0 C:/devkitPro/libogc/lib/wii\libogc.a(ipc.o)
                0x000000008001fc30                IOS_IoctlvReboot
 .text.gettick  0x000000008001fe20        0x8 C:/devkitPro/libogc/lib/wii\libogc.a(timesupp.o)
                0x000000008001fe20                gettick
 .text.gettime  0x000000008001fe28       0x18 C:/devkitPro/libogc/lib/wii\libogc.a(timesupp.o)
                0x000000008001fe28                gettime
 .text.settime  0x000000008001fe40       0x14 C:/devkitPro/libogc/lib/wii\libogc.a(timesupp.o)
                0x000000008001fe40                settime
 .text.diff_usec
                0x000000008001fe54       0x88 C:/devkitPro/libogc/lib/wii\libogc.a(timesupp.o)
                0x000000008001fe54                diff_usec
 .text.__timesystem_init
                0x000000008001fedc       0x1c C:/devkitPro/libogc/lib/wii\libogc.a(timesupp.o)
                0x000000008001fedc                __timesystem_init
 .text.udelay   0x000000008001fef8       0xac C:/devkitPro/libogc/lib/wii\libogc.a(timesupp.o)
                0x000000008001fef8                udelay
 .text.__libogc_nanosleep
                0x000000008001ffa4      0x144 C:/devkitPro/libogc/lib/wii\libogc.a(timesupp.o)
                0x000000008001ffa4                __libogc_nanosleep
 .text.__libogc_gettod_r
                0x00000000800200e8       0xd4 C:/devkitPro/libogc/lib/wii\libogc.a(timesupp.o)
                0x00000000800200e8                __libogc_gettod_r
 .text.__libogc_lock_init
                0x00000000800201bc       0x78 C:/devkitPro/libogc/lib/wii\libogc.a(lock_supp.o)
                0x00000000800201bc                __libogc_lock_init
 .text.__libogc_lock_close
                0x0000000080020234       0x64 C:/devkitPro/libogc/lib/wii\libogc.a(lock_supp.o)
                0x0000000080020234                __libogc_lock_close
 .text.__libogc_lock_acquire
                0x0000000080020298       0x20 C:/devkitPro/libogc/lib/wii\libogc.a(lock_supp.o)
                0x0000000080020298                __libogc_lock_acquire
 .text.__libogc_lock_release
                0x00000000800202b8       0x20 C:/devkitPro/libogc/lib/wii\libogc.a(lock_supp.o)
                0x00000000800202b8                __libogc_lock_release
 .text.__libc_create_hook
                0x00000000800202d8       0x10 C:/devkitPro/libogc/lib/wii\libogc.a(newlibc.o)
                0x00000000800202d8                __libc_create_hook
 .text.__libc_start_hook
                0x00000000800202e8       0x9c C:/devkitPro/libogc/lib/wii\libogc.a(newlibc.o)
                0x00000000800202e8                __libc_start_hook
 .text.__libc_delete_hook
                0x0000000080020384       0xfc C:/devkitPro/libogc/lib/wii\libogc.a(newlibc.o)
                0x0000000080020384                __libc_delete_hook
 .text.__libc_init
                0x0000000080020480       0xb0 C:/devkitPro/libogc/lib/wii\libogc.a(newlibc.o)
                0x0000000080020480                __libc_init
 .text.__usbgecko_exi_unlock
                0x0000000080020530       0x34 C:/devkitPro/libogc/lib/wii\libogc.a(usbgecko.o)
 .text.__usb_sendbyte
                0x0000000080020564       0xe0 C:/devkitPro/libogc/lib/wii\libogc.a(usbgecko.o)
 .text.__usb_checksend
                0x0000000080020644       0xd8 C:/devkitPro/libogc/lib/wii\libogc.a(usbgecko.o)
                0x0000000080020644                __usb_checksend
 .text.usb_isgeckoalive
                0x000000008002071c      0x1c4 C:/devkitPro/libogc/lib/wii\libogc.a(usbgecko.o)
                0x000000008002071c                usb_isgeckoalive
 .text.usb_sendbuffer_ex
                0x00000000800208e0      0x168 C:/devkitPro/libogc/lib/wii\libogc.a(usbgecko.o)
                0x00000000800208e0                usb_sendbuffer_ex
 .text.usb_sendbuffer
                0x0000000080020a48        0x8 C:/devkitPro/libogc/lib/wii\libogc.a(usbgecko.o)
                0x0000000080020a48                usb_sendbuffer
 .text.usb_sendbuffer_safe_ex
                0x0000000080020a50      0x1b4 C:/devkitPro/libogc/lib/wii\libogc.a(usbgecko.o)
                0x0000000080020a50                usb_sendbuffer_safe_ex
 .text.usb_sendbuffer_safe
                0x0000000080020c04        0x8 C:/devkitPro/libogc/lib/wii\libogc.a(usbgecko.o)
                0x0000000080020c04                usb_sendbuffer_safe
 .text.__libogc_sbrk_r
                0x0000000080020c0c      0x29c C:/devkitPro/libogc/lib/wii\libogc.a(sbrk.o)
                0x0000000080020c0c                __libogc_sbrk_r
 .text.__memlock_init
                0x0000000080020ea8       0x7c C:/devkitPro/libogc/lib/wii\libogc.a(malloc_lock.o)
                0x0000000080020ea8                __memlock_init
 .text.__libogc_malloc_lock
                0x0000000080020f24      0x1f8 C:/devkitPro/libogc/lib/wii\libogc.a(malloc_lock.o)
                0x0000000080020f24                __libogc_malloc_lock
 .text.__libogc_malloc_unlock
                0x000000008002111c       0x64 C:/devkitPro/libogc/lib/wii\libogc.a(malloc_lock.o)
                0x000000008002111c                __libogc_malloc_unlock
 .text.__STM_SetEventHook
                0x0000000080021180       0xb0 C:/devkitPro/libogc/lib/wii\libogc.a(stm.o)
                0x0000000080021180                __STM_SetEventHook
 .text.__STM_Init
                0x0000000080021230       0x94 C:/devkitPro/libogc/lib/wii\libogc.a(stm.o)
                0x0000000080021230                __STM_Init
 .text.__STMEventHandler
                0x00000000800212c4       0x60 C:/devkitPro/libogc/lib/wii\libogc.a(stm.o)
 .text.__STM_ReleaseEventHook
                0x0000000080021324       0x80 C:/devkitPro/libogc/lib/wii\libogc.a(stm.o)
                0x0000000080021324                __STM_ReleaseEventHook
 .text.__STM_Close
                0x00000000800213a4       0xac C:/devkitPro/libogc/lib/wii\libogc.a(stm.o)
                0x00000000800213a4                __STM_Close
 .text.STM_RegisterEventHandler
                0x0000000080021450       0x10 C:/devkitPro/libogc/lib/wii\libogc.a(stm.o)
                0x0000000080021450                STM_RegisterEventHandler
 .text.STM_ShutdownToStandby
                0x0000000080021460       0x50 C:/devkitPro/libogc/lib/wii\libogc.a(stm.o)
                0x0000000080021460                STM_ShutdownToStandby
 .text.STM_ShutdownToIdle
                0x00000000800214b0       0x70 C:/devkitPro/libogc/lib/wii\libogc.a(stm.o)
                0x00000000800214b0                STM_ShutdownToIdle
 .text.STM_SetLedMode
                0x0000000080021520       0x40 C:/devkitPro/libogc/lib/wii\libogc.a(stm.o)
                0x0000000080021520                STM_SetLedMode
 .text.STM_RebootSystem
                0x0000000080021560       0x50 C:/devkitPro/libogc/lib/wii\libogc.a(stm.o)
                0x0000000080021560                STM_RebootSystem
 .text.__IOS_InitializeSubsystems
                0x00000000800215b0       0x48 C:/devkitPro/libogc/lib/wii\libogc.a(ios.o)
                0x00000000800215b0                __IOS_InitializeSubsystems
 .text.__IOS_ShutdownSubsystems
                0x00000000800215f8       0x48 C:/devkitPro/libogc/lib/wii\libogc.a(ios.o)
                0x00000000800215f8                __IOS_ShutdownSubsystems
 .text.__IOS_LoadStartupIOS
                0x0000000080021640        0x8 C:/devkitPro/libogc/lib/wii\libogc.a(ios.o)
                0x0000000080021640                __IOS_LoadStartupIOS
 .text._ES_fillstat
                0x0000000080021648       0xe8 C:/devkitPro/libogc/lib/wii\libogc.a(es.o)
 .text._ES_fstat_r
                0x0000000080021730       0x8c C:/devkitPro/libogc/lib/wii\libogc.a(es.o)
 .text.__ES_Close.part.0
                0x00000000800217bc       0x44 C:/devkitPro/libogc/lib/wii\libogc.a(es.o)
 .text.__ES_Init
                0x0000000080021800       0x78 C:/devkitPro/libogc/lib/wii\libogc.a(es.o)
                0x0000000080021800                __ES_Init
 .text.__ES_Close
                0x0000000080021878       0x18 C:/devkitPro/libogc/lib/wii\libogc.a(es.o)
                0x0000000080021878                __ES_Close
 .text.ES_GetTitleID
                0x0000000080021890       0x80 C:/devkitPro/libogc/lib/wii\libogc.a(es.o)
                0x0000000080021890                ES_GetTitleID
 .text.ES_LaunchTitle
                0x0000000080021910       0xb4 C:/devkitPro/libogc/lib/wii\libogc.a(es.o)
                0x0000000080021910                ES_LaunchTitle
 .text.ES_GetNumTicketViews
                0x00000000800219c4       0x84 C:/devkitPro/libogc/lib/wii\libogc.a(es.o)
                0x00000000800219c4                ES_GetNumTicketViews
 .text.ES_GetTicketViews
                0x0000000080021a48       0x8c C:/devkitPro/libogc/lib/wii\libogc.a(es.o)
                0x0000000080021a48                ES_GetTicketViews
 .text.ES_GetStoredTMDSize
                0x0000000080021ad4       0x84 C:/devkitPro/libogc/lib/wii\libogc.a(es.o)
                0x0000000080021ad4                ES_GetStoredTMDSize
 .text.ES_GetStoredTMD
                0x0000000080021b58       0x90 C:/devkitPro/libogc/lib/wii\libogc.a(es.o)
                0x0000000080021b58                ES_GetStoredTMD
 .text._ES_decodepath
                0x0000000080021be8      0x370 C:/devkitPro/libogc/lib/wii\libogc.a(es.o)
 .text._ES_stat_r
                0x0000000080021f58       0x5c C:/devkitPro/libogc/lib/wii\libogc.a(es.o)
 .text.ES_OpenContent
                0x0000000080021fb4       0x30 C:/devkitPro/libogc/lib/wii\libogc.a(es.o)
                0x0000000080021fb4                ES_OpenContent
 .text.ES_OpenTitleContent
                0x0000000080021fe4       0x70 C:/devkitPro/libogc/lib/wii\libogc.a(es.o)
                0x0000000080021fe4                ES_OpenTitleContent
 .text._ES_open_r
                0x0000000080022054      0x13c C:/devkitPro/libogc/lib/wii\libogc.a(es.o)
 .text.ES_ReadContent
                0x0000000080022190       0x6c C:/devkitPro/libogc/lib/wii\libogc.a(es.o)
                0x0000000080022190                ES_ReadContent
 .text._ES_read_r
                0x00000000800221fc      0x1c8 C:/devkitPro/libogc/lib/wii\libogc.a(es.o)
 .text.ES_SeekContent
                0x00000000800223c4       0x4c C:/devkitPro/libogc/lib/wii\libogc.a(es.o)
                0x00000000800223c4                ES_SeekContent
 .text._ES_seek_r
                0x0000000080022410       0xb8 C:/devkitPro/libogc/lib/wii\libogc.a(es.o)
 .text.ES_CloseContent
                0x00000000800224c8       0x40 C:/devkitPro/libogc/lib/wii\libogc.a(es.o)
                0x00000000800224c8                ES_CloseContent
 .text._ES_close_r
                0x0000000080022508       0x8c C:/devkitPro/libogc/lib/wii\libogc.a(es.o)
 .text.__usbv5_messageCB
                0x0000000080022594       0x5c C:/devkitPro/libogc/lib/wii\libogc.a(usb.o)
 .text.__usbv0_messageCB
                0x00000000800225f0       0xb0 C:/devkitPro/libogc/lib/wii\libogc.a(usb.o)
 .text.__usb_control_message
                0x00000000800226a0      0x474 C:/devkitPro/libogc/lib/wii\libogc.a(usb.o)
 .text.__find_device_on_host.part.0
                0x0000000080022b14       0x4c C:/devkitPro/libogc/lib/wii\libogc.a(usb.o)
 .text.USBV5_SuspendResume
                0x0000000080022b60       0xe4 C:/devkitPro/libogc/lib/wii\libogc.a(usb.o)
 .text.__usbv5_devicechangeCB
                0x0000000080022c44      0x134 C:/devkitPro/libogc/lib/wii\libogc.a(usb.o)
 .text.__usbv5_attachfinishCB
                0x0000000080022d78       0xec C:/devkitPro/libogc/lib/wii\libogc.a(usb.o)
 .text.USB_FreeDescriptors.part.4
                0x0000000080022e64       0xfc C:/devkitPro/libogc/lib/wii\libogc.a(usb.o)
 .text.USB_Deinitialize
                0x0000000080022f60       0xc8 C:/devkitPro/libogc/lib/wii\libogc.a(usb.o)
                0x0000000080022f60                USB_Deinitialize
 .text.USB_Initialize
                0x0000000080023028      0x2f0 C:/devkitPro/libogc/lib/wii\libogc.a(usb.o)
                0x0000000080023028                USB_Initialize
 .text.USBV5_CloseDevice
                0x0000000080023318       0xf0 C:/devkitPro/libogc/lib/wii\libogc.a(usb.o)
                0x0000000080023318                USBV5_CloseDevice
 .text.USB_CloseDeviceAsync
                0x0000000080023408       0xd0 C:/devkitPro/libogc/lib/wii\libogc.a(usb.o)
                0x0000000080023408                USB_CloseDeviceAsync
 .text.USB_GetDescriptors
                0x00000000800234d8      0xb54 C:/devkitPro/libogc/lib/wii\libogc.a(usb.o)
                0x00000000800234d8                USB_GetDescriptors
 .text.USB_ReadIntrMsgAsync
                0x000000008002402c      0x27c C:/devkitPro/libogc/lib/wii\libogc.a(usb.o)
                0x000000008002402c                USB_ReadIntrMsgAsync
 .text.USB_ReadBlkMsgAsync