Archive member included to satisfy reference by file (symbol)

C:/devkitPro/libogc/lib/wii\libwiiuse.a(wpad.o)
                              automated-snake.o (WPAD_SetDataFormat)
C:/devkitPro/libogc/lib/wii\libwiiuse.a(motion_plus.o)
                              C:/devkitPro/libogc/lib/wii\libwiiuse.a(wpad.o) (wiiuse_set_motion_plus)
C:/devkitPro/libogc/lib/wii\libwiiuse.a(dynamics.o)
                              C:/devkitPro/libogc/lib/wii\libwiiuse.a(wpad.o) (calculate_gforce)
C:/devkitPro/libogc/lib/wii\libwiiuse.a(io.o)
                              C:/devkitPro/libogc/lib/wii\libwiiuse.a(motion_plus.o) (wiiuse_disable_expansion)
C:/devkitPro/libogc/lib/wii\libwiiuse.a(io_wii.o)
                              C:/devkitPro/libogc/lib/wii\libwiiuse.a(wpad.o) (__wiiuse_sensorbar_enable)
C:/devkitPro/libogc/lib/wii\libwiiuse.a(ir.o)
                              C:/devkitPro/libogc/lib/wii\libwiiuse.a(motion_plus.o) (wiiuse_set_ir_mode)
C:/devkitPro/libogc/lib/wii\libwiiuse.a(nunchuk.o)
                              C:/devkitPro/libogc/lib/wii\libwiiuse.a(io.o) (nunchuk_handshake)
C:/devkitPro/libogc/lib/wii\libwiiuse.a(wiiboard.o)
                              C:/devkitPro/libogc/lib/wii\libwiiuse.a(io.o) (wii_board_handshake)
C:/devkitPro/libogc/lib/wii\libwiiuse.a(wiiuse.o)
                              C:/devkitPro/libogc/lib/wii\libwiiuse.a(wpad.o) (wiiuse_init)
C:/devkitPro/libogc/lib/wii\libwiiuse.a(speaker.o)
                              C:/devkitPro/libogc/lib/wii\libwiiuse.a(wpad.o) (wencdata)
C:/devkitPro/libogc/lib/wii\libwiiuse.a(classic.o)
                              C:/devkitPro/libogc/lib/wii\libwiiuse.a(io.o) (classic_ctrl_handshake)
C:/devkitPro/libogc/lib/wii\libwiiuse.a(events.o)
                              C:/devkitPro/libogc/lib/wii\libwiiuse.a(io_wii.o) (parse_event)
C:/devkitPro/libogc/lib/wii\libwiiuse.a(guitar_hero_3.o)
                              C:/devkitPro/libogc/lib/wii\libwiiuse.a(io.o) (guitar_hero_3_handshake)
C:/devkitPro/libogc/lib/wii\libbte.a(bte.o)
                              C:/devkitPro/libogc/lib/wii\libwiiuse.a(wpad.o) (BTE_Init)
C:/devkitPro/libogc/lib/wii\libbte.a(hci.o)
                              C:/devkitPro/libogc/lib/wii\libbte.a(bte.o) (hci_init)
C:/devkitPro/libogc/lib/wii\libbte.a(l2cap.o)
                              C:/devkitPro/libogc/lib/wii\libbte.a(bte.o) (l2cap_init)
C:/devkitPro/libogc/lib/wii\libbte.a(btmemb.o)
                              C:/devkitPro/libogc/lib/wii\libbte.a(bte.o) (btmemb_init)
C:/devkitPro/libogc/lib/wii\libbte.a(btmemr.o)
                              C:/devkitPro/libogc/lib/wii\libbte.a(hci.o) (btmemr_init)
C:/devkitPro/libogc/lib/wii\libbte.a(btpbuf.o)
                              C:/devkitPro/libogc/lib/wii\libbte.a(hci.o) (btpbuf_init)
C:/devkitPro/libogc/lib/wii\libbte.a(physbusif.o)
                              C:/devkitPro/libogc/lib/wii\libbte.a(bte.o) (physbusif_init)
C:/devkitPro/libogc/lib/wii\libogc.a(console.o)
                              automated-snake.o (CON_Init)
C:/devkitPro/libogc/lib/wii\libogc.a(lwp_queue.o)
                              C:/devkitPro/libogc/lib/wii\libwiiuse.a(io_wii.o) (__lwp_queue_initialize)
C:/devkitPro/libogc/lib/wii\libogc.a(lwp_threads.o)
                              C:/devkitPro/libogc/lib/wii\libwiiuse.a(wpad.o) (_thread_dispatch_disable_level)
C:/devkitPro/libogc/lib/wii\libogc.a(lwp.o)
                              C:/devkitPro/libogc/lib/wii\libbte.a(bte.o) (LWP_InitQueue)
C:/devkitPro/libogc/lib/wii\libogc.a(lwp_handler.o)
                              C:/devkitPro/libogc/lib/wii\libogc.a(lwp_threads.o) (_cpu_context_save_fp)
C:/devkitPro/libogc/lib/wii\libogc.a(lwp_stack.o)
                              C:/devkitPro/libogc/lib/wii\libogc.a(lwp_threads.o) (__lwp_stack_allocate)
C:/devkitPro/libogc/lib/wii\libogc.a(lwp_watchdog.o)
                              C:/devkitPro/libogc/lib/wii\libogc.a(lwp_threads.o) (_wd_ticks_queue)
C:/devkitPro/libogc/lib/wii\libogc.a(lwp_wkspace.o)
                              C:/devkitPro/libogc/lib/wii\libwiiuse.a(motion_plus.o) (__wkspace_heap)
C:/devkitPro/libogc/lib/wii\libogc.a(lwp_objmgr.o)
                              C:/devkitPro/libogc/lib/wii\libogc.a(lwp.o) (__lwp_objmgr_initinfo)
C:/devkitPro/libogc/lib/wii\libogc.a(lwp_heap.o)
                              C:/devkitPro/libogc/lib/wii\libogc.a(lwp_wkspace.o) (__lwp_heap_init)
C:/devkitPro/libogc/lib/wii\libogc.a(sys_state.o)
                              C:/devkitPro/libogc/lib/wii\libogc.a(lwp_threads.o) (_sys_state_curr)
C:/devkitPro/libogc/lib/wii\libogc.a(irq.o)
                              C:/devkitPro/libogc/lib/wii\libwiiuse.a(io_wii.o) (IRQ_Disable)
C:/devkitPro/libogc/lib/wii\libogc.a(video.o)
                              C:/devkitPro/libogc/lib/wii\libogc.a(console.o) (VIDEO_GetCurrentFramebuffer)
C:/devkitPro/libogc/lib/wii\libogc.a(system.o)
                              C:/devkitPro/libogc/lib/wii\libwiiuse.a(wpad.o) (__SYS_DoPowerCB)
[...]
Memory Configuration

Name             Origin             Length             Attributes
*default*        0x0000000000000000 0xffffffffffffffff

Linker script and memory map

                0x0000000000003400                . = 0x3400

.stub
 *(.stub)
                0x0000000080004000                . = 0x80004000

.init           0x0000000080004000      0x194
 *crt0.o(*.init)
 .init          0x0000000080004000      0x170 C:/devkitPro/libogc/lib/wii\libogc.a(ogc_crt0.o)
                0x0000000080004000                _start
                0x0000000080004140                _memset
 *(.init)
 .init          0x0000000080004170        0xc c:/devkitpro/devkitppc/bin/../lib/gcc/powerpc-eabi/8.3.0/ecrti.o
                0x0000000080004170                __init
 .init          0x000000008000417c        0x4 c:/devkitpro/devkitppc/bin/../lib/gcc/powerpc-eabi/8.3.0/crtbegin.o
 .init          0x0000000080004180        0x4 c:/devkitpro/devkitppc/bin/../lib/gcc/powerpc-eabi/8.3.0/crtend.o
 .init          0x0000000080004184       0x10 c:/devkitpro/devkitppc/bin/../lib/gcc/powerpc-eabi/8.3.0/ecrtn.o

.rela.dyn       0x0000000080004194        0x0
 .rela.iplt     0x0000000080004194        0x0 C:/devkitPro/libogc/lib/wii\libbte.a(l2cap.o)

.plt
 *(.plt)

.interp
 *(.interp)

.hash
 *(.hash)

.dynsym
 *(.dynsym)

.dynstr
 *(.dynstr)

.gnu.version
 *(.gnu.version)

.gnu.version_d
 *(.gnu.version_d)

.gnu.version_r
 *(.gnu.version_r)

.rel.init
 *(.rel.init)

.rela.init      0x0000000080004194        0x0
 *(.rela.init)
 .rela.init     0x0000000080004194        0x0 C:/devkitPro/libogc/lib/wii\libbte.a(l2cap.o)

.rel.text
 *(.rel.text .rel.text.* .rel.gnu.linkonce.t.*)

.rela.text      0x0000000080004194        0x0
 *(.rela.text .rela.text.* .rela.gnu.linkonce.t.*)
 .rela.text.deregister_tm_clones
                0x0000000080004194        0x0 C:/devkitPro/libogc/lib/wii\libbte.a(l2cap.o)
 .rela.text.register_tm_clones
                0x0000000080004194        0x0 C:/devkitPro/libogc/lib/wii\libbte.a(l2cap.o)
 .rela.text.__do_global_dtors_aux
                0x0000000080004194        0x0 C:/devkitPro/libogc/lib/wii\libbte.a(l2cap.o)
 .rela.text.frame_dummy
                0x0000000080004194        0x0 C:/devkitPro/libogc/lib/wii\libbte.a(l2cap.o)
 .rela.text.startup.main
                0x0000000080004194        0x0 C:/devkitPro/libogc/lib/wii\libbte.a(l2cap.o)
 .rela.text.wiiuse_handshake
                0x0000000080004194        0x0 C:/devkitPro/libogc/lib/wii\libbte.a(l2cap.o)
 .rela.text.wiiuse_handshake_expansion
                0x0000000080004194        0x0 C:/devkitPro/libogc/lib/wii\libbte.a(l2cap.o)
 .rela.text.wiiuse_init_cmd_queue
                0x0000000080004194        0x0 C:/devkitPro/libogc/lib/wii\libbte.a(l2cap.o)
 .rela.text.wiiuse_init
                0x0000000080004194        0x0 C:/devkitPro/libogc/lib/wii\libbte.a(l2cap.o)
 .rela.text.__lwp_thread_tickle_timeslice
                0x0000000080004194        0x0 C:/devkitPro/libogc/lib/wii\libbte.a(l2cap.o)
 .rela.text.__lwp_thread_setstate
                0x0000000080004194        0x0 C:/devkitPro/libogc/lib/wii\libbte.a(l2cap.o)
 .rela.text.__lwp_thread_changepriority
                0x0000000080004194        0x0 C:/devkitPro/libogc/lib/wii\libbte.a(l2cap.o)
 .rela.text.__lwp_thread_ready
                0x0000000080004194        0x0 C:/devkitPro/libogc/lib/wii\libbte.a(l2cap.o)
 .rela.text.__lwp_thread_init
                0x0000000080004194        0x0 C:/devkitPro/libogc/lib/wii\libbte.a(l2cap.o)
 .rela.text.__lwp_thread_close
                0x0000000080004194        0x0 C:/devkitPro/libogc/lib/wii\libbte.a(l2cap.o)
 .rela.text.__lwp_thread_closeall
                0x0000000080004194        0x0 C:/devkitPro/libogc/lib/wii\libbte.a(l2cap.o)
 .rela.text.__lwp_thread_startmultitasking
                0x0000000080004194        0x0 C:/devkitPro/libogc/lib/wii\libbte.a(l2cap.o)
 .rela.text.__lwp_thread_stopmultitasking
                0x0000000080004194        0x0 C:/devkitPro/libogc/lib/wii\libbte.a(l2cap.o)
 .rela.text.__lwp_thread_coreinit
                0x0000000080004194        0x0 C:/devkitPro/libogc/lib/wii\libbte.a(l2cap.o)
 .rela.text.__lwp_sysinit
                0x0000000080004194        0x0 C:/devkitPro/libogc/lib/wii\libbte.a(l2cap.o)
 .rela.text.LWP_InitQueue
                0x0000000080004194        0x0 C:/devkitPro/libogc/lib/wii\libbte.a(l2cap.o)
 .rela.text.LWP_CloseQueue
                0x0000000080004194        0x0 C:/devkitPro/libogc/lib/wii\libbte.a(l2cap.o)
 .rela.text.LWP_ThreadSleep
                0x0000000080004194        0x0 C:/devkitPro/libogc/lib/wii\libbte.a(l2cap.o)
 .rela.text.LWP_ThreadBroadcast
                0x0000000080004194        0x0 C:/devkitPro/libogc/lib/wii\libbte.a(l2cap.o)
 .rela.text.LWP_ThreadSignal
                0x0000000080004194        0x0 C:/devkitPro/libogc/lib/wii\libbte.a(l2cap.o)
 .rela.text.__lwp_stack_allocate
                0x0000000080004194        0x0 C:/devkitPro/libogc/lib/wii\libbte.a(l2cap.o)
 .rela.text.__lwp_stack_free
                0x0000000080004194        0x0 C:/devkitPro/libogc/lib/wii\libbte.a(l2cap.o)
 .rela.text.__lwp_watchdog_init
                0x0000000080004194        0x0 C:/devkitPro/libogc/lib/wii\libbte.a(l2cap.o)
 .rela.text.__lwp_wd_tickle
                0x0000000080004194        0x0 C:/devkitPro/libogc/lib/wii\libbte.a(l2cap.o)
 .rela.text.__lwp_wkspace_init
                0x0000000080004194        0x0 C:/devkitPro/libogc/lib/wii\libbte.a(l2cap.o)
 .rela.text.__lwp_objmgr_initinfo
                0x0000000080004194        0x0 C:/devkitPro/libogc/lib/wii\libbte.a(l2cap.o)
 .rela.text.__irq_init
                0x0000000080004194        0x0 C:/devkitPro/libogc/lib/wii\libbte.a(l2cap.o)
 .rela.text.__call_resetfuncs
                0x0000000080004194        0x0 C:/devkitPro/libogc/lib/wii\libbte.a(l2cap.o)
 .rela.text.__unlocksram
                0x0000000080004194        0x0 C:/devkitPro/libogc/lib/wii\libbte.a(l2cap.o)
 .rela.text.__sram_writecallback
                0x0000000080004194        0x0 C:/devkitPro/libogc/lib/wii\libbte.a(l2cap.o)
 .rela.text.__sys_alarmhandler
                0x0000000080004194        0x0 C:/devkitPro/libogc/lib/wii\libbte.a(l2cap.o)
 .rela.text.__sram_read.constprop.11
                0x0000000080004194        0x0 C:/devkitPro/libogc/lib/wii\libbte.a(l2cap.o)
 .rela.text.SYS_Init
                0x0000000080004194        0x0 C:/devkitPro/libogc/lib/wii\libbte.a(l2cap.o)
 .rela.text.SYS_SetAlarm
                0x0000000080004194        0x0 C:/devkitPro/libogc/lib/wii\libbte.a(l2cap.o)
 .rela.text.SYS_SetPeriodicAlarm
                0x0000000080004194        0x0 C:/devkitPro/libogc/lib/wii\libbte.a(l2cap.o)
 .rela.text.SYS_RemoveAlarm
                0x0000000080004194        0x0 C:/devkitPro/libogc/lib/wii\libbte.a(l2cap.o)
 .rela.text.SYS_CancelAlarm
                0x0000000080004194        0x0 C:/devkitPro/libogc/lib/wii\libbte.a(l2cap.o)
 .rela.text.SYS_SetWirelessID
                0x0000000080004194        0x0 C:/devkitPro/libogc/lib/wii\libbte.a(l2cap.o)
 .rela.text.SYS_GetWirelessID
                0x0000000080004194        0x0 C:/devkitPro/libogc/lib/wii\libbte.a(l2cap.o)
 .rela.text.__lwp_cond_init
                0x0000000080004194        0x0 C:/devkitPro/libogc/lib/wii\libbte.a(l2cap.o)
 .rela.text.c_decrementer_handler
                0x0000000080004194        0x0 C:/devkitPro/libogc/lib/wii\libbte.a(l2cap.o)
 .rela.text.__lwp_mqbox_init
                0x0000000080004194        0x0 C:/devkitPro/libogc/lib/wii\libbte.a(l2cap.o)
 .rela.text.__ios_ioctlvformat_parse
                0x0000000080004194        0x0 C:/devkitPro/libogc/lib/wii\libbte.a(l2cap.o)
 .rela.text.__ioctlvfmtCB
                0x0000000080004194        0x0 C:/devkitPro/libogc/lib/wii\libbte.a(l2cap.o)
 .rela.text.IOS_IoctlvFormat
                0x0000000080004194        0x0 C:/devkitPro/libogc/lib/wii\libbte.a(l2cap.o)
 .rela.text.__libogc_nanosleep
                0x0000000080004194        0x0 C:/devkitPro/libogc/lib/wii\libbte.a(l2cap.o)
 .rela.text.__libc_delete_hook
                0x0000000080004194        0x0 C:/devkitPro/libogc/lib/wii\libbte.a(l2cap.o)
 .rela.text.__libc_init
                0x0000000080004194        0x0 C:/devkitPro/libogc/lib/wii\libbte.a(l2cap.o)
 .rela.text.__CheckARGV
                0x0000000080004194        0x0 C:/devkitPro/libogc/lib/wii\libbte.a(l2cap.o)
 .rela.text.__lwp_priority_init
                0x0000000080004194        0x0 C:/devkitPro/libogc/lib/wii\libbte.a(l2cap.o)
 .rela.text.__lwp_threadqueue_enqueuefifo
                0x0000000080004194        0x0 C:/devkitPro/libogc/lib/wii\libbte.a(l2cap.o)
 .rela.text.__lwp_threadqueue_dequeuefifo
                0x0000000080004194        0x0 C:/devkitPro/libogc/lib/wii\libbte.a(l2cap.o)
 .rela.text.__lwp_threadqueue_enqueuepriority
                0x0000000080004194        0x0 C:/devkitPro/libogc/lib/wii\libbte.a(l2cap.o)
 .rela.text.__lwp_threadqueue_dequeuepriority
                0x0000000080004194        0x0 C:/devkitPro/libogc/lib/wii\libbte.a(l2cap.o)
 .rela.text.__lwp_threadqueue_enqueue
                0x0000000080004194        0x0 C:/devkitPro/libogc/lib/wii\libbte.a(l2cap.o)
 .rela.text.__lwp_threadqueue_extractfifo
                0x0000000080004194        0x0 C:/devkitPro/libogc/lib/wii\libbte.a(l2cap.o)
 .rela.text.__lwp_threadqueue_extractpriority
                0x0000000080004194        0x0 C:/devkitPro/libogc/lib/wii\libbte.a(l2cap.o)
 .rela.text.__exception_init
                0x0000000080004194        0x0 C:/devkitPro/libogc/lib/wii\libbte.a(l2cap.o)
 .rela.text.__exception_close
                0x0000000080004194        0x0 C:/devkitPro/libogc/lib/wii\libbte.a(l2cap.o)
 .rela.text     0x0000000080004194        0x0 C:/devkitPro/libogc/lib/wii\libbte.a(l2cap.o)
 .rela.text.__lwp_sema_init
                0x0000000080004194        0x0 C:/devkitPro/libogc/lib/wii\libbte.a(l2cap.o)
 .rela.text.__lwp_mutex_locksupp.constprop.8
                0x0000000080004194        0x0 C:/devkitPro/libogc/lib/wii\libbte.a(l2cap.o)
 .rela.text.__lwp_mutex_init
                0x0000000080004194        0x0 C:/devkitPro/libogc/lib/wii\libbte.a(l2cap.o)
 .rela.text.LWP_MutexInit
                0x0000000080004194        0x0 C:/devkitPro/libogc/lib/wii\libbte.a(l2cap.o)
 .rela.text.LWP_MutexDestroy
                0x0000000080004194        0x0 C:/devkitPro/libogc/lib/wii\libbte.a(l2cap.o)
 .rela.text.LWP_MutexUnlock
                0x0000000080004194        0x0 C:/devkitPro/libogc/lib/wii\libbte.a(l2cap.o)
 .rela.text.__GX_InitRevBits
                0x0000000080004194        0x0 C:/devkitPro/libogc/lib/wii\libbte.a(l2cap.o)
 .rela.text.__GX_CleanGPFifo
                0x0000000080004194        0x0 C:/devkitPro/libogc/lib/wii\libbte.a(l2cap.o)
 .rela.text.__SetSURegs
                0x0000000080004194        0x0 C:/devkitPro/libogc/lib/wii\libbte.a(l2cap.o)
 .rela.text.__GX_Abort
                0x0000000080004194        0x0 C:/devkitPro/libogc/lib/wii\libbte.a(l2cap.o)
 .rela.text.__GX_SetDirtyState
                0x0000000080004194        0x0 C:/devkitPro/libogc/lib/wii\libbte.a(l2cap.o)
 .rela.text.GX_Flush
                0x0000000080004194        0x0 C:/devkitPro/libogc/lib/wii\libbte.a(l2cap.o)
 .rela.text.GX_AbortFrame
                0x0000000080004194        0x0 C:/devkitPro/libogc/lib/wii\libbte.a(l2cap.o)
 .rela.text.kprintf
                0x0000000080004194        0x0 C:/devkitPro/libogc/lib/wii\libbte.a(l2cap.o)

.rel.fini
 *(.rel.fini)

.rela.fini
 *(.rela.fini)

.rel.rodata
 *(.rel.rodata .rel.rodata.* .rel.gnu.linkonce.r.*)

.rela.rodata
 *(.rela.rodata .rela.rodata.* .rela.gnu.linkonce.r.*)

.rel.data
 *(.rel.data .rel.data.* .rel.gnu.linkonce.d.*)

.rela.data
 *(.rela.data .rela.data.* .rela.gnu.linkonce.d.*)

.rel.tdata
 *(.rel.tdata .rel.tdata.* .rel.gnu.linkonce.td.*)

.rela.tdata
 *(.rela.tdata .rela.tdata.* .rela.gnu.linkonce.td.*)

.rel.tbss
 *(.rel.tbss .rel.tbss.* .rel.gnu.linkonce.tb.*)

.rela.tbss
 *(.rela.tbss .rela.tbss.* .rela.gnu.linkonce.tb.*)

.rel.ctors
 *(.rel.ctors)

.rela.ctors
 *(.rela.ctors)

.rel.dtors
 *(.rel.dtors)

.rela.dtors
 *(.rela.dtors)

.rel.got
 *(.rel.got)

.rela.got
 *(.rela.got)

.rela.got1
 *(.rela.got1)

.rela.got2
 *(.rela.got2)

.rel.sdata
 *(.rel.sdata .rel.sdata.* .rel.gnu.linkonce.s.*)

.rela.sdata
 *(.rela.sdata .rela.sdata.* .rela.gnu.linkonce.s.*)

.rel.sbss
 *(.rel.sbss .rel.sbss.* .rel.gnu.linkonce.sb.*)

.rela.sbss
 *(.rela.sbss .rela.sbss.* .rel.gnu.linkonce.sb.*)

.rel.sdata2
 *(.rel.sdata2 .rel.sdata2.* .rel.gnu.linkonce.s2.*)

.rela.sdata2    0x0000000080004194        0x0
 *(.rela.sdata2 .rela.sdata2.* .rela.gnu.linkonce.s2.*)
 .rela.sdata2.__sys_inIPL
                0x0000000080004194        0x0 C:/devkitPro/libogc/lib/wii\libbte.a(l2cap.o)

.rel.sbss2
 *(.rel.sbss2 .rel.sbss2.* .rel.gnu.linkonce.sb2.*)

.rela.sbss2
 *(.rela.sbss2 .rela.sbss2.* .rela.gnu.linkonce.sb2.*)

.rel.bss
 *(.rel.bss .rel.bss.* .rel.gnu.linkonce.b.*)

.rela.bss
 *(.rela.bss .rela.bss.* .rela.gnu.linkonce.b.*)

.rel.plt
 *(.rel.plt)

.rela.plt
 *(.rela.plt)

.text           0x00000000800041a0    0x37fe0
 *(.text)
 .text          0x00000000800041a0      0x44c C:/devkitPro/libogc/lib/wii\libogc.a(lwp_handler.o)
                0x00000000800041a0                _cpu_context_save_fp
                0x00000000800042e0                _cpu_context_restore_fp
                0x0000000080004420                _cpu_context_switch
                0x0000000080004500                _cpu_context_save
                0x0000000080004580                _cpu_context_restore
 .text          0x00000000800045ec      0x4a0 C:/devkitPro/libogc/lib/wii\libogc.a(system_asm.o)
                0x00000000800045ec                __realmode
                0x0000000080004604                __configBATS
                0x0000000080004734                __InitFPRS
                0x0000000080004860                __InitPS
                0x00000000800048bc                __InitCache
                0x0000000080004914                __InitSystem
                0x000000008000499c                __flush_cache
                0x00000000800049d0                __reset
                0x0000000080004a40                __InitBATS
                0x0000000080004a5c                SYS_SwitchFiber
 .text          0x0000000080004a8c      0x1ac C:/devkitPro/libogc/lib/wii\libogc.a(irq_handler.o)
                0x0000000080004a8c                irq_exceptionhandler
 .text          0x0000000080004c38      0x118 C:/devkitPro/libogc/lib/wii\libogc.a(video_asm.o)
                0x0000000080004c38                __VIClearFramebuffer
 .text          0x0000000080004d50      0x4f4 C:/devkitPro/libogc/lib/wii\libogc.a(cache_asm.o)
                0x0000000080004d50                DCFlashInvalidate
                0x0000000080004d64                DCEnable
                0x0000000080004d78                DCDisable
                0x0000000080004d8c                DCFreeze
                0x0000000080004da0                DCUnfreeze
                0x0000000080004db4                DCTouchLoad
                0x0000000080004dbc                DCBlockZero
                0x0000000080004dc4                DCBlockStore
                0x0000000080004dcc                DCBlockFlush
                0x0000000080004dd4                DCBlockInvalidate
                0x0000000080004ddc                DCInvalidateRange
                0x0000000080004e0c                DCFlushRange
                0x0000000080004e40                DCStoreRange
                0x0000000080004e74                DCFlushRangeNoSync
                0x0000000080004ea4                DCStoreRangeNoSync
                0x0000000080004ed4                DCZeroRange
                0x0000000080004f04                DCTouchRange
                0x0000000080004f34                ICInvalidateRange
                0x0000000080004f6c                ICFlashInvalidate
                0x0000000080004f80                ICEnable
                0x0000000080004f94                ICDisable
                0x0000000080004fa8                ICFreeze
                0x0000000080004fbc                ICUnfreeze
                0x0000000080004fd0                ICBlockInvalidate
                0x0000000080004fd8                ICSync
                0x0000000080004fe0                L2Init
                0x0000000080005028                L2Enable
                0x0000000080005044                L2Disable
                0x000000008000505c                L2GlobalInvalidate
                0x00000000800050b4                __LCEnable
                0x0000000080005180                LCDisable
                0x00000000800051a8                LCAllocOneTag
                0x00000000800051bc                LCAllocTags
                0x00000000800051fc                LCLoadBlocks
                0x0000000080005220                LCStoreBlocks
 .text          0x0000000080005244      0x1ac C:/devkitPro/libogc/lib/wii\libogc.a(decrementer_handler.o)
                0x0000000080005244                dec_exceptionhandler
 .text          0x00000000800053f0      0x35c C:/devkitPro/libogc/lib/wii\libogc.a(exception_handler.o)
                0x00000000800053f0                exceptionhandler_start
                0x000000008000546c                exceptionhandler_patch
                0x00000000800054a0                exceptionhandler_end
                0x00000000800054a4                default_exceptionhandler
                0x00000000800055d4                fpu_exceptionhandler
                0x000000008000571c                systemcallhandler_start
                0x0000000080005748                systemcallhandler_end
 .text          0x000000008000574c       0x48 c:/devkitpro/devkitppc/bin/../lib/gcc/powerpc-eabi/8.3.0\libgcc.a(eabi.o)
                0x000000008000574c                __eabi
 *(.text.*)
 .text.deregister_tm_clones
                0x0000000080005794       0x30 c:/devkitpro/devkitppc/bin/../lib/gcc/powerpc-eabi/8.3.0/crtbegin.o
 .text.register_tm_clones
                0x00000000800057c4       0x3c c:/devkitpro/devkitppc/bin/../lib/gcc/powerpc-eabi/8.3.0/crtbegin.o
 .text.__do_global_dtors_aux
                0x0000000080005800       0xd0 c:/devkitpro/devkitppc/bin/../lib/gcc/powerpc-eabi/8.3.0/crtbegin.o
 .text.frame_dummy
                0x00000000800058d0       0x44 c:/devkitpro/devkitppc/bin/../lib/gcc/powerpc-eabi/8.3.0/crtbegin.o
 .text.__crtmain
                0x0000000080005914       0x44 c:/devkitpro/devkitppc/bin/../lib/gcc/powerpc-eabi/8.3.0/../../../../powerpc-eabi/lib/crtmain.o
                0x0000000080005918                __crtmain
 .text.drawBox  0x0000000080005958      0x104 automated-snake.o
                0x0000000080005958                drawBox
 .text.startup.main
                0x0000000080005a5c      0x574 automated-snake.o
                0x0000000080005a5c                main
 .text.__wpad_assign_slot
                0x0000000080005fd0      0x210 C:/devkitPro/libogc/lib/wii\libwiiuse.a(wpad.o)
                0x0000000080005fd0                __wpad_assign_slot
 .text.__wpad_def_powcb
                0x00000000800061e0        0x4 C:/devkitPro/libogc/lib/wii\libwiiuse.a(wpad.o)
 .text.__wpad_disconnect
                0x00000000800061e4       0x44 C:/devkitPro/libogc/lib/wii\libwiiuse.a(wpad.o)
 .text.__readlinkkey_finished
                0x0000000080006228       0x34 C:/devkitPro/libogc/lib/wii\libwiiuse.a(wpad.o)
 .text.__wpad_patch_finished
                0x000000008000625c       0x2c C:/devkitPro/libogc/lib/wii\libwiiuse.a(wpad.o)
 .text.__wpad_setfmt
                0x0000000080006288      0x158 C:/devkitPro/libogc/lib/wii\libwiiuse.a(wpad.o)
 .text.__wpad_eventCB
                0x00000000800063e0      0xa1c C:/devkitPro/libogc/lib/wii\libwiiuse.a(wpad.o)
 .text.__wpad_disconnectCB
                0x0000000080006dfc       0xcc C:/devkitPro/libogc/lib/wii\libwiiuse.a(wpad.o)
                0x0000000080006dfc                __wpad_disconnectCB
 .text.__wpad_timeouthandler
                0x0000000080006ec8       0xb0 C:/devkitPro/libogc/lib/wii\libwiiuse.a(wpad.o)
 .text.__initcore_finished
                0x0000000080006f78       0x48 C:/devkitPro/libogc/lib/wii\libwiiuse.a(wpad.o)
 .text.__wpad_init_finished
                0x0000000080006fc0      0x1ac C:/devkitPro/libogc/lib/wii\libwiiuse.a(wpad.o)
 .text.WPAD_ReadEvent
                0x000000008000716c      0x690 C:/devkitPro/libogc/lib/wii\libwiiuse.a(wpad.o)
                0x000000008000716c                WPAD_ReadEvent
 .text.WPAD_ReadPending
                0x00000000800077fc      0x148 C:/devkitPro/libogc/lib/wii\libwiiuse.a(wpad.o)
                0x00000000800077fc                WPAD_ReadPending
 .text.WPAD_ReadPending.part.5
                0x0000000080007944       0x68 C:/devkitPro/libogc/lib/wii\libwiiuse.a(wpad.o)
 .text.WPAD_SetDataFormat
                0x00000000800079ac      0x164 C:/devkitPro/libogc/lib/wii\libwiiuse.a(wpad.o)
                0x00000000800079ac                WPAD_SetDataFormat
 .text.WPAD_SetVRes
                0x0000000080007b10      0x118 C:/devkitPro/libogc/lib/wii\libwiiuse.a(wpad.o)
                0x0000000080007b10                WPAD_SetVRes
 .text.WPAD_Shutdown
                0x0000000080007c28       0xc8 C:/devkitPro/libogc/lib/wii\libwiiuse.a(wpad.o)
                0x0000000080007c28                WPAD_Shutdown
 .text.WPAD_Init
                0x0000000080007cf0      0x2c4 C:/devkitPro/libogc/lib/wii\libwiiuse.a(wpad.o)
                0x0000000080007cf0                WPAD_Init
 .text.__wpad_onreset
                0x0000000080007fb4       0x34 C:/devkitPro/libogc/lib/wii\libwiiuse.a(wpad.o)
 .text.WPAD_ScanPads
                0x0000000080007fe8        0x8 C:/devkitPro/libogc/lib/wii\libwiiuse.a(wpad.o)
                0x0000000080007fe8                WPAD_ScanPads
 .text.WPAD_ButtonsDown
                0x0000000080007ff0       0x28 C:/devkitPro/libogc/lib/wii\libwiiuse.a(wpad.o)
                0x0000000080007ff0                WPAD_ButtonsDown
 .text.WPAD_IR  0x0000000080008018       0x4c C:/devkitPro/libogc/lib/wii\libwiiuse.a(wpad.o)
                0x0000000080008018                WPAD_IR
 .text.motion_plus_disconnected
                0x0000000080008064       0x10 C:/devkitPro/libogc/lib/wii\libwiiuse.a(motion_plus.o)
                0x0000000080008064                motion_plus_disconnected
 .text.motion_plus_event
                0x0000000080008074       0x64 C:/devkitPro/libogc/lib/wii\libwiiuse.a(motion_plus.o)
                0x0000000080008074                motion_plus_event
 .text.apply_smoothing.part.0
                0x00000000800080d8       0xa0 C:/devkitPro/libogc/lib/wii\libwiiuse.a(dynamics.o)
 .text.calculate_gforce
                0x0000000080008178      0x114 C:/devkitPro/libogc/lib/wii\libwiiuse.a(dynamics.o)
                0x0000000080008178                calculate_gforce
 .text.calc_joystick_state
                0x000000008000828c      0x20c C:/devkitPro/libogc/lib/wii\libwiiuse.a(dynamics.o)
                0x000000008000828c                calc_joystick_state
 .text.apply_smoothing
                0x0000000080008498       0xa4 C:/devkitPro/libogc/lib/wii\libwiiuse.a(dynamics.o)
                0x0000000080008498                apply_smoothing
 .text.calculate_orientation
                0x000000008000853c      0x31c C:/devkitPro/libogc/lib/wii\libwiiuse.a(dynamics.o)
                0x000000008000853c                calculate_orientation
 .text.calc_balanceboard_state
                0x0000000080008858      0x394 C:/devkitPro/libogc/lib/wii\libwiiuse.a(dynamics.o)
                0x0000000080008858                calc_balanceboard_state
 .text.wiiuse_handshake
                0x0000000080008bec      0x278 C:/devkitPro/libogc/lib/wii\libwiiuse.a(io.o)
                0x0000000080008bec                wiiuse_handshake
 .text.wiiuse_handshake_expansion
                0x0000000080008e64      0x21c C:/devkitPro/libogc/lib/wii\libwiiuse.a(io.o)
                0x0000000080008e64                wiiuse_handshake_expansion
 .text.wiiuse_handshake_expansion_start
                0x0000000080009080       0x24 C:/devkitPro/libogc/lib/wii\libwiiuse.a(io.o)
                0x0000000080009080                wiiuse_handshake_expansion_start
 .text.wiiuse_disable_expansion
                0x00000000800090a4      0x1b0 C:/devkitPro/libogc/lib/wii\libwiiuse.a(io.o)
                0x00000000800090a4                wiiuse_disable_expansion
 .text.__wiiuse_connected
                0x0000000080009254       0x9c C:/devkitPro/libogc/lib/wii\libwiiuse.a(io_wii.o)
 .text.__wiiuse_disconnected
                0x00000000800092f0       0xb4 C:/devkitPro/libogc/lib/wii\libwiiuse.a(io_wii.o)
 .text.__wiiuse_receive
                0x00000000800093a4       0xd0 C:/devkitPro/libogc/lib/wii\libwiiuse.a(io_wii.o)
 .text.__wiiuse_sensorbar_enable
                0x0000000080009474       0x54 C:/devkitPro/libogc/lib/wii\libwiiuse.a(io_wii.o)
                0x0000000080009474                __wiiuse_sensorbar_enable
 .text.wiiuse_register
                0x00000000800094c8       0xe4 C:/devkitPro/libogc/lib/wii\libwiiuse.a(io_wii.o)
                0x00000000800094c8                wiiuse_register
 .text.wiiuse_disconnect
                0x00000000800095ac       0x24 C:/devkitPro/libogc/lib/wii\libwiiuse.a(io_wii.o)
                0x00000000800095ac                wiiuse_disconnect
 .text.wiiuse_init_cmd_queue
                0x00000000800095d0       0x9c C:/devkitPro/libogc/lib/wii\libwiiuse.a(io_wii.o)
                0x00000000800095d0                wiiuse_init_cmd_queue
 .text.wiiuse_io_write
                0x000000008000966c       0x1c C:/devkitPro/libogc/lib/wii\libwiiuse.a(io_wii.o)
                0x000000008000966c                wiiuse_io_write
 .text.get_ir_sens.isra.0
                0x0000000080009688       0xe4 C:/devkitPro/libogc/lib/wii\libwiiuse.a(ir.o)
 .text.rotate_dots
                0x000000008000976c      0x114 C:/devkitPro/libogc/lib/wii\libwiiuse.a(ir.o)
 .text.wiiuse_set_ir_mode
                0x0000000080009880       0x88 C:/devkitPro/libogc/lib/wii\libwiiuse.a(ir.o)
                0x0000000080009880                wiiuse_set_ir_mode
 .text.wiiuse_set_ir
                0x0000000080009908      0x1f0 C:/devkitPro/libogc/lib/wii\libwiiuse.a(ir.o)
                0x0000000080009908                wiiuse_set_ir
 .text.wiiuse_set_ir_vres
                0x0000000080009af8       0x1c C:/devkitPro/libogc/lib/wii\libwiiuse.a(ir.o)
                0x0000000080009af8                wiiuse_set_ir_vres
 .text.wiiuse_set_ir_position
                0x0000000080009b14       0x80 C:/devkitPro/libogc/lib/wii\libwiiuse.a(ir.o)
                0x0000000080009b14                wiiuse_set_ir_position
 .text.wiiuse_set_aspect_ratio
                0x0000000080009b94       0x44 C:/devkitPro/libogc/lib/wii\libwiiuse.a(ir.o)
                0x0000000080009b94                wiiuse_set_aspect_ratio
 .text.wiiuse_set_ir_sensitivity
                0x0000000080009bd8       0xf4 C:/devkitPro/libogc/lib/wii\libwiiuse.a(ir.o)
                0x0000000080009bd8                wiiuse_set_ir_sensitivity
 .text.calculate_basic_ir
                0x0000000080009ccc       0xf8 C:/devkitPro/libogc/lib/wii\libwiiuse.a(ir.o)
                0x0000000080009ccc                calculate_basic_ir
 .text.calculate_extended_ir
                0x0000000080009dc4       0x64 C:/devkitPro/libogc/lib/wii\libwiiuse.a(ir.o)
                0x0000000080009dc4                calculate_extended_ir
 .text.find_sensorbar
                0x0000000080009e28      0x9e0 C:/devkitPro/libogc/lib/wii\libwiiuse.a(ir.o)
                0x0000000080009e28                find_sensorbar
 .text.apply_ir_smoothing
                0x000000008000a808      0x100 C:/devkitPro/libogc/lib/wii\libwiiuse.a(ir.o)
                0x000000008000a808                apply_ir_smoothing
 .text.interpret_ir_data
                0x000000008000a908      0x3b0 C:/devkitPro/libogc/lib/wii\libwiiuse.a(ir.o)
                0x000000008000a908                interpret_ir_data
 .text.nunchuk_handshake
                0x000000008000acb8      0x2d0 C:/devkitPro/libogc/lib/wii\libwiiuse.a(nunchuk.o)
                0x000000008000acb8                nunchuk_handshake
 .text.nunchuk_disconnected
                0x000000008000af88        0xc C:/devkitPro/libogc/lib/wii\libwiiuse.a(nunchuk.o)
                0x000000008000af88                nunchuk_disconnected
 .text.nunchuk_event
                0x000000008000af94       0xe4 C:/devkitPro/libogc/lib/wii\libwiiuse.a(nunchuk.o)
                0x000000008000af94                nunchuk_event
 .text.wii_board_handshake
                0x000000008000b078      0x2c0 C:/devkitPro/libogc/lib/wii\libwiiuse.a(wiiboard.o)
                0x000000008000b078                wii_board_handshake
 .text.wii_board_disconnected
                0x000000008000b338        0xc C:/devkitPro/libogc/lib/wii\libwiiuse.a(wiiboard.o)
                0x000000008000b338                wii_board_disconnected
 .text.wii_board_event
                0x000000008000b344       0x54 C:/devkitPro/libogc/lib/wii\libwiiuse.a(wiiboard.o)
                0x000000008000b344                wii_board_event
 .text.wiiuse_send_next_command.part.0
                0x000000008000b398       0x44 C:/devkitPro/libogc/lib/wii\libwiiuse.a(wiiuse.o)
 .text.wiiuse_send_next_command
                0x000000008000b3dc       0x18 C:/devkitPro/libogc/lib/wii\libwiiuse.a(wiiuse.o)
                0x000000008000b3dc                wiiuse_send_next_command
 .text.wiiuse_init
                0x000000008000b3f4      0x208 C:/devkitPro/libogc/lib/wii\libwiiuse.a(wiiuse.o)
                0x000000008000b3f4                wiiuse_init
 .text.wiiuse_set_flags
                0x000000008000b5fc       0x2c C:/devkitPro/libogc/lib/wii\libwiiuse.a(wiiuse.o)
                0x000000008000b5fc                wiiuse_set_flags
 .text.wiiuse_read_data
                0x000000008000b628      0x14c C:/devkitPro/libogc/lib/wii\libwiiuse.a(wiiuse.o)
                0x000000008000b628                wiiuse_read_data
 .text.wiiuse_write_data
                0x000000008000b774      0x180 C:/devkitPro/libogc/lib/wii\libwiiuse.a(wiiuse.o)
                0x000000008000b774                wiiuse_write_data
 .text.wiiuse_sendcmd
                0x000000008000b8f4      0x17c C:/devkitPro/libogc/lib/wii\libwiiuse.a(wiiuse.o)
                0x000000008000b8f4                wiiuse_sendcmd
 .text.wiiuse_set_report_type
                0x000000008000ba70      0x144 C:/devkitPro/libogc/lib/wii\libwiiuse.a(wiiuse.o)
                0x000000008000ba70                wiiuse_set_report_type
 .text.wiiuse_motion_sensing
                0x000000008000bbb4       0x84 C:/devkitPro/libogc/lib/wii\libwiiuse.a(wiiuse.o)
                0x000000008000bbb4                wiiuse_motion_sensing
 .text.wiiuse_status
                0x000000008000bc38       0x4c C:/devkitPro/libogc/lib/wii\libwiiuse.a(wiiuse.o)
                0x000000008000bc38                wiiuse_status
 .text.wiiuse_set_leds
                0x000000008000bc84       0x50 C:/devkitPro/libogc/lib/wii\libwiiuse.a(wiiuse.o)
                0x000000008000bc84                wiiuse_set_leds
 .text.wiiuse_set_speaker
                0x000000008000bcd4      0x230 C:/devkitPro/libogc/lib/wii\libwiiuse.a(speaker.o)
                0x000000008000bcd4                wiiuse_set_speaker
 .text.classic_ctrl_handshake
                0x000000008000bf04      0x304 C:/devkitPro/libogc/lib/wii\libwiiuse.a(classic.o)
                0x000000008000bf04                classic_ctrl_handshake
 .text.classic_ctrl_disconnected
                0x000000008000c208        0xc C:/devkitPro/libogc/lib/wii\libwiiuse.a(classic.o)
                0x000000008000c208                classic_ctrl_disconnected
 .text.classic_ctrl_event
                0x000000008000c214      0x16c C:/devkitPro/libogc/lib/wii\libwiiuse.a(classic.o)
                0x000000008000c214                classic_ctrl_event
 .text.handle_expansion
                0x000000008000c380       0x54 C:/devkitPro/libogc/lib/wii\libwiiuse.a(events.o)
 .text.parse_event
                0x000000008000c3d4      0x748 C:/devkitPro/libogc/lib/wii\libwiiuse.a(events.o)
                0x000000008000c3d4                parse_event
 .text.guitar_hero_3_handshake
                0x000000008000cb1c       0x5c C:/devkitPro/libogc/lib/wii\libwiiuse.a(guitar_hero_3.o)
                0x000000008000cb1c                guitar_hero_3_handshake
 .text.guitar_hero_3_disconnected
                0x000000008000cb78        0xc C:/devkitPro/libogc/lib/wii\libwiiuse.a(guitar_hero_3.o)
                0x000000008000cb78                guitar_hero_3_disconnected
 .text.guitar_hero_3_event
                0x000000008000cb84       0x6c C:/devkitPro/libogc/lib/wii\libwiiuse.a(guitar_hero_3.o)
                0x000000008000cb84                guitar_hero_3_event
 .text.acl_wlp_completed
                0x000000008000cbf0        0x8 C:/devkitPro/libogc/lib/wii\libbte.a(bte.o)
                0x000000008000cbf0                acl_wlp_completed
 .text.bt_alarmhandler
                0x000000008000cbf8       0x60 C:/devkitPro/libogc/lib/wii\libbte.a(bte.o)
 .text.__bte_send_pending_request
                0x000000008000cc58      0x104 C:/devkitPro/libogc/lib/wii\libbte.a(bte.o)
 .text.acl_conn_complete
                0x000000008000cd5c       0x2c C:/devkitPro/libogc/lib/wii\libbte.a(bte.o)
                0x000000008000cd5c                acl_conn_complete
 .text.bte_process_input
                0x000000008000cd88      0x148 C:/devkitPro/libogc/lib/wii\libbte.a(bte.o)
 .text.l2cap_disconnect_cfm
                0x000000008000ced0      0x19c C:/devkitPro/libogc/lib/wii\libbte.a(bte.o)
                0x000000008000ced0                l2cap_disconnect_cfm
 .text.l2cap_accepted
                0x000000008000d06c      0x128 C:/devkitPro/libogc/lib/wii\libbte.a(bte.o)
                0x000000008000d06c                l2cap_accepted
 .text.l2cap_disconnected_ind
                0x000000008000d194      0x1a4 C:/devkitPro/libogc/lib/wii\libbte.a(bte.o)
                0x000000008000d194                l2cap_disconnected_ind
 .text.__bte_shutdown_finished
                0x000000008000d338       0xd0 C:/devkitPro/libogc/lib/wii\libbte.a(bte.o)
 .text.bte_hci_apply_patch_complete
                0x000000008000d408      0x160 C:/devkitPro/libogc/lib/wii\libbte.a(bte.o)
                0x000000008000d408                bte_hci_apply_patch_complete
 .text.bte_hci_patch_complete
                0x000000008000d568      0x378 C:/devkitPro/libogc/lib/wii\libbte.a(bte.o)
                0x000000008000d568                bte_hci_patch_complete
 .text.bte_hci_initcore_complete
                0x000000008000d8e0      0x28c C:/devkitPro/libogc/lib/wii\libbte.a(bte.o)
                0x000000008000d8e0                bte_hci_initcore_complete
 .text.bte_read_stored_link_key_complete
                0x000000008000db6c      0x26c C:/devkitPro/libogc/lib/wii\libbte.a(bte.o)
                0x000000008000db6c                bte_read_stored_link_key_complete
 .text.bte_hci_initcore_complete2
                0x000000008000ddd8      0x244 C:/devkitPro/libogc/lib/wii\libbte.a(bte.o)
 .text.bte_hci_initsub_complete
                0x000000008000e01c      0x2b8 C:/devkitPro/libogc/lib/wii\libbte.a(bte.o)
                0x000000008000e01c                bte_hci_initsub_complete
 .text.BTE_Init
                0x000000008000e2d4      0x138 C:/devkitPro/libogc/lib/wii\libbte.a(bte.o)
                0x000000008000e2d4                BTE_Init
 .text.BTE_Shutdown
                0x000000008000e40c      0x100 C:/devkitPro/libogc/lib/wii\libbte.a(bte.o)
                0x000000008000e40c                BTE_Shutdown
 .text.BTE_InitCore
                0x000000008000e50c       0x90 C:/devkitPro/libogc/lib/wii\libbte.a(bte.o)
                0x000000008000e50c                BTE_InitCore
 .text.BTE_ApplyPatch
                0x000000008000e59c       0xa8 C:/devkitPro/libogc/lib/wii\libbte.a(bte.o)
                0x000000008000e59c                BTE_ApplyPatch
 .text.BTE_InitSub
                0x000000008000e644       0x94 C:/devkitPro/libogc/lib/wii\libbte.a(bte.o)
                0x000000008000e644                BTE_InitSub
 .text.BTE_ReadStoredLinkKey
                0x000000008000e6d8       0x94 C:/devkitPro/libogc/lib/wii\libbte.a(bte.o)
                0x000000008000e6d8                BTE_ReadStoredLinkKey
 .text.BTE_SetDisconnectCallback
                0x000000008000e76c        0x4 C:/devkitPro/libogc/lib/wii\libbte.a(bte.o)
                0x000000008000e76c                BTE_SetDisconnectCallback
 .text.bte_new  0x000000008000e770       0x54 C:/devkitPro/libogc/lib/wii\libbte.a(bte.o)
                0x000000008000e770                bte_new
 .text.bte_registerdeviceasync
                0x000000008000e7c4      0x15c C:/devkitPro/libogc/lib/wii\libbte.a(bte.o)
                0x000000008000e7c4                bte_registerdeviceasync
 .text.bte_disconnect
                0x000000008000e920       0xd8 C:/devkitPro/libogc/lib/wii\libbte.a(bte.o)
                0x000000008000e920                bte_disconnect
 .text.bte_senddata
                0x000000008000e9f8       0xdc C:/devkitPro/libogc/lib/wii\libbte.a(bte.o)
                0x000000008000e9f8                bte_senddata
 .text.bte_arg  0x000000008000ead4       0x38 C:/devkitPro/libogc/lib/wii\libbte.a(bte.o)
                0x000000008000ead4                bte_arg
 .text.bte_received
                0x000000008000eb0c       0x38 C:/devkitPro/libogc/lib/wii\libbte.a(bte.o)
                0x000000008000eb0c                bte_received
 .text.bte_disconnected
                0x000000008000eb44       0x38 C:/devkitPro/libogc/lib/wii\libbte.a(bte.o)
                0x000000008000eb44                bte_disconnected
 .text.hci_get_link
                0x000000008000eb7c       0x84 C:/devkitPro/libogc/lib/wii\libbte.a(hci.o)
 .text.hci_init
                0x000000008000ec00       0x7c C:/devkitPro/libogc/lib/wii\libbte.a(hci.o)
                0x000000008000ec00                hci_init
 .text.hci_new  0x000000008000ec7c       0x48 C:/devkitPro/libogc/lib/wii\libbte.a(hci.o)
                0x000000008000ec7c                hci_new
 .text.hci_close
                0x000000008000ecc4       0xd0 C:/devkitPro/libogc/lib/wii\libbte.a(hci.o)
                0x000000008000ecc4                hci_close
 .text.hci_reset_all
                0x000000008000ed94       0xbc C:/devkitPro/libogc/lib/wii\libbte.a(hci.o)
                0x000000008000ed94                hci_reset_all
 .text.hci_arg  0x000000008000ee50        0xc C:/devkitPro/libogc/lib/wii\libbte.a(hci.o)
                0x000000008000ee50                hci_arg
 .text.hci_cmd_complete
                0x000000008000ee5c        0xc C:/devkitPro/libogc/lib/wii\libbte.a(hci.o)
                0x000000008000ee5c                hci_cmd_complete
 .text.hci_connection_complete
                0x000000008000ee68        0xc C:/devkitPro/libogc/lib/wii\libbte.a(hci.o)
                0x000000008000ee68                hci_connection_complete
 .text.hci_wlp_complete
                0x000000008000ee74        0xc C:/devkitPro/libogc/lib/wii\libbte.a(hci.o)
                0x000000008000ee74                hci_wlp_complete
 .text.hci_reset
                0x000000008000ee80       0xa8 C:/devkitPro/libogc/lib/wii\libbte.a(hci.o)
                0x000000008000ee80                hci_reset
 .text.hci_read_buffer_size
                0x000000008000ef28       0xa8 C:/devkitPro/libogc/lib/wii\libbte.a(hci.o)
                0x000000008000ef28                hci_read_buffer_size
 .text.hci_read_bd_addr
                0x000000008000efd0       0xa8 C:/devkitPro/libogc/lib/wii\libbte.a(hci.o)
                0x000000008000efd0                hci_read_bd_addr
 .text.hci_read_local_version
                0x000000008000f078       0xa4 C:/devkitPro/libogc/lib/wii\libbte.a(hci.o)
                0x000000008000f078                hci_read_local_version
 .text.hci_read_local_features
                0x000000008000f11c       0xa8 C:/devkitPro/libogc/lib/wii\libbte.a(hci.o)
                0x000000008000f11c                hci_read_local_features
 .text.hci_read_stored_link_key
                0x000000008000f1c4       0xfc C:/devkitPro/libogc/lib/wii\libbte.a(hci.o)
                0x000000008000f1c4                hci_read_stored_link_key
 .text.hci_write_page_timeout
                0x000000008000f2c0       0xcc C:/devkitPro/libogc/lib/wii\libbte.a(hci.o)
                0x000000008000f2c0                hci_write_page_timeout
 .text.hci_write_scan_enable
                0x000000008000f38c       0xb8 C:/devkitPro/libogc/lib/wii\libbte.a(hci.o)
                0x000000008000f38c                hci_write_scan_enable
 .text.hci_accecpt_conn_request
                0x000000008000f444       0xdc C:/devkitPro/libogc/lib/wii\libbte.a(hci.o)
                0x000000008000f444                hci_accecpt_conn_request
 .text.hci_write_local_name
                0x000000008000f520       0xd4 C:/devkitPro/libogc/lib/wii\libbte.a(hci.o)
                0x000000008000f520                hci_write_local_name
 .text.hci_write_pin_type
                0x000000008000f5f4       0xb8 C:/devkitPro/libogc/lib/wii\libbte.a(hci.o)
                0x000000008000f5f4                hci_write_pin_type
 .text.hci_write_inquiry_mode
                0x000000008000f6ac       0xb8 C:/devkitPro/libogc/lib/wii\libbte.a(hci.o)
                0x000000008000f6ac                hci_write_inquiry_mode
 .text.hci_write_page_scan_type
                0x000000008000f764       0xb8 C:/devkitPro/libogc/lib/wii\libbte.a(hci.o)
                0x000000008000f764                hci_write_page_scan_type
 .text.hci_write_inquiry_scan_type
                0x000000008000f81c       0xb8 C:/devkitPro/libogc/lib/wii\libbte.a(hci.o)
                0x000000008000f81c                hci_write_inquiry_scan_type
 .text.hci_vendor_specific_command
                0x000000008000f8d4       0xe4 C:/devkitPro/libogc/lib/wii\libbte.a(hci.o)
                0x000000008000f8d4                hci_vendor_specific_command
 .text.hci_write_link_policy_settings
                0x000000008000f9b8      0x100 C:/devkitPro/libogc/lib/wii\libbte.a(hci.o)
                0x000000008000f9b8                hci_write_link_policy_settings
 .text.hci_pin_code_request_neg_reply
                0x000000008000fab8       0xc8 C:/devkitPro/libogc/lib/wii\libbte.a(hci.o)
                0x000000008000fab8                hci_pin_code_request_neg_reply
 .text.hci_link_key_req_neg_reply
                0x000000008000fb80       0xc8 C:/devkitPro/libogc/lib/wii\libbte.a(hci.o)
                0x000000008000fb80                hci_link_key_req_neg_reply
 .text.hci_disconnect
                0x000000008000fc48       0xf8 C:/devkitPro/libogc/lib/wii\libbte.a(hci.o)
                0x000000008000fc48                hci_disconnect
 .text.hci_write_cod
                0x000000008000fd40       0xc8 C:/devkitPro/libogc/lib/wii\libbte.a(hci.o)
                0x000000008000fd40                hci_write_cod
 .text.hci_host_buffer_size
                0x000000008000fe08      0x108 C:/devkitPro/libogc/lib/wii\libbte.a(hci.o)
                0x000000008000fe08                hci_host_buffer_size
 .text.hci_host_num_comp_packets
                0x000000008000ff10      0x104 C:/devkitPro/libogc/lib/wii\libbte.a(hci.o)
                0x000000008000ff10                hci_host_num_comp_packets
 .text.lp_pdu_maxsize
                0x0000000080010014        0xc C:/devkitPro/libogc/lib/wii\libbte.a(hci.o)
                0x0000000080010014                lp_pdu_maxsize
 .text.lp_acl_write
                0x0000000080010020      0x154 C:/devkitPro/libogc/lib/wii\libbte.a(hci.o)
                0x0000000080010020                lp_acl_write
 .text.lp_write_flush_timeout
                0x0000000080010174      0x100 C:/devkitPro/libogc/lib/wii\libbte.a(hci.o)
                0x0000000080010174                lp_write_flush_timeout
 .text.hci_event_handler
                0x0000000080010274      0xbf4 C:/devkitPro/libogc/lib/wii\libbte.a(hci.o)
                0x0000000080010274                hci_event_handler
 .text.hci_acldata_handler
                0x0000000080010e68      0x12c C:/devkitPro/libogc/lib/wii\libbte.a(hci.o)
                0x0000000080010e68                hci_acldata_handler
 .text.l2cap_init
                0x0000000080010f94       0x60 C:/devkitPro/libogc/lib/wii\libbte.a(l2cap.o)
                0x0000000080010f94                l2cap_init
 .text.l2cap_write
                0x0000000080010ff4      0x1a8 C:/devkitPro/libogc/lib/wii\libbte.a(l2cap.o)
                0x0000000080010ff4                l2cap_write
 .text.l2cap_new
                0x000000008001119c       0x6c C:/devkitPro/libogc/lib/wii\libbte.a(l2cap.o)
                0x000000008001119c                l2cap_new
 .text.l2cap_close
                0x0000000080011208      0x1d4 C:/devkitPro/libogc/lib/wii\libbte.a(l2cap.o)
                0x0000000080011208                l2cap_close
 .text.l2cap_reset_all
                0x00000000800113dc      0x154 C:/devkitPro/libogc/lib/wii\libbte.a(l2cap.o)
                0x00000000800113dc                l2cap_reset_all
 .text.l2cap_signal
                0x0000000080011530      0x210 C:/devkitPro/libogc/lib/wii\libbte.a(l2cap.o)
                0x0000000080011530                l2cap_signal
 .text.l2ca_config_req
                0x0000000080011740      0x160 C:/devkitPro/libogc/lib/wii\libbte.a(l2cap.o)
                0x0000000080011740                l2ca_config_req
 .text.l2ca_disconnect_req
                0x00000000800118a0       0xc4 C:/devkitPro/libogc/lib/wii\libbte.a(l2cap.o)
                0x00000000800118a0                l2ca_disconnect_req
 .text.l2cap_tmr
                0x0000000080011964      0x284 C:/devkitPro/libogc/lib/wii\libbte.a(l2cap.o)
                0x0000000080011964                l2cap_tmr
 .text.l2cap_process_sig
                0x0000000080011be8     0x11d4 C:/devkitPro/libogc/lib/wii\libbte.a(l2cap.o)
                0x0000000080011be8                l2cap_process_sig
 .text.l2cap_input
                0x0000000080012dbc      0x5ac C:/devkitPro/libogc/lib/wii\libbte.a(l2cap.o)
                0x0000000080012dbc                l2cap_input
 .text.l2ca_datawrite
                0x0000000080013368      0x118 C:/devkitPro/libogc/lib/wii\libbte.a(l2cap.o)
                0x0000000080013368                l2ca_datawrite
 .text.lp_connect_cfm
                0x0000000080013480      0x184 C:/devkitPro/libogc/lib/wii\libbte.a(l2cap.o)
                0x0000000080013480                lp_connect_cfm
 .text.lp_connect_ind
                0x0000000080013604        0x4 C:/devkitPro/libogc/lib/wii\libbte.a(l2cap.o)
                0x0000000080013604                lp_connect_ind
 .text.lp_disconnect_ind
                0x0000000080013608      0x12c C:/devkitPro/libogc/lib/wii\libbte.a(l2cap.o)
                0x0000000080013608                lp_disconnect_ind
 .text.l2cap_disconnect_bb
                0x0000000080013734       0x10 C:/devkitPro/libogc/lib/wii\libbte.a(l2cap.o)
                0x0000000080013734                l2cap_disconnect_bb
 .text.l2cap_arg
                0x0000000080013744        0x8 C:/devkitPro/libogc/lib/wii\libbte.a(l2cap.o)
                0x0000000080013744                l2cap_arg
 .text.l2cap_connect_ind
                0x000000008001374c      0x100 C:/devkitPro/libogc/lib/wii\libbte.a(l2cap.o)
                0x000000008001374c                l2cap_connect_ind
 .text.l2cap_disconnect_ind
                0x000000008001384c        0x8 C:/devkitPro/libogc/lib/wii\libbte.a(l2cap.o)
                0x000000008001384c                l2cap_disconnect_ind
 .text.l2cap_recv
                0x0000000080013854        0x8 C:/devkitPro/libogc/lib/wii\libbte.a(l2cap.o)
                0x0000000080013854                l2cap_recv
 .text.btmemb_init
                0x000000008001385c       0x24 C:/devkitPro/libogc/lib/wii\libbte.a(btmemb.o)
                0x000000008001385c                btmemb_init
 .text.btmemb_alloc
                0x0000000080013880       0xa8 C:/devkitPro/libogc/lib/wii\libbte.a(btmemb.o)
                0x0000000080013880                btmemb_alloc
 .text.btmemb_free
                0x0000000080013928       0xa8 C:/devkitPro/libogc/lib/wii\libbte.a(btmemb.o)
                0x0000000080013928                btmemb_free
 .text.plug_holes
                0x00000000800139d0       0xb8 C:/devkitPro/libogc/lib/wii\libbte.a(btmemr.o)
 .text.btmemr_free.part.0
                0x0000000080013a88       0x78 C:/devkitPro/libogc/lib/wii\libbte.a(btmemr.o)
 .text.btmemr_init
                0x0000000080013b00       0x98 C:/devkitPro/libogc/lib/wii\libbte.a(btmemr.o)
                0x0000000080013b00                btmemr_init
 .text.btmemr_malloc
                0x0000000080013b98      0x178 C:/devkitPro/libogc/lib/wii\libbte.a(btmemr.o)
                0x0000000080013b98                btmemr_malloc
 .text.btmemr_free
                0x0000000080013d10       0x28 C:/devkitPro/libogc/lib/wii\libbte.a(btmemr.o)
                0x0000000080013d10                btmemr_free
 .text.btmemr_realloc
                0x0000000080013d38      0x10c C:/devkitPro/libogc/lib/wii\libbte.a(btmemr.o)
                0x0000000080013d38                btmemr_realloc
 .text.btpbuf_cat.part.0
                0x0000000080013e44       0x68 C:/devkitPro/libogc/lib/wii\libbte.a(btpbuf.o)
 .text.btpbuf_init
                0x0000000080013eac       0x28 C:/devkitPro/libogc/lib/wii\libbte.a(btpbuf.o)
                0x0000000080013eac                btpbuf_init
 .text.btpbuf_free
                0x0000000080013ed4      0x124 C:/devkitPro/libogc/lib/wii\libbte.a(btpbuf.o)
                0x0000000080013ed4                btpbuf_free
 .text.btpbuf_alloc
                0x0000000080013ff8      0x25c C:/devkitPro/libogc/lib/wii\libbte.a(btpbuf.o)
                0x0000000080013ff8                btpbuf_alloc
 .text.btpbuf_realloc
                0x0000000080014254       0xec C:/devkitPro/libogc/lib/wii\libbte.a(btpbuf.o)
                0x0000000080014254                btpbuf_realloc
 .text.btpbuf_header
                0x0000000080014340       0x90 C:/devkitPro/libogc/lib/wii\libbte.a(btpbuf.o)
                0x0000000080014340                btpbuf_header
 .text.btpbuf_ref
                0x00000000800143d0       0x48 C:/devkitPro/libogc/lib/wii\libbte.a(btpbuf.o)
                0x00000000800143d0                btpbuf_ref
 .text.btpbuf_chain
                0x0000000080014418       0x8c C:/devkitPro/libogc/lib/wii\libbte.a(btpbuf.o)
                0x0000000080014418                btpbuf_chain
 .text.btpbuf_dechain
                0x00000000800144a4       0x7c C:/devkitPro/libogc/lib/wii\libbte.a(btpbuf.o)
                0x00000000800144a4                btpbuf_dechain
 .text.btpbuf_take
                0x0000000080014520      0x13c C:/devkitPro/libogc/lib/wii\libbte.a(btpbuf.o)
                0x0000000080014520                btpbuf_take
 .text.__usb_closeCB
                0x000000008001465c       0x10 C:/devkitPro/libogc/lib/wii\libbte.a(physbusif.o)
 .text.__writebulkmsgCB
                0x000000008001466c       0x3c C:/devkitPro/libogc/lib/wii\libbte.a(physbusif.o)
 .text.__writectrlmsgCB
                0x00000000800146a8       0x3c C:/devkitPro/libogc/lib/wii\libbte.a(physbusif.o)
 .text.__issue_intrread.part.0
                0x00000000800146e4       0x80 C:/devkitPro/libogc/lib/wii\libbte.a(physbusif.o)
 .text.__readintrdataCB
                0x0000000080014764      0x150 C:/devkitPro/libogc/lib/wii\libbte.a(physbusif.o)
 .text.__issue_bulkread.part.2
                0x00000000800148b4       0x80 C:/devkitPro/libogc/lib/wii\libbte.a(physbusif.o)
 .text.__readbulkdataCB
                0x0000000080014934      0x150 C:/devkitPro/libogc/lib/wii\libbte.a(physbusif.o)
 .text.physbusif_init
                0x0000000080014a84      0x1dc C:/devkitPro/libogc/lib/wii\libbte.a(physbusif.o)
                0x0000000080014a84                physbusif_init
 .text.physbusif_close
                0x0000000080014c60       0x20 C:/devkitPro/libogc/lib/wii\libbte.a(physbusif.o)
                0x0000000080014c60                physbusif_close
 .text.physbusif_shutdown
                0x0000000080014c80       0x24 C:/devkitPro/libogc/lib/wii\libbte.a(physbusif.o)
                0x0000000080014c80                physbusif_shutdown
 .text.physbusif_reset_all
                0x0000000080014ca4        0x4 C:/devkitPro/libogc/lib/wii\libbte.a(physbusif.o)
                0x0000000080014ca4                physbusif_reset_all
 .text.physbusif_output
                0x0000000080014ca8      0x1b4 C:/devkitPro/libogc/lib/wii\libbte.a(physbusif.o)
                0x0000000080014ca8                physbusif_output
 .text.__console_clear_line
                0x0000000080014e5c       0x84 C:/devkitPro/libogc/lib/wii\libogc.a(console.o)
 .text.__console_clear
                0x0000000080014ee0       0x54 C:/devkitPro/libogc/lib/wii\libogc.a(console.o)
 .text.__console_write
                0x0000000080014f34      0x708 C:/devkitPro/libogc/lib/wii\libogc.a(console.o)
                0x0000000080014f34                __console_write
 .text.__console_init
                0x000000008001563c      0x108 C:/devkitPro/libogc/lib/wii\libogc.a(console.o)
                0x000000008001563c                __console_init
 .text.CON_Init
                0x0000000080015744        0x4 C:/devkitPro/libogc/lib/wii\libogc.a(console.o)
                0x0000000080015744                CON_Init
 .text.CON_EnableGecko
                0x0000000080015748      0x100 C:/devkitPro/libogc/lib/wii\libogc.a(console.o)
                0x0000000080015748                CON_EnableGecko
 .text.__lwp_queue_initialize
                0x0000000080015848       0x60 C:/devkitPro/libogc/lib/wii\libogc.a(lwp_queue.o)
                0x0000000080015848                __lwp_queue_initialize
 .text.__lwp_queue_get
                0x00000000800158a8       0x74 C:/devkitPro/libogc/lib/wii\libogc.a(lwp_queue.o)
                0x00000000800158a8                __lwp_queue_get
 .text.__lwp_queue_append
                0x000000008001591c       0x4c C:/devkitPro/libogc/lib/wii\libogc.a(lwp_queue.o)
                0x000000008001591c                __lwp_queue_append
 .text.__lwp_isr_in_progress
                0x0000000080015968        0x8 C:/devkitPro/libogc/lib/wii\libogc.a(lwp_threads.o)
                0x0000000080015968                __lwp_isr_in_progress
 .text.__thread_dispatch_fp
                0x0000000080015970       0x88 C:/devkitPro/libogc/lib/wii\libogc.a(lwp_threads.o)
                0x0000000080015970                __thread_dispatch_fp
 .text.__thread_dispatch
                0x00000000800159f8      0x110 C:/devkitPro/libogc/lib/wii\libogc.a(lwp_threads.o)
                0x00000000800159f8                __thread_dispatch
 .text.__lwp_thread_resettimeslice
                0x0000000080015b08       0xec C:/devkitPro/libogc/lib/wii\libogc.a(lwp_threads.o)
                0x0000000080015b08                __lwp_thread_resettimeslice
 .text.__lwp_thread_tickle_timeslice
                0x0000000080015bf4       0xcc C:/devkitPro/libogc/lib/wii\libogc.a(lwp_threads.o)
                0x0000000080015bf4                __lwp_thread_tickle_timeslice
 .text.__lwp_thread_setstate
                0x0000000080015cc0      0x178 C:/devkitPro/libogc/lib/wii\libogc.a(lwp_threads.o)
                0x0000000080015cc0                __lwp_thread_setstate
 .text.__lwp_thread_clearstate
                0x0000000080015e38       0xe4 C:/devkitPro/libogc/lib/wii\libogc.a(lwp_threads.o)
                0x0000000080015e38                __lwp_thread_clearstate
 .text.__lwp_thread_delayended
                0x0000000080015f1c       0x48 C:/devkitPro/libogc/lib/wii\libogc.a(lwp_threads.o)
                0x0000000080015f1c                __lwp_thread_delayended
 .text.__lwp_thread_settransient
                0x0000000080015f64       0xb4 C:/devkitPro/libogc/lib/wii\libogc.a(lwp_threads.o)
                0x0000000080015f64                __lwp_thread_settransient
 .text.__lwp_thread_changepriority
                0x0000000080016018      0x1f8 C:/devkitPro/libogc/lib/wii\libogc.a(lwp_threads.o)
                0x0000000080016018                __lwp_thread_changepriority
 .text.__lwp_thread_ready
                0x0000000080016210       0xf4 C:/devkitPro/libogc/lib/wii\libogc.a(lwp_threads.o)
                0x0000000080016210                __lwp_thread_ready
 .text.__lwp_thread_init
                0x0000000080016304      0x180 C:/devkitPro/libogc/lib/wii\libogc.a(lwp_threads.o)
                0x0000000080016304                __lwp_thread_init
 .text.__lwp_thread_close
                0x0000000080016484      0x130 C:/devkitPro/libogc/lib/wii\libogc.a(lwp_threads.o)
                0x0000000080016484                __lwp_thread_close
 .text.__lwp_thread_closeall
                0x00000000800165b4       0xb8 C:/devkitPro/libogc/lib/wii\libogc.a(lwp_threads.o)
                0x00000000800165b4                __lwp_thread_closeall
 .text.__lwp_thread_exit
                0x000000008001666c       0x5c C:/devkitPro/libogc/lib/wii\libogc.a(lwp_threads.o)
                0x000000008001666c                __lwp_thread_exit
 .text.__lwp_thread_handler
                0x00000000800166c8       0xb4 C:/devkitPro/libogc/lib/wii\libogc.a(lwp_threads.o)
 .text.__lwp_thread_start
                0x000000008001677c       0xec C:/devkitPro/libogc/lib/wii\libogc.a(lwp_threads.o)
                0x000000008001677c                __lwp_thread_start
 .text.__lwp_thread_startmultitasking
                0x0000000080016868       0xb0 C:/devkitPro/libogc/lib/wii\libogc.a(lwp_threads.o)
                0x0000000080016868                __lwp_thread_startmultitasking
 .text.__lwp_thread_stopmultitasking
                0x0000000080016918       0x58 C:/devkitPro/libogc/lib/wii\libogc.a(lwp_threads.o)
                0x0000000080016918                __lwp_thread_stopmultitasking
 .text.__lwp_thread_coreinit
                0x0000000080016970       0xb0 C:/devkitPro/libogc/lib/wii\libogc.a(lwp_threads.o)
                0x0000000080016970                __lwp_thread_coreinit
 .text.idle_func
                0x0000000080016a20        0x4 C:/devkitPro/libogc/lib/wii\libogc.a(lwp.o)
 .text.__lwp_sysinit
                0x0000000080016a24      0x118 C:/devkitPro/libogc/lib/wii\libogc.a(lwp.o)
                0x0000000080016a24                __lwp_sysinit
 .text.LWP_InitQueue
                0x0000000080016b3c      0x150 C:/devkitPro/libogc/lib/wii\libogc.a(lwp.o)
                0x0000000080016b3c                LWP_InitQueue
 .text.LWP_CloseQueue
                0x0000000080016c8c       0xd4 C:/devkitPro/libogc/lib/wii\libogc.a(lwp.o)
                0x0000000080016c8c                LWP_CloseQueue
 .text.LWP_ThreadSleep
                0x0000000080016d60      0x110 C:/devkitPro/libogc/lib/wii\libogc.a(lwp.o)
                0x0000000080016d60                LWP_ThreadSleep
 .text.LWP_ThreadBroadcast
                0x0000000080016e70       0x88 C:/devkitPro/libogc/lib/wii\libogc.a(lwp.o)
                0x0000000080016e70                LWP_ThreadBroadcast
 .text.LWP_ThreadSignal
                0x0000000080016ef8       0x74 C:/devkitPro/libogc/lib/wii\libogc.a(lwp.o)
                0x0000000080016ef8                LWP_ThreadSignal
 .text.__lwp_stack_allocate
                0x0000000080016f6c       0x60 C:/devkitPro/libogc/lib/wii\libogc.a(lwp_stack.o)
                0x0000000080016f6c                __lwp_stack_allocate
 .text.__lwp_stack_free
                0x0000000080016fcc       0x1c C:/devkitPro/libogc/lib/wii\libogc.a(lwp_stack.o)
                0x0000000080016fcc                __lwp_stack_free
 .text.__lwp_wd_settimer.isra.4
                0x0000000080016fe8       0xd8 C:/devkitPro/libogc/lib/wii\libogc.a(lwp_watchdog.o)
 .text.__lwp_watchdog_init
                0x00000000800170c0       0x2c C:/devkitPro/libogc/lib/wii\libogc.a(lwp_watchdog.o)
                0x00000000800170c0                __lwp_watchdog_init
 .text.__lwp_wd_insert
                0x00000000800170ec      0x1e4 C:/devkitPro/libogc/lib/wii\libogc.a(lwp_watchdog.o)
                0x00000000800170ec                __lwp_wd_insert
 .text.__lwp_wd_remove
                0x00000000800172d0      0x144 C:/devkitPro/libogc/lib/wii\libogc.a(lwp_watchdog.o)
                0x00000000800172d0                __lwp_wd_remove
 .text.__lwp_wd_tickle
                0x0000000080017414      0x120 C:/devkitPro/libogc/lib/wii\libogc.a(lwp_watchdog.o)
                0x0000000080017414                __lwp_wd_tickle
 .text.__lwp_wkspace_init
                0x0000000080017534       0xc4 C:/devkitPro/libogc/lib/wii\libogc.a(lwp_wkspace.o)
                0x0000000080017534                __lwp_wkspace_init
 .text.__lwp_objmgr_initinfo
                0x00000000800175f8      0x1a4 C:/devkitPro/libogc/lib/wii\libogc.a(lwp_objmgr.o)
                0x00000000800175f8                __lwp_objmgr_initinfo
 .text.__lwp_objmgr_getisrdisable
                0x000000008001779c       0x60 C:/devkitPro/libogc/lib/wii\libogc.a(lwp_objmgr.o)
                0x000000008001779c                __lwp_objmgr_getisrdisable
 .text.__lwp_objmgr_getnoprotection
                0x00000000800177fc       0x24 C:/devkitPro/libogc/lib/wii\libogc.a(lwp_objmgr.o)
                0x00000000800177fc                __lwp_objmgr_getnoprotection
 .text.__lwp_objmgr_get
                0x0000000080017820       0x70 C:/devkitPro/libogc/lib/wii\libogc.a(lwp_objmgr.o)
                0x0000000080017820                __lwp_objmgr_get
 .text.__lwp_objmgr_allocate
                0x0000000080017890       0x88 C:/devkitPro/libogc/lib/wii\libogc.a(lwp_objmgr.o)
                0x0000000080017890                __lwp_objmgr_allocate
 .text.__lwp_objmgr_free
                0x0000000080017918       0x60 C:/devkitPro/libogc/lib/wii\libogc.a(lwp_objmgr.o)
                0x0000000080017918                __lwp_objmgr_free
 .text.__lwp_heap_init
                0x0000000080017978       0xa4 C:/devkitPro/libogc/lib/wii\libogc.a(lwp_heap.o)
                0x0000000080017978                __lwp_heap_init
 .text.__lwp_heap_allocate
                0x0000000080017a1c      0x16c C:/devkitPro/libogc/lib/wii\libogc.a(lwp_heap.o)
                0x0000000080017a1c                __lwp_heap_allocate
 .text.__lwp_heap_free
                0x0000000080017b88      0x1c0 C:/devkitPro/libogc/lib/wii\libogc.a(lwp_heap.o)
                0x0000000080017b88                __lwp_heap_free
 .text.__SetInterrupts
                0x0000000080017d48      0x298 C:/devkitPro/libogc/lib/wii\libogc.a(irq.o)
 .text.c_irqdispatcher
                0x0000000080017fe0      0x27c C:/devkitPro/libogc/lib/wii\libogc.a(irq.o)
                0x0000000080017fe0                c_irqdispatcher
 .text.__UnmaskIrq
                0x000000008001825c       0x84 C:/devkitPro/libogc/lib/wii\libogc.a(irq.o)
                0x000000008001825c                __UnmaskIrq
 .text.__MaskIrq
                0x00000000800182e0       0x84 C:/devkitPro/libogc/lib/wii\libogc.a(irq.o)
                0x00000000800182e0                __MaskIrq
 .text.__irq_init
                0x0000000080018364       0x9c C:/devkitPro/libogc/lib/wii\libogc.a(irq.o)
                0x0000000080018364                __irq_init
 .text.IRQ_Request
                0x0000000080018400       0x50 C:/devkitPro/libogc/lib/wii\libogc.a(irq.o)
                0x0000000080018400                IRQ_Request
 .text.IRQ_GetHandler
                0x0000000080018450       0x44 C:/devkitPro/libogc/lib/wii\libogc.a(irq.o)
                0x0000000080018450                IRQ_GetHandler
 .text.IRQ_Disable
                0x0000000080018494       0x1c C:/devkitPro/libogc/lib/wii\libogc.a(irq.o)
                0x0000000080018494                IRQ_Disable
 .text.IRQ_Restore
                0x00000000800184b0       0x1c C:/devkitPro/libogc/lib/wii\libogc.a(irq.o)
                0x00000000800184b0                IRQ_Restore
 .text.__VISendI2CData.constprop.2
                0x00000000800184cc      0x42c C:/devkitPro/libogc/lib/wii\libogc.a(video.o)
 .text.__VIWriteI2CRegister16
                0x00000000800188f8       0x38 C:/devkitPro/libogc/lib/wii\libogc.a(video.o)
 .text.__VIWriteI2CRegister8
                0x0000000080018930       0x38 C:/devkitPro/libogc/lib/wii\libogc.a(video.o)
 .text.__VISetYUVSEL
                0x0000000080018968       0x68 C:/devkitPro/libogc/lib/wii\libogc.a(video.o)
 .text.VIDEO_Configure
                0x00000000800189d0      0x7c8 C:/devkitPro/libogc/lib/wii\libogc.a(video.o)
                0x00000000800189d0                VIDEO_Configure
 .text.VIDEO_WaitVSync
                0x0000000080019198       0x74 C:/devkitPro/libogc/lib/wii\libogc.a(video.o)
                0x0000000080019198                VIDEO_WaitVSync
 .text.VIDEO_SetFramebuffer
                0x000000008001920c      0x23c C:/devkitPro/libogc/lib/wii\libogc.a(video.o)
                0x000000008001920c                VIDEO_SetFramebuffer
 .text.VIDEO_SetNextFramebuffer
                0x0000000080019448      0x1b4 C:/devkitPro/libogc/lib/wii\libogc.a(video.o)
                0x0000000080019448                VIDEO_SetNextFramebuffer
 .text.VIDEO_Flush
                0x00000000800195fc      0x134 C:/devkitPro/libogc/lib/wii\libogc.a(video.o)
                0x00000000800195fc                VIDEO_Flush
 .text.VIDEO_SetBlack
                0x0000000080019730      0x144 C:/devkitPro/libogc/lib/wii\libogc.a(video.o)
                0x0000000080019730                VIDEO_SetBlack
 .text.VIDEO_GetCurrentTvMode
                0x0000000080019874       0x78 C:/devkitPro/libogc/lib/wii\libogc.a(video.o)
                0x0000000080019874                VIDEO_GetCurrentTvMode
 .text.__VIRetraceHandler
                0x00000000800198ec      0x294 C:/devkitPro/libogc/lib/wii\libogc.a(video.o)
 .text.__VISetupEncoder
                0x0000000080019b80      0x1fc C:/devkitPro/libogc/lib/wii\libogc.a(video.o)
 .text.VIDEO_Init
                0x0000000080019d7c      0x4e0 C:/devkitPro/libogc/lib/wii\libogc.a(video.o)
                0x0000000080019d7c                VIDEO_Init
 .text.VIDEO_GetPreferredMode
                0x000000008001a25c      0x100 C:/devkitPro/libogc/lib/wii\libogc.a(video.o)
                0x000000008001a25c                VIDEO_GetPreferredMode
 .text.VIDEO_GetCurrentLine
                0x000000008001a35c       0x9c C:/devkitPro/libogc/lib/wii\libogc.a(video.o)
                0x000000008001a35c                VIDEO_GetCurrentLine
 .text.VIDEO_GetFrameBufferSize
                0x000000008001a3f8       0x30 C:/devkitPro/libogc/lib/wii\libogc.a(video.o)
                0x000000008001a3f8                VIDEO_GetFrameBufferSize
 .text.VIDEO_ClearFrameBuffer
                0x000000008001a428       0x34 C:/devkitPro/libogc/lib/wii\libogc.a(video.o)
                0x000000008001a428                VIDEO_ClearFrameBuffer
 .text.__call_resetfuncs
                0x000000008001a45c       0xbc C:/devkitPro/libogc/lib/wii\libogc.a(system.o)
 .text.__MEMInterruptHandler
                0x000000008001a518       0x14 C:/devkitPro/libogc/lib/wii\libogc.a(system.o)
 .text.__RSWDefaultHandler
                0x000000008001a52c        0x4 C:/devkitPro/libogc/lib/wii\libogc.a(system.o)
 .text.__POWDefaultHandler
                0x000000008001a530        0x4 C:/devkitPro/libogc/lib/wii\libogc.a(system.o)
 .text.__getrtc
                0x000000008001a534      0x164 C:/devkitPro/libogc/lib/wii\libogc.a(system.o)
 .text.__sram_write
                0x000000008001a698      0x128 C:/devkitPro/libogc/lib/wii\libogc.a(system.o)
 .text.__unlocksram
                0x000000008001a7c0      0x17c C:/devkitPro/libogc/lib/wii\libogc.a(system.o)
 .text.__sram_writecallback
                0x000000008001a93c       0x54 C:/devkitPro/libogc/lib/wii\libogc.a(system.o)
 .text.__mem_onreset
                0x000000008001a990       0x48 C:/devkitPro/libogc/lib/wii\libogc.a(system.o)
 .text.__sys_alarmhandler
                0x000000008001a9d8       0xf0 C:/devkitPro/libogc/lib/wii\libogc.a(system.o)
 .text.__STMEventHandler
                0x000000008001aac8      0x104 C:/devkitPro/libogc/lib/wii\libogc.a(system.o)
 .text.__sram_read.constprop.11
                0x000000008001abcc      0x140 C:/devkitPro/libogc/lib/wii\libogc.a(system.o)
 .text.__SYS_GetRTC
                0x000000008001ad0c       0xd0 C:/devkitPro/libogc/lib/wii\libogc.a(system.o)
                0x000000008001ad0c                __SYS_GetRTC
 .text.__SYS_GetIPCBufferLo
                0x000000008001addc        0x8 C:/devkitPro/libogc/lib/wii\libogc.a(system.o)
                0x000000008001addc                __SYS_GetIPCBufferLo
 .text.__SYS_GetIPCBufferHi
                0x000000008001ade4        0x8 C:/devkitPro/libogc/lib/wii\libogc.a(system.o)
                0x000000008001ade4                __SYS_GetIPCBufferHi
 .text.__SYS_DoPowerCB
                0x000000008001adec       0x74 C:/devkitPro/libogc/lib/wii\libogc.a(system.o)
                0x000000008001adec                __SYS_DoPowerCB
 .text.__SYS_PreInit
                0x000000008001ae60        0x4 C:/devkitPro/libogc/lib/wii\libogc.a(system.o)
                0x000000008001ae60                __SYS_PreInit
 .text.SYS_ResetButtonDown
                0x000000008001ae64       0x18 C:/devkitPro/libogc/lib/wii\libogc.a(system.o)
                0x000000008001ae64                SYS_ResetButtonDown
 .text.SYS_ResetSystem
                0x000000008001ae7c      0x214 C:/devkitPro/libogc/lib/wii\libogc.a(system.o)
                0x000000008001ae7c                SYS_ResetSystem
 .text.__reload
                0x000000008001b090       0x80 C:/devkitPro/libogc/lib/wii\libogc.a(system.o)
                0x000000008001b090                __reload
 .text.__libogc_exit
                0x000000008001b110       0x88 C:/devkitPro/libogc/lib/wii\libogc.a(system.o)
                0x000000008001b110                __libogc_exit
 .text.SYS_RegisterResetFunc
                0x000000008001b198       0x78 C:/devkitPro/libogc/lib/wii\libogc.a(system.o)
                0x000000008001b198                SYS_RegisterResetFunc
 .text.SYS_Init
                0x000000008001b210      0x69c C:/devkitPro/libogc/lib/wii\libogc.a(system.o)
                0x000000008001b210                SYS_Init
 .text.SYS_SetArena1Lo
                0x000000008001b8ac       0x38 C:/devkitPro/libogc/lib/wii\libogc.a(system.o)
                0x000000008001b8ac                SYS_SetArena1Lo
 .text.SYS_GetArena1Lo
                0x000000008001b8e4       0x38 C:/devkitPro/libogc/lib/wii\libogc.a(system.o)
                0x000000008001b8e4                SYS_GetArena1Lo
 .text.SYS_GetArena1Hi
                0x000000008001b91c       0x38 C:/devkitPro/libogc/lib/wii\libogc.a(system.o)
                0x000000008001b91c                SYS_GetArena1Hi
 .text.SYS_SetArena2Lo
                0x000000008001b954       0x38 C:/devkitPro/libogc/lib/wii\libogc.a(system.o)
                0x000000008001b954                SYS_SetArena2Lo
 .text.SYS_GetArena2Lo
                0x000000008001b98c       0x38 C:/devkitPro/libogc/lib/wii\libogc.a(system.o)
                0x000000008001b98c                SYS_GetArena2Lo
 .text.SYS_SetArena2Hi
                0x000000008001b9c4       0x38 C:/devkitPro/libogc/lib/wii\libogc.a(system.o)
                0x000000008001b9c4                SYS_SetArena2Hi
 .text.SYS_GetArena2Hi
                0x000000008001b9fc       0x38 C:/devkitPro/libogc/lib/wii\libogc.a(system.o)
                0x000000008001b9fc                SYS_GetArena2Hi
 .text.SYS_AllocateFramebuffer
                0x000000008001ba34       0x28 C:/devkitPro/libogc/lib/wii\libogc.a(system.o)
                0x000000008001ba34                SYS_AllocateFramebuffer
 .text.SYS_CreateAlarm
                0x000000008001ba5c      0x120 C:/devkitPro/libogc/lib/wii\libogc.a(system.o)
                0x000000008001ba5c                SYS_CreateAlarm
 .text.SYS_SetAlarm
                0x000000008001bb7c      0x1d0 C:/devkitPro/libogc/lib/wii\libogc.a(system.o)
                0x000000008001bb7c                SYS_SetAlarm
 .text.SYS_SetPeriodicAlarm
                0x000000008001bd4c      0x214 C:/devkitPro/libogc/lib/wii\libogc.a(system.o)
                0x000000008001bd4c                SYS_SetPeriodicAlarm
 .text.SYS_RemoveAlarm
                0x000000008001bf60      0x128 C:/devkitPro/libogc/lib/wii\libogc.a(system.o)
                0x000000008001bf60                SYS_RemoveAlarm
 .text.SYS_CancelAlarm
                0x000000008001c088       0xd0 C:/devkitPro/libogc/lib/wii\libogc.a(system.o)
                0x000000008001c088                SYS_CancelAlarm
 .text.SYS_SetWirelessID
                0x000000008001c158       0x94 C:/devkitPro/libogc/lib/wii\libogc.a(system.o)
                0x000000008001c158                SYS_SetWirelessID
 .text.SYS_GetWirelessID
                0x000000008001c1ec       0xa0 C:/devkitPro/libogc/lib/wii\libogc.a(system.o)
                0x000000008001c1ec                SYS_GetWirelessID
 .text.SYS_GetHollywoodRevision
                0x000000008001c28c       0x3c C:/devkitPro/libogc/lib/wii\libogc.a(system.o)
                0x000000008001c28c                SYS_GetHollywoodRevision
 .text.SYS_Time
                0x000000008001c2c8       0x78 C:/devkitPro/libogc/lib/wii\libogc.a(system.o)
                0x000000008001c2c8                SYS_Time
 .text.__SYS_SetBootTime
                0x000000008001c340       0x20 C:/devkitPro/libogc/lib/wii\libogc.a(system.o)
                0x000000008001c340                __SYS_SetBootTime
 .text.SYS_PreMain
                0x000000008001c360       0x58 C:/devkitPro/libogc/lib/wii\libogc.a(system.o)
                0x000000008001c360                SYS_PreMain
 .text.__lwp_cond_init
                0x000000008001c3b8       0x14 C:/devkitPro/libogc/lib/wii\libogc.a(cond.o)
                0x000000008001c3b8                __lwp_cond_init
 .text.__decrementer_init
                0x000000008001c3cc        0x4 C:/devkitPro/libogc/lib/wii\libogc.a(decrementer.o)
                0x000000008001c3cc                __decrementer_init
 .text.c_decrementer_handler
                0x000000008001c3d0        0xc C:/devkitPro/libogc/lib/wii\libogc.a(decrementer.o)
                0x000000008001c3d0                c_decrementer_handler
 .text.__lwp_mqbox_init
                0x000000008001c3dc       0x14 C:/devkitPro/libogc/lib/wii\libogc.a(message.o)
                0x000000008001c3dc                __lwp_mqbox_init
 .text.__si_transfer
                0x000000008001c3f0      0x160 C:/devkitPro/libogc/lib/wii\libogc.a(si.o)
 .text.__si_alarmhandler
                0x000000008001c550       0xe0 C:/devkitPro/libogc/lib/wii\libogc.a(si.o)
 .text.__si_completetransfer
                0x000000008001c630      0x1d4 C:/devkitPro/libogc/lib/wii\libogc.a(si.o)
 .text.__si_transfernext
                0x000000008001c804       0xe8 C:/devkitPro/libogc/lib/wii\libogc.a(si.o)
 .text.SI_Busy  0x000000008001c8ec       0x18 C:/devkitPro/libogc/lib/wii\libogc.a(si.o)
                0x000000008001c8ec                SI_Busy
 .text.SI_IsChanBusy
                0x000000008001c904       0x38 C:/devkitPro/libogc/lib/wii\libogc.a(si.o)
                0x000000008001c904                SI_IsChanBusy
 .text.SI_SetXY
                0x000000008001c93c       0x64 C:/devkitPro/libogc/lib/wii\libogc.a(si.o)
                0x000000008001c93c                SI_SetXY
 .text.SI_EnablePolling
                0x000000008001c9a0       0x84 C:/devkitPro/libogc/lib/wii\libogc.a(si.o)
                0x000000008001c9a0                SI_EnablePolling
 .text.SI_DisablePolling
                0x000000008001ca24       0x58 C:/devkitPro/libogc/lib/wii\libogc.a(si.o)
                0x000000008001ca24                SI_DisablePolling
 .text.SI_SetSamplingRate
                0x000000008001ca7c       0xe4 C:/devkitPro/libogc/lib/wii\libogc.a(si.o)
                0x000000008001ca7c                SI_SetSamplingRate
 .text.SI_RefreshSamplingRate
                0x000000008001cb60        0x8 C:/devkitPro/libogc/lib/wii\libogc.a(si.o)
                0x000000008001cb60                SI_RefreshSamplingRate
 .text.SI_GetStatus
                0x000000008001cb68       0x78 C:/devkitPro/libogc/lib/wii\libogc.a(si.o)
                0x000000008001cb68                SI_GetStatus
 .text.SI_GetResponseRaw
                0x000000008001cbe0       0x80 C:/devkitPro/libogc/lib/wii\libogc.a(si.o)
                0x000000008001cbe0                SI_GetResponseRaw
 .text.SI_GetResponse
                0x000000008001cc60       0xb8 C:/devkitPro/libogc/lib/wii\libogc.a(si.o)
                0x000000008001cc60                SI_GetResponse
 .text.SI_SetCommand
                0x000000008001cd18       0x10 C:/devkitPro/libogc/lib/wii\libogc.a(si.o)
                0x000000008001cd18                SI_SetCommand
 .text.SI_Transfer
                0x000000008001cd28      0x270 C:/devkitPro/libogc/lib/wii\libogc.a(si.o)
                0x000000008001cd28                SI_Transfer
 .text.__si_gettypecallback
                0x000000008001cf98      0x2d4 C:/devkitPro/libogc/lib/wii\libogc.a(si.o)
 .text.__si_interrupthandler
                0x000000008001d26c      0x270 C:/devkitPro/libogc/lib/wii\libogc.a(si.o)
 .text.SI_GetType
                0x000000008001d4dc      0x1d8 C:/devkitPro/libogc/lib/wii\libogc.a(si.o)
                0x000000008001d4dc                SI_GetType
 .text.SI_GetTypeAsync
                0x000000008001d6b4      0x138 C:/devkitPro/libogc/lib/wii\libogc.a(si.o)
                0x000000008001d6b4                SI_GetTypeAsync
 .text.SI_EnablePollingInterrupt
                0x000000008001d7ec       0xac C:/devkitPro/libogc/lib/wii\libogc.a(si.o)
                0x000000008001d7ec                SI_EnablePollingInterrupt
 .text.SI_UnregisterPollingHandler
                0x000000008001d898       0xdc C:/devkitPro/libogc/lib/wii\libogc.a(si.o)
                0x000000008001d898                SI_UnregisterPollingHandler
 .text.__si_init
                0x000000008001d974       0xf8 C:/devkitPro/libogc/lib/wii\libogc.a(si.o)
                0x000000008001d974                __si_init
 .text.__ios_ioctlvformat_parse
                0x000000008001da6c      0x820 C:/devkitPro/libogc/lib/wii\libogc.a(ipc.o)
 .text.__ioctlvfmtCB
                0x000000008001e28c      0x15c C:/devkitPro/libogc/lib/wii\libogc.a(ipc.o)
 .text.__ipc_sendrequest.part.0
                0x000000008001e3e8       0xe4 C:/devkitPro/libogc/lib/wii\libogc.a(ipc.o)
 .text.__ipc_interrupthandler
                0x000000008001e4cc      0x354 C:/devkitPro/libogc/lib/wii\libogc.a(ipc.o)
 .text.__ipc_syncrequest
                0x000000008001e820       0xe8 C:/devkitPro/libogc/lib/wii\libogc.a(ipc.o)
 .text.__ipc_asyncrequest
                0x000000008001e908      0x14c C:/devkitPro/libogc/lib/wii\libogc.a(ipc.o)
 .text.__IPC_Init.part.2
                0x000000008001ea54       0x3c C:/devkitPro/libogc/lib/wii\libogc.a(ipc.o)
 .text.iosCreateHeap
                0x000000008001ea90      0x130 C:/devkitPro/libogc/lib/wii\libogc.a(ipc.o)
                0x000000008001ea90                iosCreateHeap
 .text.iosAlloc
                0x000000008001ebc0       0x30 C:/devkitPro/libogc/lib/wii\libogc.a(ipc.o)
                0x000000008001ebc0                iosAlloc
 .text.iosFree  0x000000008001ebf0       0x28 C:/devkitPro/libogc/lib/wii\libogc.a(ipc.o)
                0x000000008001ebf0                iosFree
 .text.__IPC_ClntInit
                0x000000008001ec18       0xa4 C:/devkitPro/libogc/lib/wii\libogc.a(ipc.o)
                0x000000008001ec18                __IPC_ClntInit
 .text.IOS_Open
                0x000000008001ecbc      0x110 C:/devkitPro/libogc/lib/wii\libogc.a(ipc.o)
                0x000000008001ecbc                IOS_Open
 .text.IOS_Close
                0x000000008001edcc       0xf0 C:/devkitPro/libogc/lib/wii\libogc.a(ipc.o)
                0x000000008001edcc                IOS_Close
 .text.IOS_CloseAsync
                0x000000008001eebc       0xb4 C:/devkitPro/libogc/lib/wii\libogc.a(ipc.o)
                0x000000008001eebc                IOS_CloseAsync
 .text.IOS_Read
                0x000000008001ef70      0x10c C:/devkitPro/libogc/lib/wii\libogc.a(ipc.o)
                0x000000008001ef70                IOS_Read
 .text.IOS_Write
                0x000000008001f07c      0x10c C:/devkitPro/libogc/lib/wii\libogc.a(ipc.o)
                0x000000008001f07c                IOS_Write
 .text.IOS_Ioctl
                0x000000008001f188      0x158 C:/devkitPro/libogc/lib/wii\libogc.a(ipc.o)
                0x000000008001f188                IOS_Ioctl
 .text.IOS_IoctlAsync
                0x000000008001f2e0      0x148 C:/devkitPro/libogc/lib/wii\libogc.a(ipc.o)
                0x000000008001f2e0                IOS_IoctlAsync
 .text.IOS_Ioctlv
                0x000000008001f428      0x1ec C:/devkitPro/libogc/lib/wii\libogc.a(ipc.o)
                0x000000008001f428                IOS_Ioctlv
 .text.IOS_IoctlvAsync
                0x000000008001f614      0x1dc C:/devkitPro/libogc/lib/wii\libogc.a(ipc.o)
                0x000000008001f614                IOS_IoctlvAsync
 .text.IOS_IoctlvFormat
                0x000000008001f7f0      0x170 C:/devkitPro/libogc/lib/wii\libogc.a(ipc.o)
                0x000000008001f7f0                IOS_IoctlvFormat
 .text.IOS_IoctlvReboot
                0x000000008001f960      0x1f0 C:/devkitPro/libogc/lib/wii\libogc.a(ipc.o)
                0x000000008001f960                IOS_IoctlvReboot
 .text.gettick  0x000000008001fb50        0x8 C:/devkitPro/libogc/lib/wii\libogc.a(timesupp.o)
                0x000000008001fb50                gettick
 .text.gettime  0x000000008001fb58       0x18 C:/devkitPro/libogc/lib/wii\libogc.a(timesupp.o)
                0x000000008001fb58                gettime
 .text.settime  0x000000008001fb70       0x14 C:/devkitPro/libogc/lib/wii\libogc.a(timesupp.o)
                0x000000008001fb70                settime
 .text.diff_usec
                0x000000008001fb84       0x88 C:/devkitPro/libogc/lib/wii\libogc.a(timesupp.o)
                0x000000008001fb84                diff_usec
 .text.__timesystem_init
                0x000000008001fc0c       0x1c C:/devkitPro/libogc/lib/wii\libogc.a(timesupp.o)
                0x000000008001fc0c                __timesystem_init
 .text.udelay   0x000000008001fc28       0xac C:/devkitPro/libogc/lib/wii\libogc.a(timesupp.o)
                0x000000008001fc28                udelay
 .text.__libogc_nanosleep
                0x000000008001fcd4      0x144 C:/devkitPro/libogc/lib/wii\libogc.a(timesupp.o)
                0x000000008001fcd4                __libogc_nanosleep
 .text.__libogc_gettod_r
                0x000000008001fe18       0xd4 C:/devkitPro/libogc/lib/wii\libogc.a(timesupp.o)
                0x000000008001fe18                __libogc_gettod_r
 .text.__libogc_lock_init
                0x000000008001feec       0x78 C:/devkitPro/libogc/lib/wii\libogc.a(lock_supp.o)
                0x000000008001feec                __libogc_lock_init
 .text.__libogc_lock_close
                0x000000008001ff64       0x64 C:/devkitPro/libogc/lib/wii\libogc.a(lock_supp.o)
                0x000000008001ff64                __libogc_lock_close
 .text.__libogc_lock_acquire
                0x000000008001ffc8       0x20 C:/devkitPro/libogc/lib/wii\libogc.a(lock_supp.o)
                0x000000008001ffc8                __libogc_lock_acquire
 .text.__libogc_lock_release
                0x000000008001ffe8       0x20 C:/devkitPro/libogc/lib/wii\libogc.a(lock_supp.o)
                0x000000008001ffe8                __libogc_lock_release
 .text.__libc_create_hook
                0x0000000080020008       0x10 C:/devkitPro/libogc/lib/wii\libogc.a(newlibc.o)
                0x0000000080020008                __libc_create_hook
 .text.__libc_start_hook
                0x0000000080020018       0x9c C:/devkitPro/libogc/lib/wii\libogc.a(newlibc.o)
                0x0000000080020018                __libc_start_hook
 .text.__libc_delete_hook
                0x00000000800200b4       0xfc C:/devkitPro/libogc/lib/wii\libogc.a(newlibc.o)
                0x00000000800200b4                __libc_delete_hook
 .text.__libc_init
                0x00000000800201b0       0xb0 C:/devkitPro/libogc/lib/wii\libogc.a(newlibc.o)
                0x00000000800201b0                __libc_init
 .text.__usbgecko_exi_unlock
                0x0000000080020260       0x34 C:/devkitPro/libogc/lib/wii\libogc.a(usbgecko.o)
 .text.__usb_sendbyte
                0x0000000080020294       0xe0 C:/devkitPro/libogc/lib/wii\libogc.a(usbgecko.o)
 .text.__usb_checksend
                0x0000000080020374       0xd8 C:/devkitPro/libogc/lib/wii\libogc.a(usbgecko.o)
                0x0000000080020374                __usb_checksend
 .text.usb_isgeckoalive
                0x000000008002044c      0x1c4 C:/devkitPro/libogc/lib/wii\libogc.a(usbgecko.o)
                0x000000008002044c                usb_isgeckoalive
 .text.usb_sendbuffer_ex
                0x0000000080020610      0x168 C:/devkitPro/libogc/lib/wii\libogc.a(usbgecko.o)
                0x0000000080020610                usb_sendbuffer_ex
 .text.usb_sendbuffer
                0x0000000080020778        0x8 C:/devkitPro/libogc/lib/wii\libogc.a(usbgecko.o)
                0x0000000080020778                usb_sendbuffer
 .text.usb_sendbuffer_safe_ex
                0x0000000080020780      0x1b4 C:/devkitPro/libogc/lib/wii\libogc.a(usbgecko.o)
                0x0000000080020780                usb_sendbuffer_safe_ex
 .text.usb_sendbuffer_safe
                0x0000000080020934        0x8 C:/devkitPro/libogc/lib/wii\libogc.a(usbgecko.o)
                0x0000000080020934                usb_sendbuffer_safe
 .text.__libogc_sbrk_r
                0x000000008002093c      0x29c C:/devkitPro/libogc/lib/wii\libogc.a(sbrk.o)
                0x000000008002093c                __libogc_sbrk_r
 .text.__memlock_init
                0x0000000080020bd8       0x7c C:/devkitPro/libogc/lib/wii\libogc.a(malloc_lock.o)
                0x0000000080020bd8                __memlock_init
 .text.__libogc_malloc_lock
                0x0000000080020c54      0x1f8 C:/devkitPro/libogc/lib/wii\libogc.a(malloc_lock.o)
                0x0000000080020c54                __libogc_malloc_lock
 .text.__libogc_malloc_unlock
                0x0000000080020e4c       0x64 C:/devkitPro/libogc/lib/wii\libogc.a(malloc_lock.o)
                0x0000000080020e4c                __libogc_malloc_unlock
 .text.__STM_SetEventHook
                0x0000000080020eb0       0xb0 C:/devkitPro/libogc/lib/wii\libogc.a(stm.o)
                0x0000000080020eb0                __STM_SetEventHook
 .text.__STM_Init
                0x0000000080020f60       0x94 C:/devkitPro/libogc/lib/wii\libogc.a(stm.o)
                0x0000000080020f60                __STM_Init
 .text.__STMEventHandler
                0x0000000080020ff4       0x60 C:/devkitPro/libogc/lib/wii\libogc.a(stm.o)
 .text.__STM_ReleaseEventHook
                0x0000000080021054       0x80 C:/devkitPro/libogc/lib/wii\libogc.a(stm.o)
                0x0000000080021054                __STM_ReleaseEventHook
 .text.__STM_Close
                0x00000000800210d4       0xac C:/devkitPro/libogc/lib/wii\libogc.a(stm.o)
                0x00000000800210d4                __STM_Close
 .text.STM_RegisterEventHandler
                0x0000000080021180       0x10 C:/devkitPro/libogc/lib/wii\libogc.a(stm.o)
                0x0000000080021180                STM_RegisterEventHandler
 .text.STM_ShutdownToStandby
                0x0000000080021190       0x50 C:/devkitPro/libogc/lib/wii\libogc.a(stm.o)
                0x0000000080021190                STM_ShutdownToStandby
 .text.STM_ShutdownToIdle
                0x00000000800211e0       0x70 C:/devkitPro/libogc/lib/wii\libogc.a(stm.o)
                0x00000000800211e0                STM_ShutdownToIdle
 .text.STM_SetLedMode
                0x0000000080021250       0x40 C:/devkitPro/libogc/lib/wii\libogc.a(stm.o)
                0x0000000080021250                STM_SetLedMode
 .text.STM_RebootSystem
                0x0000000080021290       0x50 C:/devkitPro/libogc/lib/wii\libogc.a(stm.o)
                0x0000000080021290                STM_RebootSystem
 .text.__IOS_InitializeSubsystems
                0x00000000800212e0       0x48 C:/devkitPro/libogc/lib/wii\libogc.a(ios.o)
                0x00000000800212e0                __IOS_InitializeSubsystems
 .text.__IOS_ShutdownSubsystems
                0x0000000080021328       0x48 C:/devkitPro/libogc/lib/wii\libogc.a(ios.o)
                0x0000000080021328                __IOS_ShutdownSubsystems
 .text.__IOS_LoadStartupIOS
                0x0000000080021370        0x8 C:/devkitPro/libogc/lib/wii\libogc.a(ios.o)
                0x0000000080021370                __IOS_LoadStartupIOS
 .text._ES_fillstat
                0x0000000080021378       0xe8 C:/devkitPro/libogc/lib/wii\libogc.a(es.o)
 .text._ES_fstat_r
                0x0000000080021460       0x8c C:/devkitPro/libogc/lib/wii\libogc.a(es.o)
 .text.__ES_Close.part.0
                0x00000000800214ec       0x44 C:/devkitPro/libogc/lib/wii\libogc.a(es.o)
 .text.__ES_Init
                0x0000000080021530       0x78 C:/devkitPro/libogc/lib/wii\libogc.a(es.o)
                0x0000000080021530                __ES_Init
 .text.__ES_Close
                0x00000000800215a8       0x18 C:/devkitPro/libogc/lib/wii\libogc.a(es.o)
                0x00000000800215a8                __ES_Close
 .text.ES_GetTitleID
                0x00000000800215c0       0x80 C:/devkitPro/libogc/lib/wii\libogc.a(es.o)
                0x00000000800215c0                ES_GetTitleID
 .text.ES_LaunchTitle
                0x0000000080021640       0xb4 C:/devkitPro/libogc/lib/wii\libogc.a(es.o)
                0x0000000080021640                ES_LaunchTitle
 .text.ES_GetNumTicketViews
                0x00000000800216f4       0x84 C:/devkitPro/libogc/lib/wii\libogc.a(es.o)
                0x00000000800216f4                ES_GetNumTicketViews
 .text.ES_GetTicketViews
                0x0000000080021778       0x8c C:/devkitPro/libogc/lib/wii\libogc.a(es.o)
                0x0000000080021778                ES_GetTicketViews
 .text.ES_GetStoredTMDSize
                0x0000000080021804       0x84 C:/devkitPro/libogc/lib/wii\libogc.a(es.o)
                0x0000000080021804                ES_GetStoredTMDSize
 .text.ES_GetStoredTMD
                0x0000000080021888       0x90 C:/devkitPro/libogc/lib/wii\libogc.a(es.o)
                0x0000000080021888                ES_GetStoredTMD
 .text._ES_decodepath
                0x0000000080021918      0x370 C:/devkitPro/libogc/lib/wii\libogc.a(es.o)
 .text._ES_stat_r
                0x0000000080021c88       0x5c C:/devkitPro/libogc/lib/wii\libogc.a(es.o)
 .text.ES_OpenContent
                0x0000000080021ce4       0x30 C:/devkitPro/libogc/lib/wii\libogc.a(es.o)
                0x0000000080021ce4                ES_OpenContent
 .text.ES_OpenTitleContent
                0x0000000080021d14       0x70 C:/devkitPro/libogc/lib/wii\libogc.a(es.o)
                0x0000000080021d14                ES_OpenTitleContent
 .text._ES_open_r
                0x0000000080021d84      0x13c C:/devkitPro/libogc/lib/wii\libogc.a(es.o)
 .text.ES_ReadContent
                0x0000000080021ec0       0x6c C:/devkitPro/libogc/lib/wii\libogc.a(es.o)
                0x0000000080021ec0                ES_ReadContent
 .text._ES_read_r
                0x0000000080021f2c      0x1c8 C:/devkitPro/libogc/lib/wii\libogc.a(es.o)
 .text.ES_SeekContent
                0x00000000800220f4       0x4c C:/devkitPro/libogc/lib/wii\libogc.a(es.o)
                0x00000000800220f4                ES_SeekContent
 .text._ES_seek_r
                0x0000000080022140       0xb8 C:/devkitPro/libogc/lib/wii\libogc.a(es.o)
 .text.ES_CloseContent
                0x00000000800221f8       0x40 C:/devkitPro/libogc/lib/wii\libogc.a(es.o)
                0x00000000800221f8                ES_CloseContent
 .text._ES_close_r
                0x0000000080022238       0x8c C:/devkitPro/libogc/lib/wii\libogc.a(es.o)
 .text.__usbv5_messageCB
                0x00000000800222c4       0x5c C:/devkitPro/libogc/lib/wii\libogc.a(usb.o)
 .text.__usbv0_messageCB
                0x0000000080022320       0xb0 C:/devkitPro/libogc/lib/wii\libogc.a(usb.o)
 .text.__usb_control_message
                0x00000000800223d0      0x474 C:/devkitPro/libogc/lib/wii\libogc.a(usb.o)
 .text.__find_device_on_host.part.0
                0x0000000080022844       0x4c C:/devkitPro/libogc/lib/wii\libogc.a(usb.o)
 .text.USBV5_SuspendResume
                0x0000000080022890       0xe4 C:/devkitPro/libogc/lib/wii\libogc.a(usb.o)
 .text.__usbv5_devicechangeCB
                0x0000000080022974      0x134 C:/devkitPro/libogc/lib/wii\libogc.a(usb.o)
 .text.__usbv5_attachfinishCB
                0x0000000080022aa8       0xec C:/devkitPro/libogc/lib/wii\libogc.a(usb.o)
 .text.USB_FreeDescriptors.part.4
                0x0000000080022b94       0xfc C:/devkitPro/libogc/lib/wii\libogc.a(usb.o)
 .text.USB_Deinitialize
                0x0000000080022c90       0xc8 C:/devkitPro/libogc/lib/wii\libogc.a(usb.o)
                0x0000000080022c90                USB_Deinitialize
 .text.USB_Initialize
                0x0000000080022d58      0x2f0 C:/devkitPro/libogc/lib/wii\libogc.a(usb.o)
                0x0000000080022d58                USB_Initialize
 .text.USBV5_CloseDevice
                0x0000000080023048       0xf0 C:/devkitPro/libogc/lib/wii\libogc.a(usb.o)
                0x0000000080023048                USBV5_CloseDevice
 .text.USB_CloseDeviceAsync
                0x0000000080023138       0xd0 C:/devkitPro/libogc/lib/wii\libogc.a(usb.o)
                0x0000000080023138                USB_CloseDeviceAsync
 .text.USB_GetDescriptors
                0x0000000080023208      0xb54 C:/devkitPro/libogc/lib/wii\libogc.a(usb.o)
                0x0000000080023208                USB_GetDescriptors
 .text.USB_ReadIntrMsgAsync
                0x0000000080023d5c      0x27c C:/devkitPro/libogc/lib/wii\libogc.a(usb.o)
                0x0000000080023d5c                USB_ReadIntrMsgAsync
 .text.USB_ReadBlkMsgAsync